206.113.193.50 - - [09/Apr/2009:19:02:11 +0900] "GET /wordpress/?feed=rss2 HTTP/1.1" 200 0 "" "BlogPulseLive (support@blogpulse.com)"
210.188.220.161 - - [09/Apr/2009:19:02:13 +0900] "GET /wordpress/?p=304 HTTP/1.0" 200 0 "" ""
210.188.220.161 - - [09/Apr/2009:19:02:14 +0900] "GET /wordpress/?p=299 HTTP/1.0" 200 0 "" ""
210.188.220.161 - - [09/Apr/2009:19:02:34 +0900] "GET /wordpress/wp-cron.php?check=1e91024afe55c29758a38699a2480175 HTTP/1.0" 200 0 "" ""
210.188.220.161 - - [09/Apr/2009:19:02:35 +0900] "GET /wordpress/?p=299 HTTP/1.0" 200 0 "" ""
116.65.47.143 - - [09/Apr/2009:19:03:03 +0900] "GET /wordpress/?s=blog.elder-alliance.org HTTP/1.1" 200 0 "http://www.elder-alliance.org/wordpress/?s=blog.elder-alliance.org" "Mozilla/5.0 (Windows; U; Windows NT 5.1; ja; rv:1.9.0.8) Gecko/2009032609 Firefox/3.0.8 (.NET CLR 3.5.30729)"
116.65.47.143 - - [09/Apr/2009:19:03:32 +0900] "GET /wordpress/?tag=%e3%82%b3%e3%83%b3%e3%83%94%e3%83%a5%e3%83%bc%e3%82%bf HTTP/1.1" 200 0 "http://www.elder-alliance.org/wordpress/?s=blog.elder-alliance.org" "Mozilla/5.0 (Windows; U; Windows NT 5.1; ja; rv:1.9.0.8) Gecko/2009032609 Firefox/3.0.8 (.NET CLR 3.5.30729)"
116.65.47.143 - - [09/Apr/2009:19:03:42 +0900] "GET /wordpress/?tag=%E3%82%B3%E3%83%B3%E3%83%94%E3%83%A5%E3%83%BC%E3%82%BF&paged=2 HTTP/1.1" 200 0 "http://www.elder-alliance.org/wordpress/?tag=%e3%82%b3%e3%83%b3%e3%83%94%e3%83%a5%e3%83%bc%e3%82%bf" "Mozilla/5.0 (Windows; U; Windows NT 5.1; ja; rv:1.9.0.8) Gecko/2009032609 Firefox/3.0.8 (.NET CLR 3.5.30729)"
116.65.47.143 - - [09/Apr/2009:19:03:46 +0900] "GET /wordpress/?p=202 HTTP/1.1" 200 0 "http://www.elder-alliance.org/wordpress/?tag=%E3%82%B3%E3%83%B3%E3%83%94%E3%83%A5%E3%83%BC%E3%82%BF&paged=2" "Mozilla/5.0 (Windows; U; Windows NT 5.1; ja; rv:1.9.0.8) Gecko/2009032609 Firefox/3.0.8 (.NET CLR 3.5.30729)"
210.188.220.161 - - [09/Apr/2009:19:04:04 +0900] "GET /wordpress/wp-cron.php?check=1e91024afe55c29758a38699a2480175 HTTP/1.0" 200 0 "" ""
210.188.220.161 - - [09/Apr/2009:19:04:05 +0900] "GET /wordpress/?p=202 HTTP/1.0" 200 0 "" ""
210.188.220.161 - - [09/Apr/2009:19:04:05 +0900] "POST /wordpress/xmlrpc.php HTTP/1.0" 200 0 "" "The Incutio XML-RPC PHP Library -- WordPress/2.7.1"
210.188.220.161 - - [09/Apr/2009:19:04:06 +0900] "GET /wordpress/?p=304 HTTP/1.0" 200 0 "" ""
210.188.220.161 - - [09/Apr/2009:19:04:07 +0900] "GET /wordpress/?p=299 HTTP/1.0" 200 0 "" ""
210.188.220.161 - - [09/Apr/2009:19:04:08 +0900] "GET /wordpress/?p=202 HTTP/1.0" 200 0 "" ""
116.65.47.143 - - [09/Apr/2009:19:04:10 +0900] "GET /wordpress/?s=blog.elder-alliance.org HTTP/1.1" 200 0 "http://www.elder-alliance.org/wordpress/?s=blog.elder-alliance.org" "Mozilla/5.0 (Windows; U; Windows NT 5.1; ja; rv:1.9.0.8) Gecko/2009032609 Firefox/3.0.8 (.NET CLR 3.5.30729)"
210.188.220.161 - - [09/Apr/2009:19:04:34 +0900] "GET /wordpress/wp-cron.php?check=1e91024afe55c29758a38699a2480175 HTTP/1.0" 200 0 "" ""
210.188.220.161 - - [09/Apr/2009:19:05:57 +0900] "GET /wordpress/wp-cron.php?check=1e91024afe55c29758a38699a2480175 HTTP/1.0" 200 0 "" ""
38.117.108.131 - - [09/Apr/2009:19:06:42 +0900] "GET /wordpress/ HTTP/1.1" 200 0 "" "Java/1.6.0_11"
38.117.108.131 - - [09/Apr/2009:19:06:45 +0900] "GET /wordpress/ HTTP/1.1" 200 0 "" "HTMLParser/1.6"
210.188.220.161 - - [09/Apr/2009:19:06:46 +0900] "GET /wordpress/wp-cron.php?check=1e91024afe55c29758a38699a2480175 HTTP/1.0" 200 0 "" ""
38.117.108.131 - - [09/Apr/2009:19:06:47 +0900] "GET /wordpress/?feed=rss2 HTTP/1.1" 200 0 "" "Rome Client (http://tinyurl.com/64t5n) Ver: 0.9"
210.188.220.161 - - [09/Apr/2009:19:07:38 +0900] "GET /wordpress/wp-cron.php?check=1e91024afe55c29758a38699a2480175 HTTP/1.0" 200 0 "" ""
210.188.220.161 - - [09/Apr/2009:19:09:15 +0900] "GET /wordpress/wp-cron.php?check=1e91024afe55c29758a38699a2480175 HTTP/1.0" 200 0 "" ""
210.188.220.161 - - [09/Apr/2009:19:09:59 +0900] "GET /wordpress/wp-cron.php?check=1e91024afe55c29758a38699a2480175 HTTP/1.0" 200 0 "" ""
210.188.220.161 - - [09/Apr/2009:19:10:00 +0900] "GET /wordpress/?p=305&cpage=1 HTTP/1.0" 200 0 "" ""
210.188.220.161 - - [09/Apr/2009:19:10:01 +0900] "POST /wordpress/xmlrpc.php HTTP/1.0" 200 0 "" "The Incutio XML-RPC PHP Library -- WordPress/2.7.1"
210.188.220.161 - - [09/Apr/2009:19:10:02 +0900] "GET /wordpress/?p=1 HTTP/1.0" 200 0 "" ""
210.188.220.161 - - [09/Apr/2009:19:10:03 +0900] "GET /wordpress/?p=305&cpage=1 HTTP/1.0" 200 0 "" ""
210.188.220.161 - - [09/Apr/2009:19:10:36 +0900] "GET /wordpress/wp-cron.php?check=1e91024afe55c29758a38699a2480175 HTTP/1.0" 200 0 "" ""
210.188.220.161 - - [09/Apr/2009:19:11:00 +0900] "GET /wordpress/wp-cron.php?check=1e91024afe55c29758a38699a2480175 HTTP/1.0" 200 0 "" ""
210.188.220.161 - - [09/Apr/2009:19:11:00 +0900] "GET /wordpress/?p=1&cpage=1 HTTP/1.0" 200 0 "" ""
210.188.220.161 - - [09/Apr/2009:19:11:01 +0900] "POST /wordpress/xmlrpc.php HTTP/1.0" 200 0 "" "The Incutio XML-RPC PHP Library -- WordPress/2.7.1"
210.188.220.161 - - [09/Apr/2009:19:11:03 +0900] "GET /wordpress/?p=316 HTTP/1.0" 200 0 "" ""
210.188.220.161 - - [09/Apr/2009:19:11:05 +0900] "GET /wordpress/?p=1&cpage=1 HTTP/1.0" 200 0 "" ""
116.65.47.143 - - [09/Apr/2009:19:11:32 +0900] "GET /wordpress/ HTTP/1.1" 200 0 "http://www.elder-alliance.org/wordpress/?p=304" "Mozilla/5.0 (Windows; U; Windows NT 5.1; ja; rv:1.9.0.8) Gecko/2009032609 Firefox/3.0.8 (.NET CLR 3.5.30729)"
116.65.47.143 - - [09/Apr/2009:19:11:38 +0900] "GET /wordpress/?tag=%e6%8a%80%e8%a1%93%e7%b3%bb HTTP/1.1" 200 0 "http://www.elder-alliance.org/wordpress/" "Mozilla/5.0 (Windows; U; Windows NT 5.1; ja; rv:1.9.0.8) Gecko/2009032609 Firefox/3.0.8 (.NET CLR 3.5.30729)"
116.65.47.143 - - [09/Apr/2009:19:11:40 +0900] "GET /wordpress/?tag=%e9%9b%91%e8%a8%98 HTTP/1.1" 200 0 "http://www.elder-alliance.org/wordpress/" "Mozilla/5.0 (Windows; U; Windows NT 5.1; ja; rv:1.9.0.8) Gecko/2009032609 Firefox/3.0.8 (.NET CLR 3.5.30729)"
210.188.220.161 - - [09/Apr/2009:19:12:22 +0900] "GET /wordpress/wp-cron.php?check=1e91024afe55c29758a38699a2480175 HTTP/1.0" 200 0 "" ""
210.188.220.161 - - [09/Apr/2009:19:12:55 +0900] "GET /wordpress/wp-cron.php?check=1e91024afe55c29758a38699a2480175 HTTP/1.0" 200 0 "" ""
210.188.220.161 - - [09/Apr/2009:19:13:53 +0900] "GET /wordpress/wp-cron.php?check=1e91024afe55c29758a38699a2480175 HTTP/1.0" 200 0 "" ""
210.188.220.161 - - [09/Apr/2009:19:14:48 +0900] "GET /wordpress/wp-cron.php?check=1e91024afe55c29758a38699a2480175 HTTP/1.0" 200 0 "" ""
116.65.47.143 - - [09/Apr/2009:19:15:09 +0900] "GET /wordpress/?tag=%e6%8a%80%e8%a1%93%e7%b3%bb HTTP/1.1" 200 0 "http://www.elder-alliance.org/wordpress/" "Mozilla/5.0 (Windows; U; Windows NT 5.1; ja; rv:1.9.0.8) Gecko/2009032609 Firefox/3.0.8 (.NET CLR 3.5.30729)"
210.188.220.161 - - [09/Apr/2009:19:16:20 +0900] "GET /wordpress/wp-cron.php?check=1e91024afe55c29758a38699a2480175 HTTP/1.0" 200 0 "" ""
210.188.220.161 - - [09/Apr/2009:19:17:13 +0900] "GET /wordpress/wp-cron.php?check=1e91024afe55c29758a38699a2480175 HTTP/1.0" 200 0 "" ""
210.188.220.161 - - [09/Apr/2009:19:17:39 +0900] "GET /wordpress/wp-cron.php?check=1e91024afe55c29758a38699a2480175 HTTP/1.0" 200 0 "" ""
210.188.220.161 - - [09/Apr/2009:19:18:05 +0900] "GET /wordpress/wp-cron.php?check=1e91024afe55c29758a38699a2480175 HTTP/1.0" 200 0 "" ""
210.188.220.161 - - [09/Apr/2009:19:18:29 +0900] "GET /wordpress/wp-cron.php?check=1e91024afe55c29758a38699a2480175 HTTP/1.0" 200 0 "" ""
116.65.47.143 - - [09/Apr/2009:19:38:46 +0900] "GET /wordpress/?tag=%e9%9b%91%e8%a8%98 HTTP/1.1" 200 0 "http://www.elder-alliance.org/wordpress/" "Mozilla/5.0 (Windows; U; Windows NT 5.1; ja; rv:1.9.0.8) Gecko/2009032609 Firefox/3.0.8 (.NET CLR 3.5.30729)"
210.188.220.161 - - [09/Apr/2009:19:40:09 +0900] "GET /wordpress/wp-cron.php?check=1e91024afe55c29758a38699a2480175 HTTP/1.0" 200 0 "" ""
210.188.220.161 - - [09/Apr/2009:19:40:56 +0900] "GET /wordpress/wp-cron.php?check=1e91024afe55c29758a38699a2480175 HTTP/1.0" 200 0 "" ""
210.188.220.161 - - [09/Apr/2009:19:41:31 +0900] "GET /wordpress/wp-cron.php?check=1e91024afe55c29758a38699a2480175 HTTP/1.0" 200 0 "" ""
210.188.220.161 - - [09/Apr/2009:19:42:03 +0900] "GET /wordpress/wp-cron.php?check=1e91024afe55c29758a38699a2480175 HTTP/1.0" 200 0 "" ""
116.65.47.143 - - [09/Apr/2009:19:42:20 +0900] "GET /wordpress/?p=53 HTTP/1.1" 200 0 "http://www.elder-alliance.org/wordpress/wp-admin/post.php?action=edit&post=53&_wp_original_http_referer=http%3A%2F%2Fwww.elder-alliance.org%2Fwordpress%2Fwp-admin%2Fedit.php%3Fs%26mode%3Dlist%26action%3D-1%26m%3D200608%26cat%3D0%26action2%3D-1%26paged%3D2&message=1" "Mozilla/5.0 (Windows; U; Windows NT 5.1; ja; rv:1.9.0.8) Gecko/2009032609 Firefox/3.0.8 (.NET CLR 3.5.30729)"
210.188.220.161 - - [09/Apr/2009:19:42:46 +0900] "GET /wordpress/wp-cron.php?check=1e91024afe55c29758a38699a2480175 HTTP/1.0" 200 0 "" ""
116.65.47.143 - - [09/Apr/2009:19:43:25 +0900] "GET /wordpress/?tag=%e9%9b%91%e8%a8%98 HTTP/1.1" 200 0 "http://www.elder-alliance.org/wordpress/" "Mozilla/5.0 (Windows; U; Windows NT 5.1; ja; rv:1.9.0.8) Gecko/2009032609 Firefox/3.0.8 (.NET CLR 3.5.30729)"
116.65.47.143 - - [09/Apr/2009:19:43:45 +0900] "GET /wordpress/ HTTP/1.1" 200 0 "http://www.elder-alliance.org/wordpress/" "Mozilla/5.0 (Windows; U; Windows NT 5.1; ja; rv:1.9.0.8) Gecko/2009032609 Firefox/3.0.8 (.NET CLR 3.5.30729)"
209.249.53.203 - - [09/Apr/2009:19:44:16 +0900] "GET /wordpress/?feed=rss2 HTTP/1.0" 200 0 "" ""
210.188.220.161 - - [09/Apr/2009:19:44:27 +0900] "GET /wordpress/wp-cron.php?check=1e91024afe55c29758a38699a2480175 HTTP/1.0" 200 0 "" ""
210.188.220.161 - - [09/Apr/2009:19:45:09 +0900] "GET /wordpress/wp-cron.php?check=1e91024afe55c29758a38699a2480175 HTTP/1.0" 200 0 "" ""
116.65.47.143 - - [09/Apr/2009:19:45:14 +0900] "GET /wordpress/?p=254 HTTP/1.1" 200 0 "http://www.elder-alliance.org/wordpress/wp-admin/post.php?action=edit&post=254" "Mozilla/5.0 (Windows; U; Windows NT 5.1; ja; rv:1.9.0.8) Gecko/2009032609 Firefox/3.0.8 (.NET CLR 3.5.30729)"
219.112.245.23 - - [09/Apr/2009:19:45:50 +0900] "GET /wordpress/?feed=rss2 HTTP/1.1" 200 0 "" "mixi-crawler/2.00 (http://mixi.jp/)"
66.249.70.90 - - [09/Apr/2009:19:45:59 +0900] "GET /wordpress/?feed=atom HTTP/1.1" 200 0 "" "Mozilla/5.0 (compatible; Googlebot/2.1; +http://www.google.com/bot.html)"
66.249.70.90 - - [09/Apr/2009:19:46:01 +0900] "GET /wordpress/ HTTP/1.1" 200 0 "" "Mozilla/5.0 (compatible; Googlebot/2.1; +http://www.google.com/bot.html)"
116.65.47.143 - - [09/Apr/2009:19:46:50 +0900] "GET /wordpress/ HTTP/1.1" 200 0 "http://www.elder-alliance.org/wordpress/" "Mozilla/5.0 (Windows; U; Windows NT 5.1; ja; rv:1.9.0.8) Gecko/2009032609 Firefox/3.0.8 (.NET CLR 3.5.30729)"
210.188.220.161 - - [09/Apr/2009:19:47:14 +0900] "GET /wordpress/wp-cron.php?check=1e91024afe55c29758a38699a2480175 HTTP/1.0" 200 0 "" ""
116.65.47.143 - - [09/Apr/2009:19:47:19 +0900] "GET /wordpress/?p=765 HTTP/1.1" 200 0 "http://www.elder-alliance.org/wordpress/wp-admin/post.php?action=edit&post=765&message=6" "Mozilla/5.0 (Windows; U; Windows NT 5.1; ja; rv:1.9.0.8) Gecko/2009032609 Firefox/3.0.8 (.NET CLR 3.5.30729)"
116.65.47.143 - - [09/Apr/2009:19:47:44 +0900] "GET /wordpress/ HTTP/1.1" 200 0 "http://www.elder-alliance.org/wordpress/" "Mozilla/5.0 (Windows; U; Windows NT 5.1; ja; rv:1.9.0.8) Gecko/2009032609 Firefox/3.0.8 (.NET CLR 3.5.30729)"
114.48.166.249 - - [09/Apr/2009:19:52:42 +0900] "GET /wordpress/ HTTP/1.1" 200 0 "http://www.elder-alliance.org/" "Mozilla/5.0 (Windows; U; Windows NT 5.1; ja; rv:1.9.0.8) Gecko/2009032609 Firefox/3.0.8"
116.65.47.143 - - [09/Apr/2009:20:07:36 +0900] "GET /wordpress/ HTTP/1.1" 200 0 "http://www.elder-alliance.org/wordpress/" "Mozilla/4.0 (compatible; MSIE 7.0; Windows NT 5.1; Trident/4.0; .NET CLR 1.1.4322; .NET CLR 2.0.50727; .NET CLR 3.0.4506.2152; .NET CLR 3.5.30729)"
116.65.47.143 - - [09/Apr/2009:20:07:59 +0900] "GET /wordpress/ HTTP/1.1" 200 0 "http://www.elder-alliance.org/wordpress/" "Mozilla/5.0 (Windows; U; Windows NT 5.1; ja; rv:1.9.0.8) Gecko/2009032609 Firefox/3.0.8 (.NET CLR 3.5.30729)"
69.36.158.7 - - [09/Apr/2009:20:40:54 +0900] "GET /wordpress/?feed=rss2 HTTP/1.0" 200 0 "" "Moreoverbot/5.00 (+http://www.moreover.com; webmaster@moreover.com)"
66.249.70.90 - - [09/Apr/2009:20:40:59 +0900] "GET /wordpress/?feed=atom HTTP/1.1" 200 0 "" "Mozilla/5.0 (compatible; Googlebot/2.1; +http://www.google.com/bot.html)"
66.249.70.90 - - [09/Apr/2009:20:41:01 +0900] "GET /wordpress/ HTTP/1.1" 200 0 "" "Mozilla/5.0 (compatible; Googlebot/2.1; +http://www.google.com/bot.html)"
206.113.193.50 - - [09/Apr/2009:20:48:24 +0900] "GET /wordpress/?feed=rss2 HTTP/1.1" 200 0 "" "BlogPulseLive (support@blogpulse.com)"
210.132.128.91 - - [09/Apr/2009:20:49:42 +0900] "GET /wordpress/ HTTP/1.1" 200 0 "http://blog.elder-alliance.org/" "Mozilla/4.0 (compatible; MSIE 6.0; Windows NT 5.1; SV1; .NET CLR 1.1.4322; .NET CLR 2.0.50727)"
38.117.108.131 - - [09/Apr/2009:20:54:02 +0900] "GET /wordpress/ HTTP/1.1" 200 0 "" "Java/1.6.0_11"
38.117.108.131 - - [09/Apr/2009:20:54:04 +0900] "GET /wordpress/ HTTP/1.1" 200 0 "" "HTMLParser/1.6"
38.117.108.131 - - [09/Apr/2009:20:54:05 +0900] "GET /wordpress/?feed=rss2 HTTP/1.1" 200 0 "" "Rome Client (http://tinyurl.com/64t5n) Ver: 0.9"
209.249.53.60 - - [09/Apr/2009:21:02:30 +0900] "GET /wordpress/?p=496 HTTP/1.0" 200 0 "" ""
114.182.51.24 - - [09/Apr/2009:21:17:22 +0900] "GET /wordpress/?p=316 HTTP/1.1" 200 0 "http://mixi.jp/view_diary.pl?url=http%3A%2F%2Fwww.elder-alliance.org%2Fwordpress%2F%3Fp%3D316&owner_id=1219747" "Mozilla/5.0 (Windows; U; Windows NT 6.0; ja; rv:1.9.1b3) Gecko/20090305 Firefox/3.1b3"
114.182.51.24 - - [09/Apr/2009:21:17:51 +0900] "GET /wordpress/ HTTP/1.1" 200 0 "http://www.elder-alliance.org/wordpress/?p=316" "Mozilla/5.0 (Windows; U; Windows NT 6.0; ja; rv:1.9.1b3) Gecko/20090305 Firefox/3.1b3"
116.65.47.143 - - [09/Apr/2009:21:25:40 +0900] "GET /wordpress/?p=316 HTTP/1.1" 200 0 "http://www.elder-alliance.org/wordpress/" "Mozilla/5.0 (Windows; U; Windows NT 5.1; ja; rv:1.9.0.8) Gecko/2009032609 Firefox/3.0.8 (.NET CLR 3.5.30729)"
116.65.47.143 - - [09/Apr/2009:21:25:51 +0900] "GET /wordpress/?p=1 HTTP/1.1" 200 0 "http://www.elder-alliance.org/wordpress/" "Mozilla/5.0 (Windows; U; Windows NT 5.1; ja; rv:1.9.0.8) Gecko/2009032609 Firefox/3.0.8 (.NET CLR 3.5.30729)"
116.65.47.143 - - [09/Apr/2009:21:26:55 +0900] "GET /wordpress/?paged=2 HTTP/1.1" 200 0 "http://www.elder-alliance.org/wordpress/" "Mozilla/5.0 (Windows; U; Windows NT 5.1; ja; rv:1.9.0.8) Gecko/2009032609 Firefox/3.0.8 (.NET CLR 3.5.30729)"
64.1.215.164 - - [09/Apr/2009:21:27:19 +0900] "GET /wordpress/ HTTP/1.0" 200 0 "" "Mozilla/5.0 (Twiceler-0.9 http://www.cuil.com/twiceler/robot.html)"
116.65.47.143 - - [09/Apr/2009:21:28:39 +0900] "GET /wordpress/?paged=3 HTTP/1.1" 200 0 "http://www.elder-alliance.org/wordpress/?paged=2" "Mozilla/5.0 (Windows; U; Windows NT 5.1; ja; rv:1.9.0.8) Gecko/2009032609 Firefox/3.0.8 (.NET CLR 3.5.30729)"
116.65.47.143 - - [09/Apr/2009:21:29:10 +0900] "GET /wordpress/?m=20090409 HTTP/1.1" 200 0 "http://www.elder-alliance.org/wordpress/?paged=3" "Mozilla/5.0 (Windows; U; Windows NT 5.1; ja; rv:1.9.0.8) Gecko/2009032609 Firefox/3.0.8 (.NET CLR 3.5.30729)"
116.65.47.143 - - [09/Apr/2009:21:30:08 +0900] "GET /wordpress/ HTTP/1.1" 200 0 "http://www.elder-alliance.org/wordpress/?m=20090409" "Mozilla/5.0 (Windows; U; Windows NT 5.1; ja; rv:1.9.0.8) Gecko/2009032609 Firefox/3.0.8 (.NET CLR 3.5.30729)"
116.65.47.143 - - [09/Apr/2009:21:30:26 +0900] "GET /wordpress/?tag=%e8%ab%96%e8%aa%ac HTTP/1.1" 200 0 "http://www.elder-alliance.org/wordpress/" "Mozilla/5.0 (Windows; U; Windows NT 5.1; ja; rv:1.9.0.8) Gecko/2009032609 Firefox/3.0.8 (.NET CLR 3.5.30729)"
116.65.47.143 - - [09/Apr/2009:21:30:38 +0900] "GET /wordpress/?p=264 HTTP/1.1" 200 0 "http://www.elder-alliance.org/wordpress/?tag=%e8%ab%96%e8%aa%ac" "Mozilla/5.0 (Windows; U; Windows NT 5.1; ja; rv:1.9.0.8) Gecko/2009032609 Firefox/3.0.8 (.NET CLR 3.5.30729)"
219.112.245.23 - - [09/Apr/2009:21:47:07 +0900] "GET /wordpress/?feed=rss2 HTTP/1.1" 200 0 "" "mixi-crawler/2.00 (http://mixi.jp/)"
210.188.220.161 - - [09/Apr/2009:22:13:11 +0900] "GET /wordpress/wp-cron.php?check=1e91024afe55c29758a38699a2480175 HTTP/1.0" 200 0 "" ""
219.112.246.154 - - [09/Apr/2009:22:13:12 +0900] "GET /wordpress/?p=765 HTTP/1.0" 200 0 "" "mixi-mobile-converter/1.0 (http://mixi.jp/)"
69.36.158.7 - - [09/Apr/2009:22:21:46 +0900] "GET /wordpress/?feed=rss2 HTTP/1.0" 200 0 "" "Moreoverbot/5.00 (+http://www.moreover.com; webmaster@moreover.com)"
66.249.70.90 - - [09/Apr/2009:22:21:52 +0900] "GET /wordpress/?feed=atom HTTP/1.1" 200 0 "" "Mozilla/5.0 (compatible; Googlebot/2.1; +http://www.google.com/bot.html)"
66.249.70.90 - - [09/Apr/2009:22:21:52 +0900] "GET /wordpress/ HTTP/1.1" 200 0 "" "Mozilla/5.0 (compatible; Googlebot/2.1; +http://www.google.com/bot.html)"
61.116.221.168 - - [09/Apr/2009:22:24:24 +0900] "GET /wordpress/?p=765 HTTP/1.1" 200 0 "http://mixi.jp/view_diary.pl?url=http%3A%2F%2Fwww.elder-alliance.org%2Fwordpress%2F%3Fp%3D765&owner_id=1219747" "Mozilla/4.0 (compatible; MSIE 7.0; Windows NT 5.1; .NET CLR 1.1.4322; .NET CLR 2.0.50727)"
206.113.193.50 - - [09/Apr/2009:22:29:45 +0900] "GET /wordpress/?feed=rss2 HTTP/1.1" 200 0 "" "BlogPulseLive (support@blogpulse.com)"
38.117.108.131 - - [09/Apr/2009:22:30:00 +0900] "GET /wordpress/ HTTP/1.1" 200 0 "" "Java/1.6.0_11"
38.117.108.131 - - [09/Apr/2009:22:30:02 +0900] "GET /wordpress/ HTTP/1.1" 200 0 "" "HTMLParser/1.6"
38.117.108.131 - - [09/Apr/2009:22:30:04 +0900] "GET /wordpress/?feed=rss2 HTTP/1.1" 200 0 "" "Rome Client (http://tinyurl.com/64t5n) Ver: 0.9"
209.249.53.62 - - [09/Apr/2009:22:40:51 +0900] "GET /wordpress/?feed=rss2 HTTP/1.0" 200 0 "" ""
116.65.47.143 - - [09/Apr/2009:23:02:29 +0900] "GET /wordpress/ HTTP/1.1" 200 0 "http://www.elder-alliance.org/wordpress/" "Mozilla/5.0 (Windows; U; Windows NT 5.1; ja; rv:1.9.0.8) Gecko/2009032609 Firefox/3.0.8 (.NET CLR 3.5.30729)"
61.215.33.74 - - [09/Apr/2009:23:13:51 +0900] "GET /wordpress/?p=765 HTTP/1.1" 200 0 "http://mixi.jp/view_diary.pl?url=http%3A%2F%2Fwww.elder-alliance.org%2Fwordpress%2F%3Fp%3D765&owner_id=1219747" "Mozilla/5.0 (Windows; U; Windows NT 5.1; ja; rv:1.9.0.8) Gecko/2009032609 Firefox/3.0.8"
119.82.205.21 - - [09/Apr/2009:23:14:59 +0900] "GET /wordpress/?p=765 HTTP/1.1" 200 0 "http://mixi.jp/view_diary.pl?url=http%3A%2F%2Fwww.elder-alliance.org%2Fwordpress%2F%3Fp%3D765&owner_id=1219747" "Mozilla/4.0 (compatible; MSIE 7.0; Windows NT 5.1)"
116.65.47.143 - - [09/Apr/2009:23:35:22 +0900] "GET /wordpress/?p=496 HTTP/1.1" 200 0 "http://www.elder-alliance.org/wordpress/" "Mozilla/5.0 (Windows; U; Windows NT 5.1; ja; rv:1.9.0.8) Gecko/2009032609 Firefox/3.0.8 (.NET CLR 3.5.30729)"
124.210.41.143 - - [09/Apr/2009:23:45:28 +0900] "GET /wordpress/?p=765 HTTP/1.1" 200 0 "http://mixi.jp/view_diary.pl?url=http%3A%2F%2Fwww.elder-alliance.org%2Fwordpress%2F%3Fp%3D765&owner_id=1219747" "Mozilla/4.0 (compatible; MSIE 6.0; Windows NT 5.1; SV1)"
219.112.245.23 - - [09/Apr/2009:23:48:32 +0900] "GET /wordpress/?feed=rss2 HTTP/1.1" 200 0 "" "mixi-crawler/2.00 (http://mixi.jp/)"
61.124.52.26 - - [10/Apr/2009:00:01:25 +0900] "GET /wordpress/?p=765 HTTP/1.1" 200 0 "http://mixi.jp/view_diary.pl?url=http%3A%2F%2Fwww.elder-alliance.org%2Fwordpress%2F%3Fp%3D765&owner_id=1219747&survey.ref=toolbar" "Mozilla/5.0 (Windows; U; Windows NT 5.1; ja; rv:1.9.0.8) Gecko/2009032609 Firefox/3.0.8 (.NET CLR 3.5.30729)"
61.124.52.26 - - [10/Apr/2009:00:02:29 +0900] "GET /wordpress/?p=496 HTTP/1.1" 200 0 "http://www.elder-alliance.org/wordpress/?p=765" "Mozilla/5.0 (Windows; U; Windows NT 5.1; ja; rv:1.9.0.8) Gecko/2009032609 Firefox/3.0.8 (.NET CLR 3.5.30729)"
69.36.158.7 - - [10/Apr/2009:00:08:17 +0900] "GET /wordpress/ HTTP/1.0" 200 0 "" "Moreoverbot/5.00 (+http://www.moreover.com; webmaster@moreover.com)"
69.36.158.7 - - [10/Apr/2009:00:08:23 +0900] "GET /wordpress/?feed=rss2 HTTP/1.0" 200 0 "" "Moreoverbot/5.00 (+http://www.moreover.com; webmaster@moreover.com)"
125.54.114.3 - - [10/Apr/2009:00:14:46 +0900] "GET /wordpress/?p=496 HTTP/1.1" 200 0 "http://mixi.jp/view_diary.pl?url=http%3A%2F%2Fwww.elder-alliance.org%2Fwordpress%2F%3Fp%3D496&owner_id=1219747" "Mozilla/5.0 (Windows; U; Windows NT 6.0; ja; rv:1.9.0.8) Gecko/2009032609 Firefox/3.0.8 (.NET CLR 3.5.30729)"
125.54.114.3 - - [10/Apr/2009:00:15:20 +0900] "GET /wordpress/?p=765 HTTP/1.1" 200 0 "http://mixi.jp/view_diary.pl?url=http%3A%2F%2Fwww.elder-alliance.org%2Fwordpress%2F%3Fp%3D765&owner_id=1219747" "Mozilla/5.0 (Windows; U; Windows NT 6.0; ja; rv:1.9.0.8) Gecko/2009032609 Firefox/3.0.8 (.NET CLR 3.5.30729)"
209.249.53.51 - - [10/Apr/2009:00:20:15 +0900] "GET /wordpress/?p=765 HTTP/1.0" 200 0 "" ""
211.121.100.248 - - [10/Apr/2009:00:27:27 +0900] "GET /wordpress/ HTTP/1.1" 200 0 "http://www.elder-alliance.org/" "Mozilla/5.0 (Windows; U; Windows NT 5.1; ja; rv:1.9.0.5) Gecko/2008120122 Firefox/3.0.5"
69.36.158.7 - - [10/Apr/2009:01:32:27 +0900] "GET /wordpress/?feed=rss2 HTTP/1.0" 200 0 "" "Moreoverbot/5.00 (+http://www.moreover.com; webmaster@moreover.com)"
209.249.53.203 - - [10/Apr/2009:01:46:35 +0900] "GET /wordpress/?feed=rss2 HTTP/1.0" 200 0 "" ""
219.112.245.23 - - [10/Apr/2009:01:50:26 +0900] "GET /wordpress/?feed=rss2 HTTP/1.1" 200 0 "" "mixi-crawler/2.00 (http://mixi.jp/)"
211.121.100.248 - - [10/Apr/2009:03:21:33 +0900] "GET /wordpress/ HTTP/1.1" 200 0 "http://www.elder-alliance.org/" "Mozilla/5.0 (Windows; U; Windows NT 5.1; ja; rv:1.9.0.5) Gecko/2008120122 Firefox/3.0.5"
66.249.70.90 - - [10/Apr/2009:03:26:29 +0900] "GET /wordpress/?p=299 HTTP/1.1" 200 0 "" "Mozilla/5.0 (compatible; Googlebot/2.1; +http://www.google.com/bot.html)"
219.112.245.23 - - [10/Apr/2009:03:50:53 +0900] "GET /wordpress/?feed=rss2 HTTP/1.1" 200 0 "" "mixi-crawler/2.00 (http://mixi.jp/)"
66.249.70.90 - - [10/Apr/2009:03:59:48 +0900] "GET /wordpress/?p=300 HTTP/1.1" 200 0 "" "Mozilla/5.0 (compatible; Googlebot/2.1; +http://www.google.com/bot.html)"
66.249.70.90 - - [10/Apr/2009:05:10:50 +0900] "GET /wordpress/?p=301 HTTP/1.1" 200 0 "" "Mozilla/5.0 (compatible; Googlebot/2.1; +http://www.google.com/bot.html)"
219.112.245.23 - - [10/Apr/2009:05:52:52 +0900] "GET /wordpress/?feed=rss2 HTTP/1.1" 200 0 "" "mixi-crawler/2.00 (http://mixi.jp/)"
219.112.245.23 - - [10/Apr/2009:07:54:26 +0900] "GET /wordpress/?feed=rss2 HTTP/1.1" 200 0 "" "mixi-crawler/2.00 (http://mixi.jp/)"
66.249.70.90 - - [10/Apr/2009:08:38:10 +0900] "GET /wordpress/wp-trackback.php?p=305 HTTP/1.1" 200 0 "" "Mozilla/5.0 (compatible; Googlebot/2.1; +http://www.google.com/bot.html)"
64.1.215.164 - - [10/Apr/2009:08:47:03 +0900] "GET /wordpress/?m=200711 HTTP/1.0" 200 0 "" "Mozilla/5.0 (Twiceler-0.9 http://www.cuil.com/twiceler/robot.html)"
219.112.246.154 - - [10/Apr/2009:09:35:44 +0900] "GET /wordpress/?p=765 HTTP/1.0" 200 0 "" "mixi-mobile-converter/1.0 (http://mixi.jp/)"
219.112.246.156 - - [10/Apr/2009:09:36:57 +0900] "GET /wordpress/?p=360 HTTP/1.0" 200 0 "" "mixi-mobile-converter/1.0 (http://mixi.jp/)"
219.125.60.97 - - [10/Apr/2009:09:50:32 +0900] "GET /wordpress/ HTTP/1.1" 200 0 "" "Mozilla/4.0 (compatible; MSIE 6.0; Windows NT 5.1; SV1)"
210.188.220.161 - - [10/Apr/2009:09:56:21 +0900] "GET /wordpress/wp-cron.php?check=1e91024afe55c29758a38699a2480175 HTTP/1.0" 200 0 "" ""
219.112.245.23 - - [10/Apr/2009:09:56:22 +0900] "GET /wordpress/?feed=rss2 HTTP/1.1" 200 0 "" "mixi-crawler/2.00 (http://mixi.jp/)"
64.1.215.164 - - [10/Apr/2009:10:01:36 +0900] "GET /wordpress/?tag=%e3%83%9c%e3%82%af%e3%81%bf%e3%81%a6 HTTP/1.0" 200 0 "" "Mozilla/5.0 (Twiceler-0.9 http://www.cuil.com/twiceler/robot.html)"
64.1.215.164 - - [10/Apr/2009:10:57:42 +0900] "GET /wordpress/?tag=news HTTP/1.0" 200 0 "" "Mozilla/5.0 (Twiceler-0.9 http://www.cuil.com/twiceler/robot.html)"
64.1.215.164 - - [10/Apr/2009:11:15:56 +0900] "GET /wordpress/?p=318 HTTP/1.0" 200 0 "" "Mozilla/5.0 (Twiceler-0.9 http://www.cuil.com/twiceler/robot.html)"
66.249.70.90 - - [10/Apr/2009:11:47:03 +0900] "GET /wordpress/wp-trackback.php?p=306 HTTP/1.1" 200 0 "" "Mozilla/5.0 (compatible; Googlebot/2.1; +http://www.google.com/bot.html)"
66.249.70.90 - - [10/Apr/2009:11:47:03 +0900] "GET /wordpress/?p=306 HTTP/1.1" 200 0 "" "Mozilla/5.0 (compatible; Googlebot/2.1; +http://www.google.com/bot.html)"
64.1.215.164 - - [10/Apr/2009:11:53:28 +0900] "GET /wordpress/?tag=%e6%9b%b8%e8%a9%95 HTTP/1.0" 200 0 "" "Mozilla/5.0 (Twiceler-0.9 http://www.cuil.com/twiceler/robot.html)"
219.112.245.23 - - [10/Apr/2009:11:58:17 +0900] "GET /wordpress/?feed=rss2 HTTP/1.1" 200 0 "" "mixi-crawler/2.00 (http://mixi.jp/)"
64.1.215.164 - - [10/Apr/2009:12:11:45 +0900] "GET /wordpress/?m=200802 HTTP/1.0" 200 0 "" "Mozilla/5.0 (Twiceler-0.9 http://www.cuil.com/twiceler/robot.html)"
66.249.70.90 - - [10/Apr/2009:12:17:21 +0900] "GET /wordpress/?tag=%E9%9B%91%E8%A8%98 HTTP/1.1" 200 0 "" "Mozilla/5.0 (compatible; Googlebot/2.1; +http://www.google.com/bot.html)"
64.1.215.164 - - [10/Apr/2009:12:30:52 +0900] "GET /wordpress/?tag=%e3%83%84%e3%83%bc%e3%83%ab HTTP/1.0" 200 0 "" "Mozilla/5.0 (Twiceler-0.9 http://www.cuil.com/twiceler/robot.html)"
66.249.70.90 - - [10/Apr/2009:13:02:37 +0900] "GET /wordpress/?p=286&cpage=1 HTTP/1.1" 200 0 "" "Mozilla/5.0 (compatible; Googlebot/2.1; +http://www.google.com/bot.html)"
64.1.215.164 - - [10/Apr/2009:13:11:15 +0900] "GET /wordpress/?m=200803 HTTP/1.0" 200 0 "" "Mozilla/5.0 (Twiceler-0.9 http://www.cuil.com/twiceler/robot.html)"
64.1.215.164 - - [10/Apr/2009:13:52:48 +0900] "GET /wordpress/?tag=%e5%b0%8f%e8%aa%ac%e3%83%bb%e3%82%b2%e3%83%bc%e3%83%a0%e3%83%bb%e3%82%a2%e3%83%8b%e3%83%a1%e7%b3%bb HTTP/1.0" 200 0 "" "Mozilla/5.0 (Twiceler-0.9 http://www.cuil.com/twiceler/robot.html)"
219.112.245.23 - - [10/Apr/2009:14:00:03 +0900] "GET /wordpress/?feed=rss2 HTTP/1.1" 200 0 "" "mixi-crawler/2.00 (http://mixi.jp/)"
64.1.215.164 - - [10/Apr/2009:14:14:51 +0900] "GET /wordpress/?m=200904 HTTP/1.0" 200 0 "" "Mozilla/5.0 (Twiceler-0.9 http://www.cuil.com/twiceler/robot.html)"
64.1.215.164 - - [10/Apr/2009:14:16:26 +0900] "GET /wordpress/?p=496 HTTP/1.0" 200 0 "" "Mozilla/5.0 (Twiceler-0.9 http://www.cuil.com/twiceler/robot.html)"
64.1.215.164 - - [10/Apr/2009:14:36:50 +0900] "GET /wordpress/?p=1 HTTP/1.0" 200 0 "" "Mozilla/5.0 (Twiceler-0.9 http://www.cuil.com/twiceler/robot.html)"
219.112.245.23 - - [10/Apr/2009:16:00:22 +0900] "GET /wordpress/?feed=rss2 HTTP/1.1" 200 0 "" "mixi-crawler/2.00 (http://mixi.jp/)"
64.1.215.164 - - [10/Apr/2009:16:00:27 +0900] "GET /wordpress/?m=20090409 HTTP/1.0" 200 0 "" "Mozilla/5.0 (Twiceler-0.9 http://www.cuil.com/twiceler/robot.html)"
150.65.138.102 - - [10/Apr/2009:16:03:40 +0900] "GET /wordpress/ HTTP/1.1" 200 0 "http://www.elder-alliance.org/" "Mozilla/5.0 (Windows; U; Windows NT 6.0; ja; rv:1.9.0.8) Gecko/2009032609 Firefox/3.0.8 (.NET CLR 3.5.30729)"
211.121.97.118 - - [10/Apr/2009:16:54:20 +0900] "GET /wordpress/ HTTP/1.1" 200 0 "http://www.elder-alliance.org/" "Mozilla/5.0 (Windows; U; Windows NT 5.1; ja; rv:1.9.0.5) Gecko/2008120122 Firefox/3.0.5"
211.3.85.44 - - [10/Apr/2009:17:06:42 +0900] "GET /wordpress/ HTTP/1.1" 200 0 "http://blog.elder-alliance.org/" "Mozilla/4.0 (compatible; MSIE 6.0; Windows NT 5.1; SV1; .NET CLR 1.1.4322)"
211.3.85.44 - - [10/Apr/2009:17:08:02 +0900] "GET /wordpress/?p=493 HTTP/1.1" 200 0 "http://www.elder-alliance.org/wordpress/" "Mozilla/4.0 (compatible; MSIE 6.0; Windows NT 5.1; SV1; .NET CLR 1.1.4322)"
219.112.245.23 - - [10/Apr/2009:18:01:54 +0900] "GET /wordpress/?feed=rss2 HTTP/1.1" 200 0 "" "mixi-crawler/2.00 (http://mixi.jp/)"
64.1.215.164 - - [10/Apr/2009:18:30:55 +0900] "GET /wordpress/?m=200902 HTTP/1.0" 200 0 "" "Mozilla/5.0 (Twiceler-0.9 http://www.cuil.com/twiceler/robot.html)"
219.112.245.23 - - [10/Apr/2009:20:05:10 +0900] "GET /wordpress/?feed=rss2 HTTP/1.1" 200 0 "" "mixi-crawler/2.00 (http://mixi.jp/)"
64.1.215.164 - - [10/Apr/2009:20:06:18 +0900] "GET /wordpress/?m=20071114 HTTP/1.0" 200 0 "" "Mozilla/5.0 (Twiceler-0.9 http://www.cuil.com/twiceler/robot.html)"
66.249.70.90 - - [10/Apr/2009:20:20:33 +0900] "GET /wordpress/?p=279&cpage=1 HTTP/1.1" 200 0 "" "Mozilla/5.0 (compatible; Googlebot/2.1; +http://www.google.com/bot.html)"
64.1.215.164 - - [10/Apr/2009:20:25:31 +0900] "GET /wordpress/?p=195&cpage=1 HTTP/1.0" 200 0 "" "Mozilla/5.0 (Twiceler-0.9 http://www.cuil.com/twiceler/robot.html)"
64.1.215.164 - - [10/Apr/2009:20:44:50 +0900] "GET /wordpress/?m=200610 HTTP/1.0" 200 0 "" "Mozilla/5.0 (Twiceler-0.9 http://www.cuil.com/twiceler/robot.html)"
64.1.215.164 - - [10/Apr/2009:21:04:59 +0900] "GET /wordpress/?p=202&cpage=1 HTTP/1.0" 200 0 "" "Mozilla/5.0 (Twiceler-0.9 http://www.cuil.com/twiceler/robot.html)"
66.249.70.90 - - [10/Apr/2009:21:30:39 +0900] "GET /wordpress/?p=285&cpage=1 HTTP/1.1" 200 0 "" "Mozilla/5.0 (compatible; Googlebot/2.1; +http://www.google.com/bot.html)"
210.188.220.161 - - [10/Apr/2009:22:05:59 +0900] "GET /wordpress/wp-cron.php?check=1e91024afe55c29758a38699a2480175 HTTP/1.0" 200 0 "" ""
219.112.245.23 - - [10/Apr/2009:22:06:01 +0900] "GET /wordpress/?feed=rss2 HTTP/1.1" 200 0 "" "mixi-crawler/2.00 (http://mixi.jp/)"
64.1.215.164 - - [10/Apr/2009:22:06:59 +0900] "GET /wordpress/?tag=%e9%9f%b3%e6%a5%bd HTTP/1.0" 200 0 "" "Mozilla/5.0 (Twiceler-0.9 http://www.cuil.com/twiceler/robot.html)"
211.121.97.118 - - [10/Apr/2009:22:25:34 +0900] "GET /wordpress/ HTTP/1.1" 200 0 "http://www.elder-alliance.org/" "Mozilla/5.0 (Windows; U; Windows NT 5.1; ja; rv:1.9.0.5) Gecko/2008120122 Firefox/3.0.5"
64.1.215.164 - - [10/Apr/2009:22:27:33 +0900] "GET /wordpress/?p=316 HTTP/1.0" 200 0 "" "Mozilla/5.0 (Twiceler-0.9 http://www.cuil.com/twiceler/robot.html)"
64.1.215.164 - - [10/Apr/2009:23:32:53 +0900] "GET /wordpress/?p=219 HTTP/1.0" 200 0 "" "Mozilla/5.0 (Twiceler-0.9 http://www.cuil.com/twiceler/robot.html)"
210.132.128.91 - - [11/Apr/2009:00:02:50 +0900] "GET /wordpress/ HTTP/1.1" 200 0 "" "Mozilla/4.0 (compatible; MSIE 6.0; Windows NT 5.1; SV1; .NET CLR 1.1.4322; .NET CLR 2.0.50727)"
219.112.245.23 - - [11/Apr/2009:00:08:10 +0900] "GET /wordpress/?feed=rss2 HTTP/1.1" 200 0 "" "mixi-crawler/2.00 (http://mixi.jp/)"
64.1.215.164 - - [11/Apr/2009:00:14:49 +0900] "GET /wordpress/?feed=rss2 HTTP/1.0" 200 0 "" "Mozilla/5.0 (Twiceler-0.9 http://www.cuil.com/twiceler/robot.html)"
64.1.215.164 - - [11/Apr/2009:00:34:47 +0900] "GET /wordpress/?p=288 HTTP/1.0" 200 0 "" "Mozilla/5.0 (Twiceler-0.9 http://www.cuil.com/twiceler/robot.html)"
64.1.215.164 - - [11/Apr/2009:00:54:44 +0900] "GET /wordpress/?m=200611 HTTP/1.0" 200 0 "" "Mozilla/5.0 (Twiceler-0.9 http://www.cuil.com/twiceler/robot.html)"
219.112.245.23 - - [11/Apr/2009:02:08:41 +0900] "GET /wordpress/?feed=rss2 HTTP/1.1" 200 0 "" "mixi-crawler/2.00 (http://mixi.jp/)"
66.249.70.90 - - [11/Apr/2009:02:47:33 +0900] "GET /wordpress/?feed=rss2&p=305 HTTP/1.1" 200 0 "" "Mozilla/5.0 (compatible; Googlebot/2.1; +http://www.google.com/bot.html)"
66.249.70.90 - - [11/Apr/2009:03:03:21 +0900] "GET /wordpress/?page_id=2 HTTP/1.1" 200 0 "" "Mozilla/5.0 (compatible; Googlebot/2.1; +http://www.google.com/bot.html)"
66.249.70.90 - - [11/Apr/2009:03:29:42 +0900] "GET /wordpress/?feed=rss2&p=306 HTTP/1.1" 200 0 "" "Mozilla/5.0 (compatible; Googlebot/2.1; +http://www.google.com/bot.html)"
66.249.70.90 - - [11/Apr/2009:03:31:45 +0900] "GET /wordpress/?cat=1 HTTP/1.1" 200 0 "" "Mozilla/5.0 (compatible; Googlebot/2.1; +http://www.google.com/bot.html)"
64.1.215.164 - - [11/Apr/2009:03:49:43 +0900] "GET /wordpress/?m=20090406 HTTP/1.0" 200 0 "" "Mozilla/5.0 (Twiceler-0.9 http://www.cuil.com/twiceler/robot.html)"
219.112.245.23 - - [11/Apr/2009:04:10:05 +0900] "GET /wordpress/?feed=rss2 HTTP/1.1" 200 0 "" "mixi-crawler/2.00 (http://mixi.jp/)"
66.249.70.90 - - [11/Apr/2009:04:16:48 +0900] "GET /wordpress/wp-login.php HTTP/1.1" 200 0 "" "Mozilla/5.0 (compatible; Googlebot/2.1; +http://www.google.com/bot.html)"
64.1.215.164 - - [11/Apr/2009:04:33:46 +0900] "GET /wordpress/?p=306 HTTP/1.0" 200 0 "" "Mozilla/5.0 (Twiceler-0.9 http://www.cuil.com/twiceler/robot.html)"
64.1.215.164 - - [11/Apr/2009:05:35:09 +0900] "GET /wordpress/?m=200812 HTTP/1.0" 200 0 "" "Mozilla/5.0 (Twiceler-0.9 http://www.cuil.com/twiceler/robot.html)"
64.1.215.164 - - [11/Apr/2009:05:36:54 +0900] "GET /wordpress/?tag=%e3%82%b3%e3%83%b3%e3%83%94%e3%83%a5%e3%83%bc%e3%82%bf HTTP/1.0" 200 0 "" "Mozilla/5.0 (Twiceler-0.9 http://www.cuil.com/twiceler/robot.html)"
66.249.70.90 - - [11/Apr/2009:05:46:48 +0900] "GET /wordpress/?tag=weblog%E3%83%80%E3%82%A4%E3%82%A8%E3%83%83%E3%83%88 HTTP/1.1" 200 0 "" "Mozilla/5.0 (compatible; Googlebot/2.1; +http://www.google.com/bot.html)"
66.249.70.90 - - [11/Apr/2009:05:52:28 +0900] "GET /wordpress/?m=200801 HTTP/1.1" 200 0 "" "Mozilla/5.0 (compatible; Googlebot/2.1; +http://www.google.com/bot.html)"
66.249.70.90 - - [11/Apr/2009:05:54:52 +0900] "GET /wordpress/?p=128 HTTP/1.1" 200 0 "" "Mozilla/5.0 (compatible; Googlebot/2.1; +http://www.google.com/bot.html)"
66.249.70.90 - - [11/Apr/2009:06:09:48 +0900] "GET /wordpress/?p=284 HTTP/1.1" 200 0 "" "Mozilla/5.0 (compatible; Googlebot/2.1; +http://www.google.com/bot.html)"
219.112.245.23 - - [11/Apr/2009:06:11:35 +0900] "GET /wordpress/?feed=rss2 HTTP/1.1" 200 0 "" "mixi-crawler/2.00 (http://mixi.jp/)"
66.249.70.90 - - [11/Apr/2009:06:17:22 +0900] "GET /wordpress/?p=212 HTTP/1.1" 200 0 "" "Mozilla/5.0 (compatible; Googlebot/2.1; +http://www.google.com/bot.html)"
66.249.70.90 - - [11/Apr/2009:06:20:46 +0900] "GET /wordpress/?m=200607 HTTP/1.1" 200 0 "" "Mozilla/5.0 (compatible; Googlebot/2.1; +http://www.google.com/bot.html)"
64.1.215.164 - - [11/Apr/2009:06:45:59 +0900] "GET /wordpress/?tag=%e3%83%9e%e3%83%aa%e3%81%bf%e3%81%a6 HTTP/1.0" 200 0 "" "Mozilla/5.0 (Twiceler-0.9 http://www.cuil.com/twiceler/robot.html)"
64.1.215.164 - - [11/Apr/2009:07:07:43 +0900] "GET /wordpress/?m=20090405 HTTP/1.0" 200 0 "" "Mozilla/5.0 (Twiceler-0.9 http://www.cuil.com/twiceler/robot.html)"
66.249.70.90 - - [11/Apr/2009:07:07:43 +0900] "GET /wordpress/?m=200608 HTTP/1.1" 200 0 "" "Mozilla/5.0 (compatible; Googlebot/2.1; +http://www.google.com/bot.html)"
66.249.70.90 - - [11/Apr/2009:07:21:50 +0900] "GET /wordpress/?tag=card_games HTTP/1.1" 200 0 "" "Mozilla/5.0 (compatible; Googlebot/2.1; +http://www.google.com/bot.html)"
66.249.70.90 - - [11/Apr/2009:07:36:27 +0900] "GET /wordpress/?m=200709 HTTP/1.1" 200 0 "" "Mozilla/5.0 (compatible; Googlebot/2.1; +http://www.google.com/bot.html)"
116.65.47.143 - - [11/Apr/2009:07:54:34 +0900] "GET /wordpress/ HTTP/1.1" 200 0 "" "Mozilla/5.0 (Windows; U; Windows NT 5.1; ja; rv:1.9.0.8) Gecko/2009032609 Firefox/3.0.8 (.NET CLR 3.5.30729)"
116.65.47.143 - - [11/Apr/2009:07:59:42 +0900] "GET /wordpress/wp-login.php HTTP/1.1" 200 0 "http://www.elder-alliance.org/wordpress/" "Mozilla/5.0 (Windows; U; Windows NT 5.1; ja; rv:1.9.0.8) Gecko/2009032609 Firefox/3.0.8 (.NET CLR 3.5.30729)"
116.65.47.143 - - [11/Apr/2009:07:59:50 +0900] "POST /wordpress/wp-login.php HTTP/1.1" 200 0 "http://www.elder-alliance.org/wordpress/wp-login.php" "Mozilla/5.0 (Windows; U; Windows NT 5.1; ja; rv:1.9.0.8) Gecko/2009032609 Firefox/3.0.8 (.NET CLR 3.5.30729)"
116.65.47.143 - - [11/Apr/2009:07:59:55 +0900] "POST /wordpress/wp-login.php HTTP/1.1" 200 0 "http://www.elder-alliance.org/wordpress/wp-login.php" "Mozilla/5.0 (Windows; U; Windows NT 5.1; ja; rv:1.9.0.8) Gecko/2009032609 Firefox/3.0.8 (.NET CLR 3.5.30729)"
116.65.47.143 - - [11/Apr/2009:08:00:24 +0900] "GET /wordpress/ HTTP/1.1" 200 0 "" "Mozilla/5.0 (Windows; U; Windows NT 5.1; ja; rv:1.9.0.8) Gecko/2009032609 Firefox/3.0.8 (.NET CLR 3.5.30729)"
66.249.70.90 - - [11/Apr/2009:08:09:38 +0900] "GET /wordpress/?m=200606 HTTP/1.1" 200 0 "" "Mozilla/5.0 (compatible; Googlebot/2.1; +http://www.google.com/bot.html)"
64.1.215.164 - - [11/Apr/2009:08:11:03 +0900] "GET /wordpress/?p=299&cpage=1 HTTP/1.0" 200 0 "" "Mozilla/5.0 (Twiceler-0.9 http://www.cuil.com/twiceler/robot.html)"
219.112.245.23 - - [11/Apr/2009:08:12:34 +0900] "GET /wordpress/?feed=rss2 HTTP/1.1" 200 0 "" "mixi-crawler/2.00 (http://mixi.jp/)"
64.1.215.164 - - [11/Apr/2009:08:12:35 +0900] "GET /wordpress/?m=200607 HTTP/1.0" 200 0 "" "Mozilla/5.0 (Twiceler-0.9 http://www.cuil.com/twiceler/robot.html)"
116.65.47.143 - - [11/Apr/2009:08:13:41 +0900] "GET /wordpress/ HTTP/1.1" 200 0 "http://www.elder-alliance.org/wordpress/wp-admin/" "Mozilla/5.0 (Windows; U; Windows NT 5.1; ja; rv:1.9.0.8) Gecko/2009032609 Firefox/3.0.8 (.NET CLR 3.5.30729)"
116.65.47.143 - - [11/Apr/2009:08:13:49 +0900] "GET /wordpress/?tag=weblog%e3%83%80%e3%82%a4%e3%82%a8%e3%83%83%e3%83%88 HTTP/1.1" 200 0 "http://www.elder-alliance.org/wordpress/" "Mozilla/5.0 (Windows; U; Windows NT 5.1; ja; rv:1.9.0.8) Gecko/2009032609 Firefox/3.0.8 (.NET CLR 3.5.30729)"
66.249.70.90 - - [11/Apr/2009:08:18:32 +0900] "GET /wordpress/?tag=elder-allianceorg&paged=2 HTTP/1.1" 200 0 "" "Mozilla/5.0 (compatible; Googlebot/2.1; +http://www.google.com/bot.html)"
61.124.52.26 - - [11/Apr/2009:08:19:15 +0900] "GET /wordpress/ HTTP/1.1" 200 0 "http://www.elder-alliance.org/" "Mozilla/5.0 (Windows; U; Windows NT 5.1; ja-JP) AppleWebKit/528.16 (KHTML, like Gecko) Version/4.0 Safari/528.16"
210.188.220.161 - - [11/Apr/2009:08:32:19 +0900] "GET /wordpress/wp-cron.php?check=1e91024afe55c29758a38699a2480175 HTTP/1.0" 200 0 "" ""
116.65.47.143 - - [11/Apr/2009:08:32:20 +0900] "GET /wordpress/ HTTP/1.1" 200 0 "http://www.elder-alliance.org/wordpress/?tag=weblog%e3%83%80%e3%82%a4%e3%82%a8%e3%83%83%e3%83%88" "Mozilla/5.0 (Windows; U; Windows NT 5.1; ja; rv:1.9.0.8) Gecko/2009032609 Firefox/3.0.8 (.NET CLR 3.5.30729)"
69.36.158.7 - - [11/Apr/2009:08:32:27 +0900] "GET /wordpress/?feed=rss2 HTTP/1.0" 200 0 "" "Moreoverbot/5.00 (+http://www.moreover.com; webmaster@moreover.com)"
66.249.70.90 - - [11/Apr/2009:08:32:42 +0900] "GET /wordpress/?feed=atom HTTP/1.1" 200 0 "" "Mozilla/5.0 (compatible; Googlebot/2.1; +http://www.google.com/bot.html)"
66.249.70.90 - - [11/Apr/2009:08:32:43 +0900] "GET /wordpress/ HTTP/1.1" 200 0 "" "Mozilla/5.0 (compatible; Googlebot/2.1; +http://www.google.com/bot.html)"
38.117.108.131 - - [11/Apr/2009:08:38:10 +0900] "GET /wordpress/ HTTP/1.1" 200 0 "" "Java/1.6.0_11"
38.117.108.131 - - [11/Apr/2009:08:38:11 +0900] "GET /wordpress/ HTTP/1.1" 200 0 "" "HTMLParser/1.6"
38.117.108.131 - - [11/Apr/2009:08:38:13 +0900] "GET /wordpress/?feed=rss2 HTTP/1.1" 200 0 "" "Rome Client (http://tinyurl.com/64t5n) Ver: 0.9"
206.113.193.50 - - [11/Apr/2009:08:39:40 +0900] "GET /wordpress/?feed=rss2 HTTP/1.1" 200 0 "" "BlogPulseLive (support@blogpulse.com)"
66.249.70.90 - - [11/Apr/2009:08:39:41 +0900] "GET /wordpress/?p=774 HTTP/1.1" 200 0 "" "Mozilla/5.0 (compatible; Googlebot/2.1; +http://www.google.com/bot.html)"
66.249.70.90 - - [11/Apr/2009:08:40:49 +0900] "GET /wordpress/?p=774 HTTP/1.1" 200 0 "" "Mozilla/5.0 (compatible; Googlebot/2.1; +http://www.google.com/bot.html)"
67.202.60.246 - - [11/Apr/2009:08:42:48 +0900] "GET /wordpress/ HTTP/1.1" 200 0 "" "Jakarta Commons-HttpClient/3.0"
66.249.70.90 - - [11/Apr/2009:08:47:02 +0900] "GET /wordpress/wp-trackback.php?p=774 HTTP/1.1" 200 0 "" "Mozilla/5.0 (compatible; Googlebot/2.1; +http://www.google.com/bot.html)"
66.249.70.90 - - [11/Apr/2009:08:47:05 +0900] "GET /wordpress/?feed=comments-rss2 HTTP/1.1" 200 0 "" "Mozilla/5.0 (compatible; Googlebot/2.1; +http://www.google.com/bot.html)"
66.249.70.90 - - [11/Apr/2009:08:47:14 +0900] "GET /wordpress/?feed=rss2 HTTP/1.1" 200 0 "" "Mozilla/5.0 (compatible; Googlebot/2.1; +http://www.google.com/bot.html)"
66.249.70.90 - - [11/Apr/2009:08:47:25 +0900] "GET /wordpress/?cat=1 HTTP/1.1" 200 0 "" "Mozilla/5.0 (compatible; Googlebot/2.1; +http://www.google.com/bot.html)"
66.249.70.90 - - [11/Apr/2009:08:47:39 +0900] "GET /wordpress/?feed=rss2&p=774 HTTP/1.1" 200 0 "" "Mozilla/5.0 (compatible; Googlebot/2.1; +http://www.google.com/bot.html)"
66.249.70.90 - - [11/Apr/2009:08:47:46 +0900] "GET /wordpress/?p=765 HTTP/1.1" 200 0 "" "Mozilla/5.0 (compatible; Googlebot/2.1; +http://www.google.com/bot.html)"
66.249.70.90 - - [11/Apr/2009:08:47:55 +0900] "GET /wordpress/?tag=%E6%97%A5%E8%A8%98 HTTP/1.1" 200 0 "" "Mozilla/5.0 (compatible; Googlebot/2.1; +http://www.google.com/bot.html)"
64.1.215.164 - - [11/Apr/2009:08:52:43 +0900] "GET /wordpress/?tag=%e6%97%a5%e8%a8%98 HTTP/1.0" 200 0 "" "Mozilla/5.0 (Twiceler-0.9 http://www.cuil.com/twiceler/robot.html)"
66.249.70.90 - - [11/Apr/2009:09:11:57 +0900] "GET /wordpress/?m=200904 HTTP/1.1" 200 0 "" "Mozilla/5.0 (compatible; Googlebot/2.1; +http://www.google.com/bot.html)"
64.1.215.164 - - [11/Apr/2009:09:12:50 +0900] "GET /wordpress/?tag=%e3%83%89%e3%83%a9%e3%83%9e%ef%bd%83%ef%bd%84 HTTP/1.0" 200 0 "" "Mozilla/5.0 (Twiceler-0.9 http://www.cuil.com/twiceler/robot.html)"
66.249.70.90 - - [11/Apr/2009:09:23:03 +0900] "GET /wordpress/?tag=trade-wind HTTP/1.1" 200 0 "" "Mozilla/5.0 (compatible; Googlebot/2.1; +http://www.google.com/bot.html)"
209.131.41.48 - - [11/Apr/2009:09:24:33 +0900] "GET /wordpress/ HTTP/1.0" 200 0 "" "YahooFeedSeeker/2.0 (compatible; Mozilla 4.0; MSIE 5.5; http://publisher.yahoo.com/rssguide)"
66.249.70.90 - - [11/Apr/2009:09:25:49 +0900] "GET /wordpress/?m=200805 HTTP/1.1" 200 0 "" "Mozilla/5.0 (compatible; Googlebot/2.1; +http://www.google.com/bot.html)"
209.249.53.66 - - [11/Apr/2009:09:27:47 +0900] "GET /wordpress/?feed=rss2 HTTP/1.0" 200 0 "" ""
64.1.215.164 - - [11/Apr/2009:09:33:37 +0900] "GET /wordpress/?m=200805 HTTP/1.0" 200 0 "" "Mozilla/5.0 (Twiceler-0.9 http://www.cuil.com/twiceler/robot.html)"
64.1.215.164 - - [11/Apr/2009:09:35:17 +0900] "GET /wordpress/?p=493&cpage=1 HTTP/1.0" 200 0 "" "Mozilla/5.0 (Twiceler-0.9 http://www.cuil.com/twiceler/robot.html)"
64.1.215.164 - - [11/Apr/2009:09:36:11 +0900] "GET /wordpress/?p=231 HTTP/1.0" 200 0 "" "Mozilla/5.0 (Twiceler-0.9 http://www.cuil.com/twiceler/robot.html)"
210.188.220.161 - - [11/Apr/2009:10:09:26 +0900] "GET /wordpress/wp-cron.php?check=1e91024afe55c29758a38699a2480175 HTTP/1.0" 200 0 "" ""
66.249.70.90 - - [11/Apr/2009:10:09:28 +0900] "GET /wordpress/?p=273 HTTP/1.1" 200 0 "" "Mozilla/5.0 (compatible; Googlebot/2.1; +http://www.google.com/bot.html)"
66.249.70.90 - - [11/Apr/2009:10:11:35 +0900] "GET /wordpress/?p=140 HTTP/1.1" 200 0 "" "Mozilla/5.0 (compatible; Googlebot/2.1; +http://www.google.com/bot.html)"
219.112.245.23 - - [11/Apr/2009:10:13:36 +0900] "GET /wordpress/?feed=rss2 HTTP/1.1" 200 0 "" "mixi-crawler/2.00 (http://mixi.jp/)"
209.249.53.22 - - [11/Apr/2009:10:16:09 +0900] "GET /wordpress/?p=774 HTTP/1.0" 200 0 "" ""
66.249.70.90 - - [11/Apr/2009:10:24:12 +0900] "GET /wordpress/?p=774 HTTP/1.1" 200 0 "" "Mozilla/5.0 (compatible; Googlebot/2.1; +http://www.google.com/bot.html)"
125.195.64.231 - - [11/Apr/2009:10:34:02 +0900] "GET /wordpress/?p=774 HTTP/1.1" 200 0 "http://mixi.jp/view_diary.pl?url=http%3A%2F%2Fwww.elder-alliance.org%2Fwordpress%2F%3Fp%3D774&owner_id=1219747" "Mozilla/5.0 (Windows; U; Windows NT 5.1; ja; rv:1.9.0.8) Gecko/2009032609 Firefox/3.0.8"
66.249.70.90 - - [11/Apr/2009:10:40:21 +0900] "GET /wordpress/?m=200605 HTTP/1.1" 200 0 "" "Mozilla/5.0 (compatible; Googlebot/2.1; +http://www.google.com/bot.html)"
66.249.70.90 - - [11/Apr/2009:10:47:24 +0900] "GET /wordpress/?m=200706 HTTP/1.1" 200 0 "" "Mozilla/5.0 (compatible; Googlebot/2.1; +http://www.google.com/bot.html)"
113.146.21.20 - - [11/Apr/2009:11:10:57 +0900] "GET /wordpress/?p=774 HTTP/1.1" 200 0 "http://mixi.jp/view_diary.pl?url=http%3A%2F%2Fwww.elder-alliance.org%2Fwordpress%2F%3Fp%3D774&owner_id=1219747" "Mozilla/5.0 (Windows; U; Windows NT 5.1; ja; rv:1.9.0.8) Gecko/2009032609 Firefox/3.0.8 (.NET CLR 3.5.30729)"
219.125.60.97 - - [11/Apr/2009:11:11:57 +0900] "GET /wordpress/ HTTP/1.1" 200 0 "" "Mozilla/4.0 (compatible; MSIE 6.0; Windows NT 5.1; SV1)"
66.249.70.90 - - [11/Apr/2009:11:24:02 +0900] "GET /wordpress/?p=299 HTTP/1.1" 200 0 "" "Mozilla/5.0 (compatible; Googlebot/2.1; +http://www.google.com/bot.html)"
66.249.70.90 - - [11/Apr/2009:11:25:34 +0900] "GET /wordpress/?m=200809 HTTP/1.1" 200 0 "" "Mozilla/5.0 (compatible; Googlebot/2.1; +http://www.google.com/bot.html)"
220.150.152.39 - - [11/Apr/2009:11:38:37 +0900] "GET /wordpress/?p=774 HTTP/1.1" 200 0 "http://mixi.jp/view_diary.pl?url=http%3A%2F%2Fwww.elder-alliance.org%2Fwordpress%2F%3Fp%3D774&owner_id=1219747&survey.ref=toolbar" "Mozilla/5.0 (Windows; U; Windows NT 5.1; ja; rv:1.9.0.8) Gecko/2009032609 Firefox/3.0.8 (.NET CLR 3.5.30729)"
66.249.70.90 - - [11/Apr/2009:11:47:15 +0900] "GET /wordpress/?p=156 HTTP/1.1" 200 0 "" "Mozilla/5.0 (compatible; Googlebot/2.1; +http://www.google.com/bot.html)"
66.249.70.90 - - [11/Apr/2009:11:51:23 +0900] "GET /wordpress/?m=20090407 HTTP/1.1" 200 0 "" "Mozilla/5.0 (compatible; Googlebot/2.1; +http://www.google.com/bot.html)"
66.249.70.90 - - [11/Apr/2009:12:01:53 +0900] "GET /wordpress/?p=29 HTTP/1.1" 200 0 "" "Mozilla/5.0 (compatible; Googlebot/2.1; +http://www.google.com/bot.html)"
66.249.70.90 - - [11/Apr/2009:12:02:43 +0900] "GET /wordpress/?tag=%E5%B0%8F%E8%AA%AC%E3%83%BB%E3%82%B2%E3%83%BC%E3%83%A0%E3%83%BB%E3%82%A2%E3%83%8B%E3%83%A1%E7%B3%BB HTTP/1.1" 200 0 "" "Mozilla/5.0 (compatible; Googlebot/2.1; +http://www.google.com/bot.html)"
219.112.245.23 - - [11/Apr/2009:12:15:47 +0900] "GET /wordpress/?feed=rss2 HTTP/1.1" 200 0 "" "mixi-crawler/2.00 (http://mixi.jp/)"
66.249.70.90 - - [11/Apr/2009:12:22:51 +0900] "GET /wordpress/?m=200903 HTTP/1.1" 200 0 "" "Mozilla/5.0 (compatible; Googlebot/2.1; +http://www.google.com/bot.html)"
64.1.215.164 - - [11/Apr/2009:12:37:05 +0900] "GET /wordpress/?p=765 HTTP/1.0" 200 0 "" "Mozilla/5.0 (Twiceler-0.9 http://www.cuil.com/twiceler/robot.html)"
125.54.114.3 - - [11/Apr/2009:12:37:22 +0900] "GET /wordpress/?p=774 HTTP/1.1" 200 0 "http://mixi.jp/view_diary.pl?url=http%3A%2F%2Fwww.elder-alliance.org%2Fwordpress%2F%3Fp%3D774&owner_id=1219747" "Mozilla/5.0 (Windows; U; Windows NT 6.0; ja; rv:1.9.0.8) Gecko/2009032609 Firefox/3.0.8 (.NET CLR 3.5.30729)"
64.1.215.164 - - [11/Apr/2009:12:38:39 +0900] "GET /wordpress/?feed=rss2&p=316 HTTP/1.0" 200 0 "" "Mozilla/5.0 (Twiceler-0.9 http://www.cuil.com/twiceler/robot.html)"
66.249.70.90 - - [11/Apr/2009:12:39:17 +0900] "GET /wordpress/?m=200703 HTTP/1.1" 200 0 "" "Mozilla/5.0 (compatible; Googlebot/2.1; +http://www.google.com/bot.html)"
64.1.215.164 - - [11/Apr/2009:12:39:35 +0900] "GET /wordpress/?p=279 HTTP/1.0" 200 0 "" "Mozilla/5.0 (Twiceler-0.9 http://www.cuil.com/twiceler/robot.html)"
66.249.70.90 - - [11/Apr/2009:12:45:49 +0900] "GET /wordpress/?m=200806 HTTP/1.1" 200 0 "" "Mozilla/5.0 (compatible; Googlebot/2.1; +http://www.google.com/bot.html)"
66.249.70.90 - - [11/Apr/2009:12:48:22 +0900] "GET /wordpress/?p=151 HTTP/1.1" 200 0 "" "Mozilla/5.0 (compatible; Googlebot/2.1; +http://www.google.com/bot.html)"
61.116.221.168 - - [11/Apr/2009:12:52:17 +0900] "GET /wordpress/?p=774 HTTP/1.1" 200 0 "http://mixi.jp/view_diary.pl?url=http%3A%2F%2Fwww.elder-alliance.org%2Fwordpress%2F%3Fp%3D774&owner_id=1219747" "Mozilla/4.0 (compatible; MSIE 7.0; Windows NT 5.1; .NET CLR 1.1.4322; .NET CLR 2.0.50727)"
66.249.70.90 - - [11/Apr/2009:12:56:00 +0900] "GET /wordpress/?p=301 HTTP/1.1" 200 0 "" "Mozilla/5.0 (compatible; Googlebot/2.1; +http://www.google.com/bot.html)"
64.1.215.164 - - [11/Apr/2009:12:57:16 +0900] "GET /wordpress/?m=200706 HTTP/1.0" 200 0 "" "Mozilla/5.0 (Twiceler-0.9 http://www.cuil.com/twiceler/robot.html)"
64.1.215.164 - - [11/Apr/2009:13:15:29 +0900] "GET /wordpress/?p=305&cpage=1 HTTP/1.0" 200 0 "" "Mozilla/5.0 (Twiceler-0.9 http://www.cuil.com/twiceler/robot.html)"
61.215.33.74 - - [11/Apr/2009:13:19:36 +0900] "GET /wordpress/?p=774 HTTP/1.1" 200 0 "http://mixi.jp/view_diary.pl?url=http%3A%2F%2Fwww.elder-alliance.org%2Fwordpress%2F%3Fp%3D774&owner_id=1219747" "Mozilla/5.0 (Windows; U; Windows NT 5.1; ja; rv:1.9.0.8) Gecko/2009032609 Firefox/3.0.8"
64.1.215.164 - - [11/Apr/2009:13:33:42 +0900] "GET /wordpress/?m=20090218 HTTP/1.0" 200 0 "" "Mozilla/5.0 (Twiceler-0.9 http://www.cuil.com/twiceler/robot.html)"
219.112.245.23 - - [11/Apr/2009:14:19:51 +0900] "GET /wordpress/?feed=rss2 HTTP/1.1" 200 0 "" "mixi-crawler/2.00 (http://mixi.jp/)"
64.1.215.164 - - [11/Apr/2009:14:31:03 +0900] "GET /wordpress/?p=1&cpage=1 HTTP/1.0" 200 0 "" "Mozilla/5.0 (Twiceler-0.9 http://www.cuil.com/twiceler/robot.html)"
64.1.215.164 - - [11/Apr/2009:14:32:39 +0900] "GET /wordpress/?tag=%e3%82%b3%e3%82%b9%e3%83%97%e3%83%ac HTTP/1.0" 200 0 "" "Mozilla/5.0 (Twiceler-0.9 http://www.cuil.com/twiceler/robot.html)"
64.1.215.164 - - [11/Apr/2009:15:31:25 +0900] "GET /wordpress/?m=200901 HTTP/1.0" 200 0 "" "Mozilla/5.0 (Twiceler-0.9 http://www.cuil.com/twiceler/robot.html)"
64.1.215.164 - - [11/Apr/2009:15:33:05 +0900] "GET /wordpress/?p=198 HTTP/1.0" 200 0 "" "Mozilla/5.0 (Twiceler-0.9 http://www.cuil.com/twiceler/robot.html)"
64.1.215.164 - - [11/Apr/2009:16:11:35 +0900] "GET /wordpress/?m=200705 HTTP/1.0" 200 0 "" "Mozilla/5.0 (Twiceler-0.9 http://www.cuil.com/twiceler/robot.html)"
219.112.245.23 - - [11/Apr/2009:16:21:04 +0900] "GET /wordpress/?feed=rss2 HTTP/1.1" 200 0 "" "mixi-crawler/2.00 (http://mixi.jp/)"
66.249.70.90 - - [11/Apr/2009:16:31:41 +0900] "GET /wordpress/?p=32 HTTP/1.1" 200 0 "" "Mozilla/5.0 (compatible; Googlebot/2.1; +http://www.google.com/bot.html)"
61.124.231.126 - - [11/Apr/2009:16:38:00 +0900] "GET /wordpress/ HTTP/1.1" 200 0 "http://www.elder-alliance.org/" "Mozilla/4.0 (compatible; MSIE 6.0; Windows NT 5.0; MEGAUPLOAD 1.0)"
125.196.187.149 - - [11/Apr/2009:16:39:23 +0900] "GET /wordpress/ HTTP/1.1" 200 0 "http://www.elder-alliance.org/" "Mozilla/4.0 (compatible; MSIE 6.0; Windows NT 5.1; SV1; .NET CLR 1.1.4322; .NET CLR 3.0.04506.30; .NET CLR 3.0.04506.648; .NET CLR 2.0.50727; .NET CLR 3.0.4506.2152)"
64.1.215.164 - - [11/Apr/2009:16:50:30 +0900] "GET /wordpress/?tag=%e3%83%9e%e3%83%b3%e3%82%ac HTTP/1.0" 200 0 "" "Mozilla/5.0 (Twiceler-0.9 http://www.cuil.com/twiceler/robot.html)"
219.112.246.156 - - [11/Apr/2009:16:59:29 +0900] "GET /wordpress/?p=774 HTTP/1.0" 200 0 "" "mixi-mobile-converter/1.0 (http://mixi.jp/)"
