61.247.222.54 - - [13/Apr/2009:04:34:11 +0900] "GET /wordpress/?feed=rss2&p=84 HTTP/1.1" 200 0 "" "Yeti/1.0 (NHN Corp.; http://help.naver.com/robots/)"
61.247.222.44 - - [13/Apr/2009:04:34:33 +0900] "GET /wordpress/?feed=rss2&p=112 HTTP/1.1" 200 0 "" "Yeti/1.0 (NHN Corp.; http://help.naver.com/robots/)"
61.247.222.54 - - [13/Apr/2009:04:35:45 +0900] "GET /wordpress/?feed=rss2&p=51 HTTP/1.1" 200 0 "" "Yeti/1.0 (NHN Corp.; http://help.naver.com/robots/)"
61.247.222.45 - - [13/Apr/2009:04:35:46 +0900] "GET /wordpress/?feed=rss2&p=169 HTTP/1.1" 200 0 "" "Yeti/1.0 (NHN Corp.; http://help.naver.com/robots/)"
61.247.222.54 - - [13/Apr/2009:04:36:06 +0900] "GET /wordpress/?feed=rss2&p=194 HTTP/1.1" 200 0 "" "Yeti/1.0 (NHN Corp.; http://help.naver.com/robots/)"
61.247.222.45 - - [13/Apr/2009:04:36:37 +0900] "GET /wordpress/?feed=rss2&p=130 HTTP/1.1" 200 0 "" "Yeti/1.0 (NHN Corp.; http://help.naver.com/robots/)"
61.247.222.56 - - [13/Apr/2009:04:37:48 +0900] "GET /wordpress/?cat=1&paged=8 HTTP/1.1" 200 0 "" "Yeti/1.0 (NHN Corp.; http://help.naver.com/robots/)"
61.247.222.54 - - [13/Apr/2009:04:39:43 +0900] "GET /wordpress/?feed=rss2&p=186 HTTP/1.1" 200 0 "" "Yeti/1.0 (NHN Corp.; http://help.naver.com/robots/)"
61.247.222.56 - - [13/Apr/2009:04:41:16 +0900] "GET /wordpress/?feed=rss2&p=161 HTTP/1.1" 200 0 "" "Yeti/1.0 (NHN Corp.; http://help.naver.com/robots/)"
61.247.222.45 - - [13/Apr/2009:04:41:40 +0900] "GET /wordpress/?feed=rss2&p=256 HTTP/1.1" 200 0 "" "Yeti/1.0 (NHN Corp.; http://help.naver.com/robots/)"
61.247.222.54 - - [13/Apr/2009:04:45:34 +0900] "GET /wordpress/?feed=rss2&p=83 HTTP/1.1" 200 0 "" "Yeti/1.0 (NHN Corp.; http://help.naver.com/robots/)"
61.247.222.44 - - [13/Apr/2009:04:46:59 +0900] "GET /wordpress/?feed=rss2&p=104 HTTP/1.1" 200 0 "" "Yeti/1.0 (NHN Corp.; http://help.naver.com/robots/)"
61.247.222.55 - - [13/Apr/2009:04:47:38 +0900] "GET /wordpress/?feed=rss2&p=138 HTTP/1.1" 200 0 "" "Yeti/1.0 (NHN Corp.; http://help.naver.com/robots/)"
61.247.222.56 - - [13/Apr/2009:04:48:58 +0900] "GET /wordpress/?feed=rss2&p=101 HTTP/1.1" 200 0 "" "Yeti/1.0 (NHN Corp.; http://help.naver.com/robots/)"
61.247.222.56 - - [13/Apr/2009:04:49:44 +0900] "GET /wordpress/?p=127 HTTP/1.1" 200 0 "" "Yeti/1.0 (NHN Corp.; http://help.naver.com/robots/)"
61.247.222.54 - - [13/Apr/2009:04:49:52 +0900] "GET /wordpress/?feed=rss2&p=201 HTTP/1.1" 200 0 "" "Yeti/1.0 (NHN Corp.; http://help.naver.com/robots/)"
64.1.215.164 - - [13/Apr/2009:04:52:22 +0900] "GET /wordpress/?m=20060727 HTTP/1.0" 200 0 "" "Mozilla/5.0 (Twiceler-0.9 http://www.cuil.com/twiceler/robot.html)"
61.247.222.45 - - [13/Apr/2009:04:52:43 +0900] "GET /wordpress/?feed=rss2&p=275 HTTP/1.1" 200 0 "" "Yeti/1.0 (NHN Corp.; http://help.naver.com/robots/)"
64.1.215.164 - - [13/Apr/2009:04:54:00 +0900] "GET /wordpress/?m=20090106 HTTP/1.0" 200 0 "" "Mozilla/5.0 (Twiceler-0.9 http://www.cuil.com/twiceler/robot.html)"
64.1.215.164 - - [13/Apr/2009:04:55:03 +0900] "GET /wordpress/?p=228 HTTP/1.0" 200 0 "" "Mozilla/5.0 (Twiceler-0.9 http://www.cuil.com/twiceler/robot.html)"
61.247.222.54 - - [13/Apr/2009:04:55:10 +0900] "GET /wordpress/?p=65 HTTP/1.1" 200 0 "" "Yeti/1.0 (NHN Corp.; http://help.naver.com/robots/)"
61.247.222.54 - - [13/Apr/2009:04:55:46 +0900] "GET /wordpress/?p=64 HTTP/1.1" 200 0 "" "Yeti/1.0 (NHN Corp.; http://help.naver.com/robots/)"
61.247.222.56 - - [13/Apr/2009:04:56:15 +0900] "GET /wordpress/?feed=rss2&p=18 HTTP/1.1" 200 0 "" "Yeti/1.0 (NHN Corp.; http://help.naver.com/robots/)"
61.247.222.54 - - [13/Apr/2009:04:56:52 +0900] "GET /wordpress/?feed=rss2&p=127 HTTP/1.1" 200 0 "" "Yeti/1.0 (NHN Corp.; http://help.naver.com/robots/)"
61.247.222.56 - - [13/Apr/2009:04:59:25 +0900] "GET /wordpress/?feed=rss2&p=64 HTTP/1.1" 200 0 "" "Yeti/1.0 (NHN Corp.; http://help.naver.com/robots/)"
219.112.245.23 - - [13/Apr/2009:05:00:20 +0900] "GET /wordpress/?feed=rss2 HTTP/1.1" 200 0 "" "mixi-crawler/2.00 (http://mixi.jp/)"
61.247.222.45 - - [13/Apr/2009:05:08:04 +0900] "GET /wordpress/?feed=rss2&p=136 HTTP/1.1" 200 0 "" "Yeti/1.0 (NHN Corp.; http://help.naver.com/robots/)"
66.249.70.90 - - [13/Apr/2009:05:10:17 +0900] "GET /wordpress/?p=36 HTTP/1.1" 200 0 "" "Mozilla/5.0 (compatible; Googlebot/2.1; +http://www.google.com/bot.html)"
64.1.215.164 - - [13/Apr/2009:05:13:00 +0900] "GET /wordpress/?m=20061202 HTTP/1.0" 200 0 "" "Mozilla/5.0 (Twiceler-0.9 http://www.cuil.com/twiceler/robot.html)"
61.247.222.45 - - [13/Apr/2009:05:14:28 +0900] "GET /wordpress/?feed=rss2&p=166 HTTP/1.1" 200 0 "" "Yeti/1.0 (NHN Corp.; http://help.naver.com/robots/)"
64.1.215.164 - - [13/Apr/2009:05:14:34 +0900] "GET /wordpress/?p=227 HTTP/1.0" 200 0 "" "Mozilla/5.0 (Twiceler-0.9 http://www.cuil.com/twiceler/robot.html)"
64.1.215.164 - - [13/Apr/2009:05:15:34 +0900] "GET /wordpress/?tag=card&paged=2 HTTP/1.0" 200 0 "" "Mozilla/5.0 (Twiceler-0.9 http://www.cuil.com/twiceler/robot.html)"
66.249.70.90 - - [13/Apr/2009:05:16:02 +0900] "GET /wordpress/?p=288 HTTP/1.1" 200 0 "" "Mozilla/5.0 (compatible; Googlebot/2.1; +http://www.google.com/bot.html)"
64.1.215.164 - - [13/Apr/2009:05:16:23 +0900] "GET /wordpress/?m=20070512 HTTP/1.0" 200 0 "" "Mozilla/5.0 (Twiceler-0.9 http://www.cuil.com/twiceler/robot.html)"
61.247.222.56 - - [13/Apr/2009:05:16:36 +0900] "GET /wordpress/?feed=rss2&p=94 HTTP/1.1" 200 0 "" "Yeti/1.0 (NHN Corp.; http://help.naver.com/robots/)"
61.247.222.54 - - [13/Apr/2009:05:17:10 +0900] "GET /wordpress/?feed=rss2&p=42 HTTP/1.1" 200 0 "" "Yeti/1.0 (NHN Corp.; http://help.naver.com/robots/)"
64.1.215.164 - - [13/Apr/2009:05:17:11 +0900] "GET /wordpress/?p=231&cpage=1 HTTP/1.0" 200 0 "" "Mozilla/5.0 (Twiceler-0.9 http://www.cuil.com/twiceler/robot.html)"
61.247.222.56 - - [13/Apr/2009:05:20:58 +0900] "GET /wordpress/?p=38 HTTP/1.1" 200 0 "" "Yeti/1.0 (NHN Corp.; http://help.naver.com/robots/)"
61.247.222.54 - - [13/Apr/2009:05:23:45 +0900] "GET /wordpress/?feed=rss2&p=38 HTTP/1.1" 200 0 "" "Yeti/1.0 (NHN Corp.; http://help.naver.com/robots/)"
61.247.222.54 - - [13/Apr/2009:05:24:05 +0900] "GET /wordpress/?feed=rss2&p=244 HTTP/1.1" 200 0 "" "Yeti/1.0 (NHN Corp.; http://help.naver.com/robots/)"
61.247.222.54 - - [13/Apr/2009:05:30:52 +0900] "GET /wordpress/?p=114 HTTP/1.1" 200 0 "" "Yeti/1.0 (NHN Corp.; http://help.naver.com/robots/)"
61.247.222.54 - - [13/Apr/2009:05:31:20 +0900] "GET /wordpress/?p=108 HTTP/1.1" 200 0 "" "Yeti/1.0 (NHN Corp.; http://help.naver.com/robots/)"
61.247.222.44 - - [13/Apr/2009:05:31:39 +0900] "GET /wordpress/?m=20061119 HTTP/1.1" 200 0 "" "Yeti/1.0 (NHN Corp.; http://help.naver.com/robots/)"
61.247.222.56 - - [13/Apr/2009:05:44:13 +0900] "GET /wordpress/?feed=rss2&p=44 HTTP/1.1" 200 0 "" "Yeti/1.0 (NHN Corp.; http://help.naver.com/robots/)"
61.247.222.44 - - [13/Apr/2009:05:46:37 +0900] "GET /wordpress/?feed=rss2&p=225 HTTP/1.1" 200 0 "" "Yeti/1.0 (NHN Corp.; http://help.naver.com/robots/)"
61.247.222.45 - - [13/Apr/2009:05:47:46 +0900] "GET /wordpress/?feed=rss2&p=32 HTTP/1.1" 200 0 "" "Yeti/1.0 (NHN Corp.; http://help.naver.com/robots/)"
61.247.222.55 - - [13/Apr/2009:05:49:31 +0900] "GET /wordpress/?feed=rss2&p=12 HTTP/1.1" 200 0 "" "Yeti/1.0 (NHN Corp.; http://help.naver.com/robots/)"
61.247.222.54 - - [13/Apr/2009:05:49:31 +0900] "GET /wordpress/?feed=rss2&p=81 HTTP/1.1" 200 0 "" "Yeti/1.0 (NHN Corp.; http://help.naver.com/robots/)"
61.247.222.45 - - [13/Apr/2009:05:50:18 +0900] "GET /wordpress/?feed=rss2&p=91 HTTP/1.1" 200 0 "" "Yeti/1.0 (NHN Corp.; http://help.naver.com/robots/)"
61.247.222.54 - - [13/Apr/2009:05:50:45 +0900] "GET /wordpress/?feed=rss2&p=195 HTTP/1.1" 200 0 "" "Yeti/1.0 (NHN Corp.; http://help.naver.com/robots/)"
61.247.222.45 - - [13/Apr/2009:05:51:26 +0900] "GET /wordpress/?feed=rss2&p=276 HTTP/1.1" 200 0 "" "Yeti/1.0 (NHN Corp.; http://help.naver.com/robots/)"
61.247.222.54 - - [13/Apr/2009:05:52:41 +0900] "GET /wordpress/?p=27 HTTP/1.1" 200 0 "" "Yeti/1.0 (NHN Corp.; http://help.naver.com/robots/)"
61.247.222.54 - - [13/Apr/2009:05:54:20 +0900] "GET /wordpress/?m=20070415 HTTP/1.1" 200 0 "" "Yeti/1.0 (NHN Corp.; http://help.naver.com/robots/)"
64.1.215.164 - - [13/Apr/2009:05:55:12 +0900] "GET /wordpress/wp-trackback.php?p=313 HTTP/1.0" 200 0 "" "Mozilla/5.0 (Twiceler-0.9 http://www.cuil.com/twiceler/robot.html)"
61.247.222.45 - - [13/Apr/2009:05:56:09 +0900] "GET /wordpress/?feed=rss2&p=154 HTTP/1.1" 200 0 "" "Yeti/1.0 (NHN Corp.; http://help.naver.com/robots/)"
64.1.215.164 - - [13/Apr/2009:05:56:47 +0900] "GET /wordpress/?feed=rss2&p=274 HTTP/1.0" 200 0 "" "Mozilla/5.0 (Twiceler-0.9 http://www.cuil.com/twiceler/robot.html)"
61.247.222.54 - - [13/Apr/2009:05:58:39 +0900] "GET /wordpress/?feed=rss2&p=41 HTTP/1.1" 200 0 "" "Yeti/1.0 (NHN Corp.; http://help.naver.com/robots/)"
61.247.222.55 - - [13/Apr/2009:06:00:12 +0900] "GET /wordpress/?feed=rss2&p=78 HTTP/1.1" 200 0 "" "Yeti/1.0 (NHN Corp.; http://help.naver.com/robots/)"
61.247.222.54 - - [13/Apr/2009:06:05:12 +0900] "GET /wordpress/?p=62 HTTP/1.1" 200 0 "" "Yeti/1.0 (NHN Corp.; http://help.naver.com/robots/)"
61.247.222.56 - - [13/Apr/2009:06:06:45 +0900] "GET /wordpress/?feed=rss2&p=106 HTTP/1.1" 200 0 "" "Yeti/1.0 (NHN Corp.; http://help.naver.com/robots/)"
61.247.222.44 - - [13/Apr/2009:06:07:11 +0900] "GET /wordpress/?m=20061003 HTTP/1.1" 200 0 "" "Yeti/1.0 (NHN Corp.; http://help.naver.com/robots/)"
61.247.222.56 - - [13/Apr/2009:06:07:39 +0900] "GET /wordpress/?m=20061004 HTTP/1.1" 200 0 "" "Yeti/1.0 (NHN Corp.; http://help.naver.com/robots/)"
61.247.222.45 - - [13/Apr/2009:06:08:02 +0900] "GET /wordpress/?m=20061007 HTTP/1.1" 200 0 "" "Yeti/1.0 (NHN Corp.; http://help.naver.com/robots/)"
61.247.222.55 - - [13/Apr/2009:06:08:23 +0900] "GET /wordpress/?m=20061008 HTTP/1.1" 200 0 "" "Yeti/1.0 (NHN Corp.; http://help.naver.com/robots/)"
61.247.222.55 - - [13/Apr/2009:06:09:06 +0900] "GET /wordpress/?m=20061014 HTTP/1.1" 200 0 "" "Yeti/1.0 (NHN Corp.; http://help.naver.com/robots/)"
61.247.222.55 - - [13/Apr/2009:06:09:21 +0900] "GET /wordpress/?m=20061015 HTTP/1.1" 200 0 "" "Yeti/1.0 (NHN Corp.; http://help.naver.com/robots/)"
61.247.222.56 - - [13/Apr/2009:06:09:33 +0900] "GET /wordpress/?m=20061016 HTTP/1.1" 200 0 "" "Yeti/1.0 (NHN Corp.; http://help.naver.com/robots/)"
61.247.222.44 - - [13/Apr/2009:06:09:47 +0900] "GET /wordpress/?m=20061023 HTTP/1.1" 200 0 "" "Yeti/1.0 (NHN Corp.; http://help.naver.com/robots/)"
61.247.222.54 - - [13/Apr/2009:06:10:14 +0900] "GET /wordpress/?m=20061026 HTTP/1.1" 200 0 "" "Yeti/1.0 (NHN Corp.; http://help.naver.com/robots/)"
61.247.222.54 - - [13/Apr/2009:06:10:36 +0900] "GET /wordpress/?m=20061027 HTTP/1.1" 200 0 "" "Yeti/1.0 (NHN Corp.; http://help.naver.com/robots/)"
61.247.222.45 - - [13/Apr/2009:06:11:15 +0900] "GET /wordpress/?m=20061030 HTTP/1.1" 200 0 "" "Yeti/1.0 (NHN Corp.; http://help.naver.com/robots/)"
61.247.222.45 - - [13/Apr/2009:06:11:19 +0900] "GET /wordpress/?feed=rss2&p=271 HTTP/1.1" 200 0 "" "Yeti/1.0 (NHN Corp.; http://help.naver.com/robots/)"
61.247.222.44 - - [13/Apr/2009:06:12:17 +0900] "GET /wordpress/?feed=rss2&p=110 HTTP/1.1" 200 0 "" "Yeti/1.0 (NHN Corp.; http://help.naver.com/robots/)"
61.247.222.45 - - [13/Apr/2009:06:12:45 +0900] "GET /wordpress/?feed=rss2&p=48 HTTP/1.1" 200 0 "" "Yeti/1.0 (NHN Corp.; http://help.naver.com/robots/)"
61.247.222.54 - - [13/Apr/2009:06:13:15 +0900] "GET /wordpress/?feed=rss2&p=117 HTTP/1.1" 200 0 "" "Yeti/1.0 (NHN Corp.; http://help.naver.com/robots/)"
64.1.215.164 - - [13/Apr/2009:06:15:32 +0900] "GET /wordpress/?tag=%e6%81%8b%e6%a5%af HTTP/1.0" 200 0 "" "Mozilla/5.0 (Twiceler-0.9 http://www.cuil.com/twiceler/robot.html)"
61.247.222.44 - - [13/Apr/2009:06:16:30 +0900] "GET /wordpress/?feed=rss2&p=200 HTTP/1.1" 200 0 "" "Yeti/1.0 (NHN Corp.; http://help.naver.com/robots/)"
64.1.215.164 - - [13/Apr/2009:06:17:11 +0900] "GET /wordpress/?p=46 HTTP/1.0" 200 0 "" "Mozilla/5.0 (Twiceler-0.9 http://www.cuil.com/twiceler/robot.html)"
64.1.215.164 - - [13/Apr/2009:06:35:57 +0900] "GET /wordpress/?p=105 HTTP/1.0" 200 0 "" "Mozilla/5.0 (Twiceler-0.9 http://www.cuil.com/twiceler/robot.html)"
64.1.215.164 - - [13/Apr/2009:06:37:28 +0900] "GET /wordpress/?feed=rss2&p=161 HTTP/1.0" 200 0 "" "Mozilla/5.0 (Twiceler-0.9 http://www.cuil.com/twiceler/robot.html)"
64.1.215.164 - - [13/Apr/2009:06:56:06 +0900] "GET /wordpress/?p=127 HTTP/1.0" 200 0 "" "Mozilla/5.0 (Twiceler-0.9 http://www.cuil.com/twiceler/robot.html)"
219.112.245.23 - - [13/Apr/2009:07:02:26 +0900] "GET /wordpress/?feed=rss2 HTTP/1.1" 200 0 "" "mixi-crawler/2.00 (http://mixi.jp/)"
61.247.222.55 - - [13/Apr/2009:07:06:22 +0900] "GET /wordpress/?feed=rss2&p=40 HTTP/1.1" 200 0 "" "Yeti/1.0 (NHN Corp.; http://help.naver.com/robots/)"
64.1.215.164 - - [13/Apr/2009:07:16:06 +0900] "GET /wordpress/?m=20061014 HTTP/1.0" 200 0 "" "Mozilla/5.0 (Twiceler-0.9 http://www.cuil.com/twiceler/robot.html)"
64.1.215.164 - - [13/Apr/2009:07:17:32 +0900] "GET /wordpress/?feed=rss2&p=175 HTTP/1.0" 200 0 "" "Mozilla/5.0 (Twiceler-0.9 http://www.cuil.com/twiceler/robot.html)"
66.249.70.90 - - [13/Apr/2009:07:32:16 +0900] "GET /wordpress/?p=150 HTTP/1.1" 200 0 "" "Mozilla/5.0 (compatible; Googlebot/2.1; +http://www.google.com/bot.html)"
64.1.215.164 - - [13/Apr/2009:07:34:56 +0900] "GET /wordpress/?m=200606 HTTP/1.0" 200 0 "" "Mozilla/5.0 (Twiceler-0.9 http://www.cuil.com/twiceler/robot.html)"
64.1.215.164 - - [13/Apr/2009:07:36:28 +0900] "GET /wordpress/?m=20081211 HTTP/1.0" 200 0 "" "Mozilla/5.0 (Twiceler-0.9 http://www.cuil.com/twiceler/robot.html)"
64.1.215.164 - - [13/Apr/2009:07:53:52 +0900] "GET /wordpress/?p=303 HTTP/1.0" 200 0 "" "Mozilla/5.0 (Twiceler-0.9 http://www.cuil.com/twiceler/robot.html)"
119.63.193.35 - - [13/Apr/2009:07:54:48 +0900] "GET /wordpress/?p=196 HTTP/1.1" 200 0 "" "Baiduspider+(+http://www.baidu.jp/spider/)"
64.1.215.164 - - [13/Apr/2009:07:55:20 +0900] "GET /wordpress/?m=20081207 HTTP/1.0" 200 0 "" "Mozilla/5.0 (Twiceler-0.9 http://www.cuil.com/twiceler/robot.html)"
64.1.215.164 - - [13/Apr/2009:08:12:56 +0900] "GET /wordpress/?tag=linux HTTP/1.0" 200 0 "" "Mozilla/5.0 (Twiceler-0.9 http://www.cuil.com/twiceler/robot.html)"
64.1.215.164 - - [13/Apr/2009:08:14:17 +0900] "GET /wordpress/?m=20090115 HTTP/1.0" 200 0 "" "Mozilla/5.0 (Twiceler-0.9 http://www.cuil.com/twiceler/robot.html)"
64.1.215.164 - - [13/Apr/2009:08:15:05 +0900] "GET /wordpress/?p=190&cpage=1 HTTP/1.0" 200 0 "" "Mozilla/5.0 (Twiceler-0.9 http://www.cuil.com/twiceler/robot.html)"
66.249.70.90 - - [13/Apr/2009:08:30:03 +0900] "GET /wordpress/?p=157 HTTP/1.1" 200 0 "" "Mozilla/5.0 (compatible; Googlebot/2.1; +http://www.google.com/bot.html)"
64.1.215.164 - - [13/Apr/2009:08:33:26 +0900] "GET /wordpress/?m=200701 HTTP/1.0" 200 0 "" "Mozilla/5.0 (Twiceler-0.9 http://www.cuil.com/twiceler/robot.html)"
64.1.215.164 - - [13/Apr/2009:08:34:49 +0900] "GET /wordpress/?p=245 HTTP/1.0" 200 0 "" "Mozilla/5.0 (Twiceler-0.9 http://www.cuil.com/twiceler/robot.html)"
64.1.215.164 - - [13/Apr/2009:08:35:37 +0900] "GET /wordpress/?p=165 HTTP/1.0" 200 0 "" "Mozilla/5.0 (Twiceler-0.9 http://www.cuil.com/twiceler/robot.html)"
219.112.245.23 - - [13/Apr/2009:09:04:30 +0900] "GET /wordpress/?feed=rss2 HTTP/1.1" 200 0 "" "mixi-crawler/2.00 (http://mixi.jp/)"
219.112.246.154 - - [13/Apr/2009:09:17:15 +0900] "GET /wordpress/?p=265 HTTP/1.0" 200 0 "" "mixi-mobile-converter/1.0 (http://mixi.jp/)"
203.129.113.186 - - [13/Apr/2009:09:42:44 +0900] "GET /wordpress/?tag=weblog%E3%83%80%E3%82%A4%E3%82%A8%E3%83%83%E3%83%88 HTTP/1.1" 200 0 "http://www.google.co.jp/search?q=shapewalker&hl=ja&lr=lang_ja&start=40&sa=N" "Mozilla/4.0 (compatible; MSIE 7.0; Windows NT 5.1; .NET CLR 1.1.4322; InfoPath.1; .NET CLR 2.0.50727; .NET CLR 3.0.4506.2152; .NET CLR 3.5.30729)"
66.249.70.90 - - [13/Apr/2009:09:44:26 +0900] "GET /wordpress/?p=274 HTTP/1.1" 200 0 "" "Mozilla/5.0 (compatible; Googlebot/2.1; +http://www.google.com/bot.html)"
210.188.220.161 - - [13/Apr/2009:10:30:56 +0900] "GET /wordpress/wp-cron.php?check=1e91024afe55c29758a38699a2480175 HTTP/1.0" 200 0 "" ""
64.1.215.164 - - [13/Apr/2009:10:30:59 +0900] "GET /wordpress/?p=72 HTTP/1.0" 200 0 "" "Mozilla/5.0 (Twiceler-0.9 http://www.cuil.com/twiceler/robot.html)"
64.1.215.164 - - [13/Apr/2009:10:32:12 +0900] "GET /wordpress/?p=298 HTTP/1.0" 200 0 "" "Mozilla/5.0 (Twiceler-0.9 http://www.cuil.com/twiceler/robot.html)"
219.112.245.23 - - [13/Apr/2009:11:06:34 +0900] "GET /wordpress/?feed=rss2 HTTP/1.1" 200 0 "" "mixi-crawler/2.00 (http://mixi.jp/)"
64.1.215.164 - - [13/Apr/2009:11:07:32 +0900] "GET /wordpress/?p=287&cpage=1 HTTP/1.0" 200 0 "" "Mozilla/5.0 (Twiceler-0.9 http://www.cuil.com/twiceler/robot.html)"
64.1.215.164 - - [13/Apr/2009:11:08:59 +0900] "GET /wordpress/?p=233 HTTP/1.0" 200 0 "" "Mozilla/5.0 (Twiceler-0.9 http://www.cuil.com/twiceler/robot.html)"
59.156.103.167 - - [13/Apr/2009:11:17:28 +0900] "GET /wordpress/ HTTP/1.1" 200 0 "http://elder-alliance.org/" "Mozilla/4.0 (compatible; MSIE 6.0; Windows NT 5.1; SV1; GTB5; .NET CLR 1.1.4322)"
59.156.103.167 - - [13/Apr/2009:11:22:43 +0900] "GET /wordpress/ HTTP/1.1" 200 0 "http://elder-alliance.org/" "Mozilla/4.0 (compatible; MSIE 6.0; Windows NT 5.1; SV1; GTB5; .NET CLR 1.1.4322)"
59.156.103.167 - - [13/Apr/2009:11:22:54 +0900] "GET /wordpress/?paged=2 HTTP/1.1" 200 0 "http://www.elder-alliance.org/wordpress/" "Mozilla/4.0 (compatible; MSIE 6.0; Windows NT 5.1; SV1; GTB5; .NET CLR 1.1.4322)"
64.1.215.164 - - [13/Apr/2009:11:25:50 +0900] "GET /wordpress/?p=301 HTTP/1.0" 200 0 "" "Mozilla/5.0 (Twiceler-0.9 http://www.cuil.com/twiceler/robot.html)"
64.1.215.164 - - [13/Apr/2009:11:27:11 +0900] "GET /wordpress/wp-trackback.php?p=229 HTTP/1.0" 200 0 "" "Mozilla/5.0 (Twiceler-0.9 http://www.cuil.com/twiceler/robot.html)"
150.70.84.26 - - [13/Apr/2009:11:41:11 +0900] "GET /wordpress/ HTTP/1.0" 200 0 "" "Mozilla/4.0 (compatible; MSIE 6.0; Windows NT 5.1)"
64.1.215.164 - - [13/Apr/2009:11:44:07 +0900] "GET /wordpress/wp-login.php HTTP/1.0" 200 0 "" "Mozilla/5.0 (Twiceler-0.9 http://www.cuil.com/twiceler/robot.html)"
64.1.215.164 - - [13/Apr/2009:11:45:30 +0900] "GET /wordpress/?tag=%e3%82%a2%e3%83%ab%e3%82%b4%e3%83%aa%e3%82%ba%e3%83%a0 HTTP/1.0" 200 0 "" "Mozilla/5.0 (Twiceler-0.9 http://www.cuil.com/twiceler/robot.html)"
64.1.215.164 - - [13/Apr/2009:11:46:16 +0900] "GET /wordpress/?m=20061003 HTTP/1.0" 200 0 "" "Mozilla/5.0 (Twiceler-0.9 http://www.cuil.com/twiceler/robot.html)"
150.70.84.26 - - [13/Apr/2009:11:46:17 +0900] "GET /wordpress/ HTTP/1.0" 200 0 "" "Mozilla/4.0 (compatible; MSIE 6.0; Windows NT 5.1)"
64.1.215.164 - - [13/Apr/2009:11:47:05 +0900] "GET /wordpress/?p=304 HTTP/1.0" 200 0 "" "Mozilla/5.0 (Twiceler-0.9 http://www.cuil.com/twiceler/robot.html)"
64.1.215.164 - - [13/Apr/2009:12:02:23 +0900] "GET /wordpress/?m=200704 HTTP/1.0" 200 0 "" "Mozilla/5.0 (Twiceler-0.9 http://www.cuil.com/twiceler/robot.html)"
64.1.215.164 - - [13/Apr/2009:12:03:59 +0900] "GET /wordpress/?p=189 HTTP/1.0" 200 0 "" "Mozilla/5.0 (Twiceler-0.9 http://www.cuil.com/twiceler/robot.html)"
64.1.215.164 - - [13/Apr/2009:12:20:40 +0900] "GET /wordpress/?m=20081202 HTTP/1.0" 200 0 "" "Mozilla/5.0 (Twiceler-0.9 http://www.cuil.com/twiceler/robot.html)"
64.1.215.164 - - [13/Apr/2009:12:22:36 +0900] "GET /wordpress/?m=20090109 HTTP/1.0" 200 0 "" "Mozilla/5.0 (Twiceler-0.9 http://www.cuil.com/twiceler/robot.html)"
64.1.215.164 - - [13/Apr/2009:12:39:00 +0900] "GET /wordpress/?m=200712 HTTP/1.0" 200 0 "" "Mozilla/5.0 (Twiceler-0.9 http://www.cuil.com/twiceler/robot.html)"
64.1.215.164 - - [13/Apr/2009:12:40:46 +0900] "GET /wordpress/?m=200811 HTTP/1.0" 200 0 "" "Mozilla/5.0 (Twiceler-0.9 http://www.cuil.com/twiceler/robot.html)"
64.1.215.164 - - [13/Apr/2009:12:41:52 +0900] "GET /wordpress/?p=299 HTTP/1.0" 200 0 "" "Mozilla/5.0 (Twiceler-0.9 http://www.cuil.com/twiceler/robot.html)"
64.1.215.164 - - [13/Apr/2009:12:42:50 +0900] "GET /wordpress/?tag=web%E3%83%86%E3%82%AF%E3%83%8E%E3%83%AD%E3%82%B8&paged=2 HTTP/1.0" 200 0 "" "Mozilla/5.0 (Twiceler-0.9 http://www.cuil.com/twiceler/robot.html)"
64.1.215.164 - - [13/Apr/2009:12:43:52 +0900] "GET /wordpress/?feed=rss2&p=145 HTTP/1.0" 200 0 "" "Mozilla/5.0 (Twiceler-0.9 http://www.cuil.com/twiceler/robot.html)"
66.249.70.90 - - [13/Apr/2009:12:51:23 +0900] "GET /wordpress/?p=213 HTTP/1.1" 200 0 "" "Mozilla/5.0 (compatible; Googlebot/2.1; +http://www.google.com/bot.html)"
64.1.215.164 - - [13/Apr/2009:12:57:18 +0900] "GET /wordpress/?m=200801 HTTP/1.0" 200 0 "" "Mozilla/5.0 (Twiceler-0.9 http://www.cuil.com/twiceler/robot.html)"
64.1.215.164 - - [13/Apr/2009:12:59:15 +0900] "GET /wordpress/?m=20061004 HTTP/1.0" 200 0 "" "Mozilla/5.0 (Twiceler-0.9 http://www.cuil.com/twiceler/robot.html)"
219.112.245.23 - - [13/Apr/2009:13:07:56 +0900] "GET /wordpress/?feed=rss2 HTTP/1.1" 200 0 "" "mixi-crawler/2.00 (http://mixi.jp/)"
64.1.215.164 - - [13/Apr/2009:13:15:33 +0900] "GET /wordpress/?p=209 HTTP/1.0" 200 0 "" "Mozilla/5.0 (Twiceler-0.9 http://www.cuil.com/twiceler/robot.html)"
64.1.215.164 - - [13/Apr/2009:13:17:14 +0900] "GET /wordpress/?p=208 HTTP/1.0" 200 0 "" "Mozilla/5.0 (Twiceler-0.9 http://www.cuil.com/twiceler/robot.html)"
118.110.129.57 - - [13/Apr/2009:13:30:35 +0900] "GET /wordpress/?p=777 HTTP/1.1" 200 0 "http://blogsearch.google.co.jp/blogsearch?q=TYPE-MOON&um=1&ie=UTF-8&hl=ja&scoring=d" "Mozilla/5.0 (Windows; U; Windows NT 5.1; ja; rv:1.9.0.8) Gecko/2009032609 Firefox/3.0.8"
64.1.215.164 - - [13/Apr/2009:13:33:55 +0900] "GET /wordpress/?tag=wordpress HTTP/1.0" 200 0 "" "Mozilla/5.0 (Twiceler-0.9 http://www.cuil.com/twiceler/robot.html)"
64.1.215.164 - - [13/Apr/2009:13:35:44 +0900] "GET /wordpress/?p=48 HTTP/1.0" 200 0 "" "Mozilla/5.0 (Twiceler-0.9 http://www.cuil.com/twiceler/robot.html)"
64.1.215.164 - - [13/Apr/2009:13:37:07 +0900] "GET /wordpress/?p=225 HTTP/1.0" 200 0 "" "Mozilla/5.0 (Twiceler-0.9 http://www.cuil.com/twiceler/robot.html)"
64.1.215.164 - - [13/Apr/2009:13:38:47 +0900] "GET /wordpress/?p=88 HTTP/1.0" 200 0 "" "Mozilla/5.0 (Twiceler-0.9 http://www.cuil.com/twiceler/robot.html)"
210.136.3.112 - - [13/Apr/2009:13:44:09 +0900] "GET /wordpress/?p=775 HTTP/1.0" 200 0 "" "Mozilla/4.0 (compatible; MSIE 7.0; Windows NT 5.1; .NET CLR 1.1.4322; .NET CLR 2.0.50727; .NET CLR 3.0.04506.30; .NET CLR 3.0.04506.648; InfoPath.1; .NET CLR 3.0.4506.2152; .NET CLR 3.5.30729)"
222.147.58.73 - - [13/Apr/2009:13:52:07 +0900] "GET /wordpress/ HTTP/1.1" 200 0 "" "Mozilla/5.0 (Windows; U; Windows NT 5.1; ja; rv:1.9.0.8) Gecko/2009032609 Firefox/3.0.8 (.NET CLR 3.5.30729)"
64.1.215.164 - - [13/Apr/2009:14:10:30 +0900] "GET /wordpress/?feed=rss2&p=261 HTTP/1.0" 200 0 "" "Mozilla/5.0 (Twiceler-0.9 http://www.cuil.com/twiceler/robot.html)"
64.1.215.164 - - [13/Apr/2009:14:12:12 +0900] "GET /wordpress/?feed=rss2&p=190 HTTP/1.0" 200 0 "" "Mozilla/5.0 (Twiceler-0.9 http://www.cuil.com/twiceler/robot.html)"
64.1.215.164 - - [13/Apr/2009:14:28:40 +0900] "GET /wordpress/?m=20090411 HTTP/1.0" 200 0 "" "Mozilla/5.0 (Twiceler-0.9 http://www.cuil.com/twiceler/robot.html)"
64.1.215.164 - - [13/Apr/2009:14:30:28 +0900] "GET /wordpress/?p=255 HTTP/1.0" 200 0 "" "Mozilla/5.0 (Twiceler-0.9 http://www.cuil.com/twiceler/robot.html)"
64.1.215.164 - - [13/Apr/2009:14:31:49 +0900] "GET /wordpress/?m=20060711 HTTP/1.0" 200 0 "" "Mozilla/5.0 (Twiceler-0.9 http://www.cuil.com/twiceler/robot.html)"
150.70.84.26 - - [13/Apr/2009:14:33:10 +0900] "GET /wordpress/ HTTP/1.0" 200 0 "" "Mozilla/4.0 (compatible; MSIE 6.0; Windows NT 5.1)"
64.1.215.164 - - [13/Apr/2009:14:49:50 +0900] "GET /wordpress/?p=147 HTTP/1.0" 200 0 "" "Mozilla/5.0 (Twiceler-0.9 http://www.cuil.com/twiceler/robot.html)"
64.1.215.164 - - [13/Apr/2009:14:51:20 +0900] "GET /wordpress/?feed=rss2&p=68 HTTP/1.0" 200 0 "" "Mozilla/5.0 (Twiceler-0.9 http://www.cuil.com/twiceler/robot.html)"
61.116.221.168 - - [13/Apr/2009:14:59:06 +0900] "GET /wordpress/?p=265 HTTP/1.1" 200 0 "http://mixi.jp/view_diary.pl?url=http%3A%2F%2Fwww.elder-alliance.org%2Fwordpress%2F%3Fp%3D265&owner_id=1219747" "Mozilla/4.0 (compatible; MSIE 7.0; Windows NT 5.1; .NET CLR 1.1.4322; .NET CLR 2.0.50727)"
219.112.245.23 - - [13/Apr/2009:15:09:30 +0900] "GET /wordpress/?feed=rss2 HTTP/1.1" 200 0 "" "mixi-crawler/2.00 (http://mixi.jp/)"
64.1.215.164 - - [13/Apr/2009:15:09:44 +0900] "GET /wordpress/?m=20070228 HTTP/1.0" 200 0 "" "Mozilla/5.0 (Twiceler-0.9 http://www.cuil.com/twiceler/robot.html)"
64.1.215.164 - - [13/Apr/2009:15:11:16 +0900] "GET /wordpress/?m=20061007 HTTP/1.0" 200 0 "" "Mozilla/5.0 (Twiceler-0.9 http://www.cuil.com/twiceler/robot.html)"
64.1.215.164 - - [13/Apr/2009:15:12:15 +0900] "GET /wordpress/?p=258 HTTP/1.0" 200 0 "" "Mozilla/5.0 (Twiceler-0.9 http://www.cuil.com/twiceler/robot.html)"
64.1.215.164 - - [13/Apr/2009:15:29:19 +0900] "GET /wordpress/?m=200810 HTTP/1.0" 200 0 "" "Mozilla/5.0 (Twiceler-0.9 http://www.cuil.com/twiceler/robot.html)"
64.1.215.164 - - [13/Apr/2009:15:30:45 +0900] "GET /wordpress/?p=256 HTTP/1.0" 200 0 "" "Mozilla/5.0 (Twiceler-0.9 http://www.cuil.com/twiceler/robot.html)"
64.1.215.164 - - [13/Apr/2009:15:31:39 +0900] "GET /wordpress/wp-trackback.php?p=281 HTTP/1.0" 200 0 "" "Mozilla/5.0 (Twiceler-0.9 http://www.cuil.com/twiceler/robot.html)"
64.1.215.164 - - [13/Apr/2009:15:32:37 +0900] "GET /wordpress/wp-trackback.php?p=105 HTTP/1.0" 200 0 "" "Mozilla/5.0 (Twiceler-0.9 http://www.cuil.com/twiceler/robot.html)"
64.1.215.164 - - [13/Apr/2009:15:50:49 +0900] "GET /wordpress/?tag=%e6%81%8b%e5%a7%ab%e2%80%a0%e7%84%a1%e5%8f%8c HTTP/1.0" 200 0 "" "Mozilla/5.0 (Twiceler-0.9 http://www.cuil.com/twiceler/robot.html)"
64.1.215.164 - - [13/Apr/2009:15:52:15 +0900] "GET /wordpress/?feed=rss2&p=775 HTTP/1.0" 200 0 "" "Mozilla/5.0 (Twiceler-0.9 http://www.cuil.com/twiceler/robot.html)"
64.1.215.164 - - [13/Apr/2009:15:53:04 +0900] "GET /wordpress/?tag=%E3%82%B3%E3%83%B3%E3%83%94%E3%83%A5%E3%83%BC%E3%82%BF&paged=3 HTTP/1.0" 200 0 "" "Mozilla/5.0 (Twiceler-0.9 http://www.cuil.com/twiceler/robot.html)"
66.249.70.90 - - [13/Apr/2009:16:26:37 +0900] "GET /wordpress/wp-trackback.php?p=37 HTTP/1.1" 200 0 "" "Mozilla/5.0 (compatible; Googlebot/2.1; +http://www.google.com/bot.html)"
64.1.215.164 - - [13/Apr/2009:16:31:12 +0900] "GET /wordpress/?feed=rss2&p=360 HTTP/1.0" 200 0 "" "Mozilla/5.0 (Twiceler-0.9 http://www.cuil.com/twiceler/robot.html)"
64.1.215.164 - - [13/Apr/2009:16:32:38 +0900] "GET /wordpress/?p=180 HTTP/1.0" 200 0 "" "Mozilla/5.0 (Twiceler-0.9 http://www.cuil.com/twiceler/robot.html)"
66.249.70.90 - - [13/Apr/2009:16:36:19 +0900] "GET /wordpress/wp-trackback.php?p=318 HTTP/1.1" 200 0 "" "Mozilla/5.0 (compatible; Googlebot/2.1; +http://www.google.com/bot.html)"
64.1.215.164 - - [13/Apr/2009:16:52:28 +0900] "GET /wordpress/?tag=%e3%83%88%e3%83%ac%e3%82%ab HTTP/1.0" 200 0 "" "Mozilla/5.0 (Twiceler-0.9 http://www.cuil.com/twiceler/robot.html)"
66.249.70.90 - - [13/Apr/2009:16:53:06 +0900] "GET /wordpress/?tag=web%E3%83%86%E3%82%AF%E3%83%8E%E3%83%AD%E3%82%B8 HTTP/1.1" 200 0 "" "Mozilla/5.0 (compatible; Googlebot/2.1; +http://www.google.com/bot.html)"
64.1.215.164 - - [13/Apr/2009:16:53:54 +0900] "GET /wordpress/?m=20070909 HTTP/1.0" 200 0 "" "Mozilla/5.0 (Twiceler-0.9 http://www.cuil.com/twiceler/robot.html)"
64.1.215.164 - - [13/Apr/2009:16:54:46 +0900] "GET /wordpress/?p=295 HTTP/1.0" 200 0 "" "Mozilla/5.0 (Twiceler-0.9 http://www.cuil.com/twiceler/robot.html)"
64.1.215.164 - - [13/Apr/2009:16:55:38 +0900] "GET /wordpress/?m=20070515 HTTP/1.0" 200 0 "" "Mozilla/5.0 (Twiceler-0.9 http://www.cuil.com/twiceler/robot.html)"
64.1.215.164 - - [13/Apr/2009:16:56:22 +0900] "GET /wordpress/?p=38 HTTP/1.0" 200 0 "" "Mozilla/5.0 (Twiceler-0.9 http://www.cuil.com/twiceler/robot.html)"
66.249.70.90 - - [13/Apr/2009:16:58:02 +0900] "GET /wordpress/?tag=%E6%9B%B8%E8%A9%95 HTTP/1.1" 200 0 "" "Mozilla/5.0 (compatible; Googlebot/2.1; +http://www.google.com/bot.html)"
219.112.245.23 - - [13/Apr/2009:17:10:59 +0900] "GET /wordpress/?feed=rss2 HTTP/1.1" 200 0 "" "mixi-crawler/2.00 (http://mixi.jp/)"
64.1.215.164 - - [13/Apr/2009:17:13:32 +0900] "GET /wordpress/?m=200708 HTTP/1.0" 200 0 "" "Mozilla/5.0 (Twiceler-0.9 http://www.cuil.com/twiceler/robot.html)"
64.1.215.164 - - [13/Apr/2009:17:33:59 +0900] "GET /wordpress/?p=49 HTTP/1.0" 200 0 "" "Mozilla/5.0 (Twiceler-0.9 http://www.cuil.com/twiceler/robot.html)"
64.1.215.164 - - [13/Apr/2009:17:35:28 +0900] "GET /wordpress/?p=271 HTTP/1.0" 200 0 "" "Mozilla/5.0 (Twiceler-0.9 http://www.cuil.com/twiceler/robot.html)"
64.1.215.164 - - [13/Apr/2009:17:36:32 +0900] "GET /wordpress/?m=20090124 HTTP/1.0" 200 0 "" "Mozilla/5.0 (Twiceler-0.9 http://www.cuil.com/twiceler/robot.html)"
64.1.215.164 - - [13/Apr/2009:17:37:28 +0900] "GET /wordpress/wp-trackback.php?p=1 HTTP/1.0" 200 0 "" "Mozilla/5.0 (Twiceler-0.9 http://www.cuil.com/twiceler/robot.html)"
64.1.215.164 - - [13/Apr/2009:17:38:14 +0900] "GET /wordpress/?m=20060916 HTTP/1.0" 200 0 "" "Mozilla/5.0 (Twiceler-0.9 http://www.cuil.com/twiceler/robot.html)"
64.1.215.164 - - [13/Apr/2009:17:38:59 +0900] "GET /wordpress/wp-trackback.php?p=161 HTTP/1.0" 200 0 "" "Mozilla/5.0 (Twiceler-0.9 http://www.cuil.com/twiceler/robot.html)"
61.247.222.44 - - [13/Apr/2009:17:49:11 +0900] "GET /wordpress/?m=20070909 HTTP/1.1" 200 0 "" "Yeti/1.0 (NHN Corp.; http://help.naver.com/robots/)"
64.1.215.164 - - [13/Apr/2009:17:54:35 +0900] "GET /wordpress/?m=200903 HTTP/1.0" 200 0 "" "Mozilla/5.0 (Twiceler-0.9 http://www.cuil.com/twiceler/robot.html)"
64.1.215.164 - - [13/Apr/2009:17:56:06 +0900] "GET /wordpress/?p=77 HTTP/1.0" 200 0 "" "Mozilla/5.0 (Twiceler-0.9 http://www.cuil.com/twiceler/robot.html)"
64.1.215.164 - - [13/Apr/2009:17:57:02 +0900] "GET /wordpress/?tag=weblog%E3%83%80%E3%82%A4%E3%82%A8%E3%83%83%E3%83%88&paged=2 HTTP/1.0" 200 0 "" "Mozilla/5.0 (Twiceler-0.9 http://www.cuil.com/twiceler/robot.html)"
64.1.215.164 - - [13/Apr/2009:17:57:53 +0900] "GET /wordpress/?p=97 HTTP/1.0" 200 0 "" "Mozilla/5.0 (Twiceler-0.9 http://www.cuil.com/twiceler/robot.html)"
64.1.215.164 - - [13/Apr/2009:17:58:38 +0900] "GET /wordpress/?p=221 HTTP/1.0" 200 0 "" "Mozilla/5.0 (Twiceler-0.9 http://www.cuil.com/twiceler/robot.html)"
61.247.222.44 - - [13/Apr/2009:18:04:23 +0900] "GET /wordpress/?feed=rss2&p=65 HTTP/1.1" 200 0 "" "Yeti/1.0 (NHN Corp.; http://help.naver.com/robots/)"
61.247.222.56 - - [13/Apr/2009:18:05:47 +0900] "GET /wordpress/?feed=rss2&p=109 HTTP/1.1" 200 0 "" "Yeti/1.0 (NHN Corp.; http://help.naver.com/robots/)"
61.247.222.44 - - [13/Apr/2009:18:15:14 +0900] "GET /wordpress/?m=20060918 HTTP/1.1" 200 0 "" "Yeti/1.0 (NHN Corp.; http://help.naver.com/robots/)"
64.1.215.164 - - [13/Apr/2009:18:15:19 +0900] "GET /wordpress/?m=200703 HTTP/1.0" 200 0 "" "Mozilla/5.0 (Twiceler-0.9 http://www.cuil.com/twiceler/robot.html)"
64.1.215.164 - - [13/Apr/2009:18:16:48 +0900] "GET /wordpress/?p=136 HTTP/1.0" 200 0 "" "Mozilla/5.0 (Twiceler-0.9 http://www.cuil.com/twiceler/robot.html)"
64.1.215.164 - - [13/Apr/2009:18:17:50 +0900] "GET /wordpress/?p=32 HTTP/1.0" 200 0 "" "Mozilla/5.0 (Twiceler-0.9 http://www.cuil.com/twiceler/robot.html)"
64.1.215.164 - - [13/Apr/2009:18:18:48 +0900] "GET /wordpress/?feed=rss2&p=313 HTTP/1.0" 200 0 "" "Mozilla/5.0 (Twiceler-0.9 http://www.cuil.com/twiceler/robot.html)"
64.1.215.164 - - [13/Apr/2009:18:19:33 +0900] "GET /wordpress/wp-trackback.php?p=90 HTTP/1.0" 200 0 "" "Mozilla/5.0 (Twiceler-0.9 http://www.cuil.com/twiceler/robot.html)"
61.247.222.56 - - [13/Apr/2009:18:22:50 +0900] "GET /wordpress/?feed=rss2&p=27 HTTP/1.1" 200 0 "" "Yeti/1.0 (NHN Corp.; http://help.naver.com/robots/)"
66.249.70.90 - - [13/Apr/2009:18:24:26 +0900] "GET /wordpress/wp-trackback.php?p=287 HTTP/1.1" 200 0 "" "Mozilla/5.0 (compatible; Googlebot/2.1; +http://www.google.com/bot.html)"
66.249.70.90 - - [13/Apr/2009:18:24:27 +0900] "GET /wordpress/?p=287 HTTP/1.1" 200 0 "" "Mozilla/5.0 (compatible; Googlebot/2.1; +http://www.google.com/bot.html)"
219.66.58.136 - - [13/Apr/2009:18:31:05 +0900] "GET /wordpress/ HTTP/1.1" 200 0 "http://www.elder-alliance.org/" "Mozilla/5.0 (Windows; U; Windows NT 5.1; ja; rv:1.9.0.5) Gecko/2008120122 Firefox/3.0.5"
61.247.222.45 - - [13/Apr/2009:18:33:17 +0900] "GET /wordpress/?feed=rss2&p=23 HTTP/1.1" 200 0 "" "Yeti/1.0 (NHN Corp.; http://help.naver.com/robots/)"
64.1.215.164 - - [13/Apr/2009:18:37:05 +0900] "GET /wordpress/?p=183 HTTP/1.0" 200 0 "" "Mozilla/5.0 (Twiceler-0.9 http://www.cuil.com/twiceler/robot.html)"
64.1.215.164 - - [13/Apr/2009:18:38:29 +0900] "GET /wordpress/?p=8 HTTP/1.0" 200 0 "" "Mozilla/5.0 (Twiceler-0.9 http://www.cuil.com/twiceler/robot.html)"
61.247.222.44 - - [13/Apr/2009:18:41:56 +0900] "GET /wordpress/?feed=rss2&p=224 HTTP/1.1" 200 0 "" "Yeti/1.0 (NHN Corp.; http://help.naver.com/robots/)"
61.247.222.45 - - [13/Apr/2009:18:51:12 +0900] "GET /wordpress/?p=120 HTTP/1.1" 200 0 "" "Yeti/1.0 (NHN Corp.; http://help.naver.com/robots/)"
61.247.222.44 - - [13/Apr/2009:18:56:03 +0900] "GET /wordpress/?cat=1&paged=9 HTTP/1.1" 200 0 "" "Yeti/1.0 (NHN Corp.; http://help.naver.com/robots/)"
64.1.215.164 - - [13/Apr/2009:18:59:04 +0900] "GET /wordpress/?tag=%e3%83%9d%e3%82%b1%e3%83%a2%e3%83%b3 HTTP/1.0" 200 0 "" "Mozilla/5.0 (Twiceler-0.9 http://www.cuil.com/twiceler/robot.html)"
64.1.215.164 - - [13/Apr/2009:19:00:34 +0900] "GET /wordpress/?p=37 HTTP/1.0" 200 0 "" "Mozilla/5.0 (Twiceler-0.9 http://www.cuil.com/twiceler/robot.html)"
64.1.215.164 - - [13/Apr/2009:19:01:42 +0900] "GET /wordpress/?p=273 HTTP/1.0" 200 0 "" "Mozilla/5.0 (Twiceler-0.9 http://www.cuil.com/twiceler/robot.html)"
64.1.215.164 - - [13/Apr/2009:19:02:43 +0900] "GET /wordpress/wp-trackback.php?p=145 HTTP/1.0" 200 0 "" "Mozilla/5.0 (Twiceler-0.9 http://www.cuil.com/twiceler/robot.html)"
64.1.215.164 - - [13/Apr/2009:19:03:44 +0900] "GET /wordpress/wp-trackback.php?p=201 HTTP/1.0" 200 0 "" "Mozilla/5.0 (Twiceler-0.9 http://www.cuil.com/twiceler/robot.html)"
64.1.215.164 - - [13/Apr/2009:19:04:39 +0900] "GET /wordpress/?feed=rss2&p=285 HTTP/1.0" 200 0 "" "Mozilla/5.0 (Twiceler-0.9 http://www.cuil.com/twiceler/robot.html)"
219.112.245.23 - - [13/Apr/2009:19:12:28 +0900] "GET /wordpress/?feed=rss2 HTTP/1.1" 200 0 "" "mixi-crawler/2.00 (http://mixi.jp/)"
61.247.222.44 - - [13/Apr/2009:19:18:09 +0900] "GET /wordpress/?feed=rss2&p=184 HTTP/1.1" 200 0 "" "Yeti/1.0 (NHN Corp.; http://help.naver.com/robots/)"
64.1.215.164 - - [13/Apr/2009:19:18:45 +0900] "GET /wordpress/?m=20090228 HTTP/1.0" 200 0 "" "Mozilla/5.0 (Twiceler-0.9 http://www.cuil.com/twiceler/robot.html)"
64.1.215.164 - - [13/Apr/2009:19:20:09 +0900] "GET /wordpress/?m=20061026 HTTP/1.0" 200 0 "" "Mozilla/5.0 (Twiceler-0.9 http://www.cuil.com/twiceler/robot.html)"
61.247.222.56 - - [13/Apr/2009:19:20:37 +0900] "GET /wordpress/?feed=rss2&p=120 HTTP/1.1" 200 0 "" "Yeti/1.0 (NHN Corp.; http://help.naver.com/robots/)"
64.1.215.164 - - [13/Apr/2009:19:21:04 +0900] "GET /wordpress/?p=210 HTTP/1.0" 200 0 "" "Mozilla/5.0 (Twiceler-0.9 http://www.cuil.com/twiceler/robot.html)"
64.1.215.164 - - [13/Apr/2009:19:21:59 +0900] "GET /wordpress/?p=220&cpage=1 HTTP/1.0" 200 0 "" "Mozilla/5.0 (Twiceler-0.9 http://www.cuil.com/twiceler/robot.html)"
61.247.222.54 - - [13/Apr/2009:19:29:40 +0900] "GET /wordpress/?m=20060601 HTTP/1.1" 200 0 "" "Yeti/1.0 (NHN Corp.; http://help.naver.com/robots/)"
61.247.222.55 - - [13/Apr/2009:19:36:25 +0900] "GET /wordpress/?feed=rss2&p=19 HTTP/1.1" 200 0 "" "Yeti/1.0 (NHN Corp.; http://help.naver.com/robots/)"
64.1.215.164 - - [13/Apr/2009:19:39:12 +0900] "GET /wordpress/wp-trackback.php?p=318 HTTP/1.0" 200 0 "" "Mozilla/5.0 (Twiceler-0.9 http://www.cuil.com/twiceler/robot.html)"
116.65.47.143 - - [13/Apr/2009:19:41:02 +0900] "POST /wordpress/wp-login.php HTTP/1.1" 200 0 "http://www.elder-alliance.org/wordpress/wp-login.php?redirect_to=http%3A%2F%2Fwww.elder-alliance.org%2Fwordpress%2Fwp-admin%2F" "Mozilla/5.0 (Windows; U; Windows NT 5.1; ja; rv:1.9.0.8) Gecko/2009032609 Firefox/3.0.8 (.NET CLR 3.5.30729)"
116.65.47.143 - - [13/Apr/2009:19:41:21 +0900] "GET /wordpress/ HTTP/1.1" 200 0 "http://www.elder-alliance.org/wordpress/wp-admin/" "Mozilla/5.0 (Windows; U; Windows NT 5.1; ja; rv:1.9.0.8) Gecko/2009032609 Firefox/3.0.8 (.NET CLR 3.5.30729)"
66.249.70.90 - - [13/Apr/2009:19:42:16 +0900] "GET /wordpress/?p=72 HTTP/1.1" 200 0 "" "Mozilla/5.0 (compatible; Googlebot/2.1; +http://www.google.com/bot.html)"
61.247.222.55 - - [13/Apr/2009:19:43:15 +0900] "GET /wordpress/?feed=rss2&p=299 HTTP/1.1" 200 0 "" "Yeti/1.0 (NHN Corp.; http://help.naver.com/robots/)"
64.1.215.164 - - [13/Apr/2009:20:01:23 +0900] "GET /wordpress/?m=20090407 HTTP/1.0" 200 0 "" "Mozilla/5.0 (Twiceler-0.9 http://www.cuil.com/twiceler/robot.html)"
64.1.215.164 - - [13/Apr/2009:20:03:17 +0900] "GET /wordpress/?p=284 HTTP/1.0" 200 0 "" "Mozilla/5.0 (Twiceler-0.9 http://www.cuil.com/twiceler/robot.html)"
64.1.215.164 - - [13/Apr/2009:20:05:04 +0900] "GET /wordpress/?p=283 HTTP/1.0" 200 0 "" "Mozilla/5.0 (Twiceler-0.9 http://www.cuil.com/twiceler/robot.html)"
66.249.70.90 - - [13/Apr/2009:20:05:40 +0900] "GET /wordpress/wp-trackback.php?p=202 HTTP/1.1" 200 0 "" "Mozilla/5.0 (compatible; Googlebot/2.1; +http://www.google.com/bot.html)"
66.249.70.90 - - [13/Apr/2009:20:05:41 +0900] "GET /wordpress/?p=202 HTTP/1.1" 200 0 "" "Mozilla/5.0 (compatible; Googlebot/2.1; +http://www.google.com/bot.html)"
64.1.215.164 - - [13/Apr/2009:20:06:39 +0900] "GET /wordpress/?feed=rss2&p=318 HTTP/1.0" 200 0 "" "Mozilla/5.0 (Twiceler-0.9 http://www.cuil.com/twiceler/robot.html)"
61.247.222.44 - - [13/Apr/2009:20:20:33 +0900] "GET /wordpress/?p=114 HTTP/1.1" 200 0 "" "Yeti/1.0 (NHN Corp.; http://help.naver.com/robots/)"
61.247.222.56 - - [13/Apr/2009:20:20:55 +0900] "GET /wordpress/?p=108 HTTP/1.1" 200 0 "" "Yeti/1.0 (NHN Corp.; http://help.naver.com/robots/)"
64.1.215.164 - - [13/Apr/2009:20:21:26 +0900] "GET /wordpress/?p=294 HTTP/1.0" 200 0 "" "Mozilla/5.0 (Twiceler-0.9 http://www.cuil.com/twiceler/robot.html)"
64.1.215.164 - - [13/Apr/2009:20:23:01 +0900] "GET /wordpress/?m=20071011 HTTP/1.0" 200 0 "" "Mozilla/5.0 (Twiceler-0.9 http://www.cuil.com/twiceler/robot.html)"
61.247.222.44 - - [13/Apr/2009:20:23:15 +0900] "GET /wordpress/?feed=rss2&p=69 HTTP/1.1" 200 0 "" "Yeti/1.0 (NHN Corp.; http://help.naver.com/robots/)"
66.249.70.90 - - [13/Apr/2009:20:23:44 +0900] "GET /wordpress/wp-trackback.php?p=292 HTTP/1.1" 200 0 "" "Mozilla/5.0 (compatible; Googlebot/2.1; +http://www.google.com/bot.html)"
66.249.70.90 - - [13/Apr/2009:20:23:45 +0900] "GET /wordpress/?p=292 HTTP/1.1" 200 0 "" "Mozilla/5.0 (compatible; Googlebot/2.1; +http://www.google.com/bot.html)"
64.1.215.164 - - [13/Apr/2009:20:24:11 +0900] "GET /wordpress/?p=171 HTTP/1.0" 200 0 "" "Mozilla/5.0 (Twiceler-0.9 http://www.cuil.com/twiceler/robot.html)"
61.247.222.55 - - [13/Apr/2009:20:25:23 +0900] "GET /wordpress/?feed=rss2&p=108 HTTP/1.1" 200 0 "" "Yeti/1.0 (NHN Corp.; http://help.naver.com/robots/)"
210.132.128.91 - - [13/Apr/2009:20:28:51 +0900] "GET /wordpress/ HTTP/1.1" 200 0 "" "Mozilla/4.0 (compatible; MSIE 6.0; Windows NT 5.1; SV1; .NET CLR 1.1.4322; .NET CLR 2.0.50727)"
210.188.220.161 - - [13/Apr/2009:20:39:48 +0900] "GET /wordpress/wp-cron.php?check=1e91024afe55c29758a38699a2480175 HTTP/1.0" 200 0 "" ""
116.65.47.143 - - [13/Apr/2009:20:39:55 +0900] "GET /wordpress/?p=786 HTTP/1.1" 200 0 "http://www.elder-alliance.org/wordpress/wp-admin/post.php?action=edit&post=786&message=6" "Mozilla/5.0 (Windows; U; Windows NT 5.1; ja; rv:1.9.0.8) Gecko/2009032609 Firefox/3.0.8 (.NET CLR 3.5.30729)"
66.249.70.90 - - [13/Apr/2009:20:40:28 +0900] "GET /wordpress/?feed=atom HTTP/1.1" 200 0 "" "Mozilla/5.0 (compatible; Googlebot/2.1; +http://www.google.com/bot.html)"
66.249.70.90 - - [13/Apr/2009:20:40:29 +0900] "GET /wordpress/ HTTP/1.1" 200 0 "" "Mozilla/5.0 (compatible; Googlebot/2.1; +http://www.google.com/bot.html)"
116.65.47.143 - - [13/Apr/2009:20:40:38 +0900] "GET /wordpress/ HTTP/1.1" 200 0 "http://www.elder-alliance.org/wordpress/" "Mozilla/5.0 (Windows; U; Windows NT 5.1; ja; rv:1.9.0.8) Gecko/2009032609 Firefox/3.0.8 (.NET CLR 3.5.30729)"
64.1.215.164 - - [13/Apr/2009:20:42:25 +0900] "GET /wordpress/?tag=%e3%81%8a%e3%81%a8%e3%81%bc%e3%81%8f%e3%81%8a%e3%81%88%e3%81%b3 HTTP/1.0" 200 0 "" "Mozilla/5.0 (Twiceler-0.9 http://www.cuil.com/twiceler/robot.html)"
64.1.215.164 - - [13/Apr/2009:20:43:57 +0900] "GET /wordpress/?m=20061023 HTTP/1.0" 200 0 "" "Mozilla/5.0 (Twiceler-0.9 http://www.cuil.com/twiceler/robot.html)"
66.249.70.90 - - [13/Apr/2009:20:44:52 +0900] "GET /wordpress/?p=786 HTTP/1.1" 200 0 "" "Mozilla/5.0 (compatible; Googlebot/2.1; +http://www.google.com/bot.html)"
64.1.215.164 - - [13/Apr/2009:20:45:05 +0900] "GET /wordpress/?m=20061223 HTTP/1.0" 200 0 "" "Mozilla/5.0 (Twiceler-0.9 http://www.cuil.com/twiceler/robot.html)"
210.188.220.161 - - [13/Apr/2009:20:45:35 +0900] "GET /wordpress/wp-cron.php?check=1e91024afe55c29758a38699a2480175 HTTP/1.0" 200 0 "" ""
116.65.47.143 - - [13/Apr/2009:20:45:41 +0900] "GET /wordpress/ HTTP/1.1" 200 0 "http://www.elder-alliance.org/wordpress/wp-admin/post.php?action=edit&post=786&_wp_original_http_referer=http%3A%2F%2Fwww.elder-alliance.org%2Fwordpress%2F&message=1" "Mozilla/5.0 (Windows; U; Windows NT 5.1; ja; rv:1.9.0.8) Gecko/2009032609 Firefox/3.0.8 (.NET CLR 3.5.30729)"
64.1.215.164 - - [13/Apr/2009:20:46:04 +0900] "GET /wordpress/?p=276 HTTP/1.0" 200 0 "" "Mozilla/5.0 (Twiceler-0.9 http://www.cuil.com/twiceler/robot.html)"
206.113.193.50 - - [13/Apr/2009:20:48:10 +0900] "GET /wordpress/?feed=rss2 HTTP/1.1" 200 0 "" "BlogPulseLive (support@blogpulse.com)"
38.117.108.131 - - [13/Apr/2009:20:51:06 +0900] "GET /wordpress/ HTTP/1.1" 200 0 "" "Java/1.6.0_11"
38.117.108.131 - - [13/Apr/2009:20:51:08 +0900] "GET /wordpress/ HTTP/1.1" 200 0 "" "HTMLParser/1.6"
38.117.108.131 - - [13/Apr/2009:20:51:10 +0900] "GET /wordpress/?feed=rss2 HTTP/1.1" 200 0 "" "Rome Client (http://tinyurl.com/64t5n) Ver: 0.9"
66.249.70.90 - - [13/Apr/2009:20:51:34 +0900] "GET /wordpress/wp-trackback.php?p=786 HTTP/1.1" 200 0 "" "Mozilla/5.0 (compatible; Googlebot/2.1; +http://www.google.com/bot.html)"
66.249.70.90 - - [13/Apr/2009:20:52:04 +0900] "GET /wordpress/?feed=rss2&p=786 HTTP/1.1" 200 0 "" "Mozilla/5.0 (compatible; Googlebot/2.1; +http://www.google.com/bot.html)"
209.131.41.49 - - [13/Apr/2009:20:54:17 +0900] "GET /wordpress/ HTTP/1.1" 200 0 "" "YahooFeedSeeker/2.0 (compatible; Mozilla 4.0; MSIE 5.5; http://publisher.yahoo.com/rssguide)"
64.1.215.164 - - [13/Apr/2009:21:03:19 +0900] "GET /wordpress/?m=200808 HTTP/1.0" 200 0 "" "Mozilla/5.0 (Twiceler-0.9 http://www.cuil.com/twiceler/robot.html)"
66.249.70.90 - - [13/Apr/2009:21:03:27 +0900] "GET /wordpress/?p=786 HTTP/1.1" 200 0 "" "Mozilla/5.0 (compatible; Googlebot/2.1; +http://www.google.com/bot.html)"
64.1.215.164 - - [13/Apr/2009:21:04:51 +0900] "GET /wordpress/?p=194&cpage=1 HTTP/1.0" 200 0 "" "Mozilla/5.0 (Twiceler-0.9 http://www.cuil.com/twiceler/robot.html)"
219.112.245.23 - - [13/Apr/2009:21:14:52 +0900] "GET /wordpress/?feed=rss2 HTTP/1.1" 200 0 "" "mixi-crawler/2.00 (http://mixi.jp/)"
219.112.246.155 - - [13/Apr/2009:21:20:53 +0900] "GET /wordpress/?p=786 HTTP/1.0" 200 0 "" "mixi-mobile-converter/1.0 (http://mixi.jp/)"
64.1.215.164 - - [13/Apr/2009:21:25:07 +0900] "GET /wordpress/?m=20070730 HTTP/1.0" 200 0 "" "Mozilla/5.0 (Twiceler-0.9 http://www.cuil.com/twiceler/robot.html)"
66.249.70.90 - - [13/Apr/2009:21:26:51 +0900] "GET /wordpress/?feed=atom HTTP/1.1" 200 0 "" "Mozilla/5.0 (compatible; Googlebot/2.1; +http://www.google.com/bot.html)"
66.249.70.90 - - [13/Apr/2009:21:26:53 +0900] "GET /wordpress/ HTTP/1.1" 200 0 "" "Mozilla/5.0 (compatible; Googlebot/2.1; +http://www.google.com/bot.html)"
64.1.215.164 - - [13/Apr/2009:21:26:55 +0900] "GET /wordpress/?p=777 HTTP/1.0" 200 0 "" "Mozilla/5.0 (Twiceler-0.9 http://www.cuil.com/twiceler/robot.html)"
64.1.215.164 - - [13/Apr/2009:21:28:14 +0900] "GET /wordpress/?p=287 HTTP/1.0" 200 0 "" "Mozilla/5.0 (Twiceler-0.9 http://www.cuil.com/twiceler/robot.html)"
64.1.215.164 - - [13/Apr/2009:21:29:14 +0900] "GET /wordpress/?m=20070504 HTTP/1.0" 200 0 "" "Mozilla/5.0 (Twiceler-0.9 http://www.cuil.com/twiceler/robot.html)"
64.1.215.164 - - [13/Apr/2009:21:30:02 +0900] "GET /wordpress/wp-trackback.php?p=91 HTTP/1.0" 200 0 "" "Mozilla/5.0 (Twiceler-0.9 http://www.cuil.com/twiceler/robot.html)"
64.1.215.164 - - [13/Apr/2009:21:46:06 +0900] "GET /wordpress/?m=20060717 HTTP/1.0" 200 0 "" "Mozilla/5.0 (Twiceler-0.9 http://www.cuil.com/twiceler/robot.html)"
64.1.215.164 - - [13/Apr/2009:21:47:51 +0900] "GET /wordpress/?p=42 HTTP/1.0" 200 0 "" "Mozilla/5.0 (Twiceler-0.9 http://www.cuil.com/twiceler/robot.html)"
210.188.220.161 - - [13/Apr/2009:22:07:38 +0900] "GET /wordpress/wp-cron.php?check=1e91024afe55c29758a38699a2480175 HTTP/1.0" 200 0 "" ""
64.1.215.164 - - [13/Apr/2009:22:07:38 +0900] "GET /wordpress/?m=20090207 HTTP/1.0" 200 0 "" "Mozilla/5.0 (Twiceler-0.9 http://www.cuil.com/twiceler/robot.html)"
64.1.215.164 - - [13/Apr/2009:22:09:24 +0900] "GET /wordpress/?m=20060922 HTTP/1.0" 200 0 "" "Mozilla/5.0 (Twiceler-0.9 http://www.cuil.com/twiceler/robot.html)"
211.121.101.236 - - [13/Apr/2009:22:18:59 +0900] "GET /wordpress/ HTTP/1.1" 200 0 "http://www.elder-alliance.org/" "Mozilla/5.0 (Windows; U; Windows NT 5.1; ja; rv:1.9.0.5) Gecko/2008120122 Firefox/3.0.5"
64.1.215.164 - - [13/Apr/2009:22:29:04 +0900] "GET /wordpress/?tag=%e3%81%af%e3%81%98%e3%82%8b%e3%81%99 HTTP/1.0" 200 0 "" "Mozilla/5.0 (Twiceler-0.9 http://www.cuil.com/twiceler/robot.html)"
64.1.215.164 - - [13/Apr/2009:22:30:49 +0900] "GET /wordpress/?p=144 HTTP/1.0" 200 0 "" "Mozilla/5.0 (Twiceler-0.9 http://www.cuil.com/twiceler/robot.html)"
64.1.215.164 - - [13/Apr/2009:22:32:06 +0900] "GET /wordpress/wp-trackback.php?p=254 HTTP/1.0" 200 0 "" "Mozilla/5.0 (Twiceler-0.9 http://www.cuil.com/twiceler/robot.html)"
125.54.114.3 - - [13/Apr/2009:22:48:29 +0900] "GET /wordpress/?p=786 HTTP/1.1" 200 0 "http://mixi.jp/view_diary.pl?url=http%3A%2F%2Fwww.elder-alliance.org%2Fwordpress%2F%3Fp%3D786&owner_id=1219747" "Mozilla/5.0 (Windows; U; Windows NT 6.0; ja; rv:1.9.0.8) Gecko/2009032609 Firefox/3.0.8 (.NET CLR 3.5.30729)"
66.249.70.90 - - [13/Apr/2009:22:50:24 +0900] "GET /wordpress/wp-trackback.php?p=195 HTTP/1.1" 200 0 "" "Mozilla/5.0 (compatible; Googlebot/2.1; +http://www.google.com/bot.html)"
66.249.70.90 - - [13/Apr/2009:22:50:25 +0900] "GET /wordpress/?p=195 HTTP/1.1" 200 0 "" "Mozilla/5.0 (compatible; Googlebot/2.1; +http://www.google.com/bot.html)"
64.1.215.164 - - [13/Apr/2009:22:52:22 +0900] "GET /wordpress/?tag=wine HTTP/1.0" 200 0 "" "Mozilla/5.0 (Twiceler-0.9 http://www.cuil.com/twiceler/robot.html)"
64.1.215.164 - - [13/Apr/2009:22:54:09 +0900] "GET /wordpress/?p=99 HTTP/1.0" 200 0 "" "Mozilla/5.0 (Twiceler-0.9 http://www.cuil.com/twiceler/robot.html)"
64.1.215.164 - - [13/Apr/2009:22:55:21 +0900] "GET /wordpress/?feed=rss2&p=254 HTTP/1.0" 200 0 "" "Mozilla/5.0 (Twiceler-0.9 http://www.cuil.com/twiceler/robot.html)"
64.1.215.164 - - [13/Apr/2009:22:56:19 +0900] "GET /wordpress/wp-trackback.php?p=227 HTTP/1.0" 200 0 "" "Mozilla/5.0 (Twiceler-0.9 http://www.cuil.com/twiceler/robot.html)"
202.219.141.204 - - [13/Apr/2009:22:58:02 +0900] "GET /wordpress/?p=786 HTTP/1.1" 200 0 "http://mixi.jp/view_diary.pl?url=http%3A%2F%2Fwww.elder-alliance.org%2Fwordpress%2F%3Fp%3D786&owner_id=1219747" "Mozilla/4.0 (compatible; MSIE 6.0; Windows NT 5.1; SV1; Tablet PC 1.7; .NET CLR 1.0.3705; .NET CLR 1.1.4322; .NET CLR 2.0.50727)"
150.70.84.46 - - [13/Apr/2009:22:59:23 +0900] "GET /wordpress/?p=786 HTTP/1.0" 200 0 "" "Mozilla/4.0 (compatible; MSIE 6.0; Windows NT 5.1)"
219.112.246.154 - - [13/Apr/2009:23:00:32 +0900] "GET /wordpress/?p=786 HTTP/1.0" 200 0 "" "mixi-mobile-converter/1.0 (http://mixi.jp/)"