116.65.47.143 - - [09/Apr/2009:11:50:46 +0900] "GET /wordpress/ HTTP/1.1" 200 0 "http://www.elder-alliance.org/wordpress/?p=128" "Mozilla/4.0 (compatible; MSIE 8.0; Windows NT 5.1; Trident/4.0; .NET CLR 1.1.4322; .NET CLR 2.0.50727; .NET CLR 3.0.4506.2152; .NET CLR 3.5.30729)"
116.65.47.143 - - [09/Apr/2009:11:50:54 +0900] "GET /wordpress/ HTTP/1.1" 200 0 "http://www.elder-alliance.org/wordpress/?p=128" "Mozilla/4.0 (compatible; MSIE 7.0; Windows NT 5.1; Trident/4.0; .NET CLR 1.1.4322; .NET CLR 2.0.50727; .NET CLR 3.0.4506.2152; .NET CLR 3.5.30729)"
116.65.47.143 - - [09/Apr/2009:11:51:20 +0900] "GET /wordpress/?p=128 HTTP/1.1" 200 0 "http://www.elder-alliance.org/wordpress/" "Mozilla/4.0 (compatible; MSIE 7.0; Windows NT 5.1; Trident/4.0; .NET CLR 1.1.4322; .NET CLR 2.0.50727; .NET CLR 3.0.4506.2152; .NET CLR 3.5.30729)"
116.65.47.143 - - [09/Apr/2009:11:53:37 +0900] "GET /wordpress/ HTTP/1.1" 200 0 "http://www.elder-alliance.org/wordpress/?p=493" "Mozilla/5.0 (Windows; U; Windows NT 5.1; ja; rv:1.9.0.8) Gecko/2009032609 Firefox/3.0.8 (.NET CLR 3.5.30729)"
116.65.47.143 - - [09/Apr/2009:11:53:57 +0900] "GET /wordpress/ HTTP/1.1" 200 0 "http://www.elder-alliance.org/wordpress/?p=493" "Mozilla/5.0 (Windows; U; Windows NT 5.1; ja; rv:1.9.0.8) Gecko/2009032609 Firefox/3.0.8 (.NET CLR 3.5.30729)"
128.30.52.71 - - [09/Apr/2009:11:55:49 +0900] "GET /wordpress/ HTTP/1.1" 200 0 "" "W3C_Validator/1.654"
116.65.47.143 - - [09/Apr/2009:11:59:33 +0900] "GET /wordpress/?p=305&preview=true&preview_id=305&preview_nonce=fca670af35 HTTP/1.1" 200 0 "http://www.elder-alliance.org/wordpress/wp-admin/post.php?action=edit&post=305" "Mozilla/5.0 (Windows; U; Windows NT 5.1; ja; rv:1.9.0.8) Gecko/2009032609 Firefox/3.0.8 (.NET CLR 3.5.30729)"
210.188.220.161 - - [09/Apr/2009:12:02:08 +0900] "GET /wordpress/wp-cron.php?check=1e91024afe55c29758a38699a2480175 HTTP/1.0" 200 0 "" ""
128.30.52.70 - - [09/Apr/2009:12:03:22 +0900] "GET /wordpress/ HTTP/1.1" 200 0 "" "W3C_Validator/1.654"
210.188.220.161 - - [09/Apr/2009:12:04:53 +0900] "GET /wordpress/wp-cron.php?check=1e91024afe55c29758a38699a2480175 HTTP/1.0" 200 0 "" ""
116.65.47.143 - - [09/Apr/2009:12:06:01 +0900] "GET /wordpress/ HTTP/1.1" 200 0 "http://www.elder-alliance.org/wordpress/?p=125" "Mozilla/5.0 (Windows; U; Windows NT 5.1; ja; rv:1.9.0.8) Gecko/2009032609 Firefox/3.0.8 (.NET CLR 3.5.30729)"
210.188.220.161 - - [09/Apr/2009:12:06:47 +0900] "GET /wordpress/wp-cron.php?check=1e91024afe55c29758a38699a2480175 HTTP/1.0" 200 0 "" ""
116.65.47.143 - - [09/Apr/2009:12:08:01 +0900] "GET /wordpress/ HTTP/1.1" 200 0 "http://www.elder-alliance.org/wordpress/?p=125" "Mozilla/5.0 (Windows; U; Windows NT 5.1; ja; rv:1.9.0.8) Gecko/2009032609 Firefox/3.0.8 (.NET CLR 3.5.30729)"
128.30.52.70 - - [09/Apr/2009:12:08:20 +0900] "GET /wordpress/ HTTP/1.1" 200 0 "" "W3C_Validator/1.654"
128.30.52.72 - - [09/Apr/2009:12:08:59 +0900] "GET /wordpress/ HTTP/1.1" 200 0 "" "Jigsaw/2.2.5 W3C_CSS_Validator_JFouffa/2.0"
128.30.52.72 - - [09/Apr/2009:12:12:25 +0900] "GET /wordpress/ HTTP/1.1" 200 0 "" "Jigsaw/2.2.5 W3C_CSS_Validator_JFouffa/2.0"
210.196.94.41 - - [09/Apr/2009:12:14:03 +0900] "GET /wordpress/ HTTP/1.1" 200 0 "" "Mozilla/5.0 (Windows; U; Windows NT 5.1; ja; rv:1.9.0.8) Gecko/2009032609 Firefox/3.0.8 (.NET CLR 3.5.30729)"
210.196.94.41 - - [09/Apr/2009:12:14:12 +0900] "GET /wordpress/?p=493 HTTP/1.1" 200 0 "http://www.elder-alliance.org/wordpress/" "Mozilla/5.0 (Windows; U; Windows NT 5.1; ja; rv:1.9.0.8) Gecko/2009032609 Firefox/3.0.8 (.NET CLR 3.5.30729)"
210.196.94.41 - - [09/Apr/2009:12:14:19 +0900] "GET /wordpress/?p=128 HTTP/1.1" 200 0 "http://www.elder-alliance.org/wordpress/?p=493" "Mozilla/5.0 (Windows; U; Windows NT 5.1; ja; rv:1.9.0.8) Gecko/2009032609 Firefox/3.0.8 (.NET CLR 3.5.30729)"
128.30.52.72 - - [09/Apr/2009:12:16:35 +0900] "GET /wordpress/ HTTP/1.1" 200 0 "" "Jigsaw/2.2.5 W3C_CSS_Validator_JFouffa/2.0"
128.30.52.72 - - [09/Apr/2009:12:16:42 +0900] "GET /wordpress/ HTTP/1.1" 200 0 "" "Jigsaw/2.2.5 W3C_CSS_Validator_JFouffa/2.0"
128.30.52.72 - - [09/Apr/2009:12:18:00 +0900] "GET /wordpress/ HTTP/1.1" 200 0 "" "Jigsaw/2.2.5 W3C_CSS_Validator_JFouffa/2.0"
220.110.136.221 - - [09/Apr/2009:12:24:54 +0900] "GET /wordpress/?p=493 HTTP/1.0" 200 0 "http://mixi.jp/view_diary.pl?url=http%3A%2F%2Fwww.elder-alliance.org%2Fwordpress%2F%3Fp%3D493&owner_id=1219747" "Mozilla/5.0 (Windows; U; Windows NT 5.1; ja; rv:1.9.0.8) Gecko/2009032609 Firefox/3.0.8 (.NET CLR 3.5.30729)"
128.30.52.72 - - [09/Apr/2009:12:26:52 +0900] "GET /wordpress/ HTTP/1.1" 200 0 "" "Jigsaw/2.2.5 W3C_CSS_Validator_JFouffa/2.0"
128.30.52.72 - - [09/Apr/2009:12:29:19 +0900] "GET /wordpress/ HTTP/1.1" 200 0 "" "Jigsaw/2.2.5 W3C_CSS_Validator_JFouffa/2.0"
128.30.52.72 - - [09/Apr/2009:12:30:27 +0900] "GET /wordpress/ HTTP/1.1" 200 0 "" "Jigsaw/2.2.5 W3C_CSS_Validator_JFouffa/2.0"
128.30.52.72 - - [09/Apr/2009:12:32:02 +0900] "GET /wordpress/ HTTP/1.1" 200 0 "" "Jigsaw/2.2.5 W3C_CSS_Validator_JFouffa/2.0"
116.65.47.143 - - [09/Apr/2009:12:32:30 +0900] "GET /wordpress/ HTTP/1.1" 200 0 "http://www.elder-alliance.org/wordpress/?p=125" "Mozilla/5.0 (Windows; U; Windows NT 5.1; ja; rv:1.9.0.8) Gecko/2009032609 Firefox/3.0.8 (.NET CLR 3.5.30729)"
116.65.47.143 - - [09/Apr/2009:12:34:34 +0900] "GET /wordpress/ HTTP/1.1" 200 0 "http://www.elder-alliance.org/wordpress/?p=125" "Mozilla/5.0 (Windows; U; Windows NT 5.1; ja; rv:1.9.0.8) Gecko/2009032609 Firefox/3.0.8 (.NET CLR 3.5.30729)"
128.30.52.72 - - [09/Apr/2009:12:35:05 +0900] "GET /wordpress/ HTTP/1.1" 200 0 "" "Jigsaw/2.2.5 W3C_CSS_Validator_JFouffa/2.0"
128.30.52.72 - - [09/Apr/2009:12:36:31 +0900] "GET /wordpress/ HTTP/1.1" 200 0 "" "Jigsaw/2.2.5 W3C_CSS_Validator_JFouffa/2.0"
116.65.47.143 - - [09/Apr/2009:12:36:37 +0900] "GET /wordpress/ HTTP/1.1" 200 0 "http://www.elder-alliance.org/wordpress/?p=493" "Mozilla/5.0 (Windows; U; Windows NT 5.1; ja; rv:1.9.0.8) Gecko/2009032609 Firefox/3.0.8 (.NET CLR 3.5.30729)"
116.65.47.143 - - [09/Apr/2009:12:40:21 +0900] "GET /wordpress/ HTTP/1.1" 200 0 "http://www.elder-alliance.org/wordpress/?p=493" "Mozilla/5.0 (Windows; U; Windows NT 5.1; ja; rv:1.9.0.8) Gecko/2009032609 Firefox/3.0.8 (.NET CLR 3.5.30729)"
116.65.47.143 - - [09/Apr/2009:12:40:45 +0900] "GET /wordpress/ HTTP/1.1" 200 0 "http://www.elder-alliance.org/wordpress/?p=493" "Mozilla/5.0 (Windows; U; Windows NT 5.1; ja; rv:1.9.0.8) Gecko/2009032609 Firefox/3.0.8 (.NET CLR 3.5.30729)"
116.65.47.143 - - [09/Apr/2009:12:41:14 +0900] "GET /wordpress/ HTTP/1.1" 200 0 "http://www.elder-alliance.org/wordpress/?p=493" "Mozilla/5.0 (Windows; U; Windows NT 5.1; ja; rv:1.9.0.8) Gecko/2009032609 Firefox/3.0.8 (.NET CLR 3.5.30729)"
116.65.47.143 - - [09/Apr/2009:12:41:43 +0900] "GET /wordpress/ HTTP/1.1" 200 0 "http://www.elder-alliance.org/wordpress/?p=493" "Mozilla/5.0 (Windows; U; Windows NT 5.1; ja; rv:1.9.0.8) Gecko/2009032609 Firefox/3.0.8 (.NET CLR 3.5.30729)"
116.65.47.143 - - [09/Apr/2009:12:43:46 +0900] "GET /wordpress/ HTTP/1.1" 200 0 "http://www.elder-alliance.org/wordpress/?p=493" "Mozilla/5.0 (Windows; U; Windows NT 5.1; ja; rv:1.9.0.8) Gecko/2009032609 Firefox/3.0.8 (.NET CLR 3.5.30729)"
128.30.52.72 - - [09/Apr/2009:12:45:35 +0900] "GET /wordpress/ HTTP/1.1" 200 0 "" "Jigsaw/2.2.5 W3C_CSS_Validator_JFouffa/2.0"
116.65.47.143 - - [09/Apr/2009:12:46:10 +0900] "GET /wordpress/ HTTP/1.1" 200 0 "http://www.elder-alliance.org/wordpress/?p=125" "Mozilla/5.0 (Windows; U; Windows NT 5.1; ja; rv:1.9.0.8) Gecko/2009032609 Firefox/3.0.8 (.NET CLR 3.5.30729)"
116.65.47.143 - - [09/Apr/2009:12:48:08 +0900] "GET /wordpress/ HTTP/1.1" 200 0 "http://www.elder-alliance.org/wordpress/?p=493" "Mozilla/5.0 (Windows; U; Windows NT 5.1; ja; rv:1.9.0.8) Gecko/2009032609 Firefox/3.0.8 (.NET CLR 3.5.30729)"
116.65.47.143 - - [09/Apr/2009:12:49:44 +0900] "GET /wordpress/ HTTP/1.1" 200 0 "http://www.elder-alliance.org/wordpress/?p=493" "Mozilla/5.0 (Windows; U; Windows NT 5.1; ja; rv:1.9.0.8) Gecko/2009032609 Firefox/3.0.8 (.NET CLR 3.5.30729)"
116.65.47.143 - - [09/Apr/2009:12:52:38 +0900] "GET /wordpress/ HTTP/1.1" 200 0 "http://www.elder-alliance.org/wordpress/?p=493" "Mozilla/5.0 (Windows; U; Windows NT 5.1; ja; rv:1.9.0.8) Gecko/2009032609 Firefox/3.0.8 (.NET CLR 3.5.30729)"
116.65.47.143 - - [09/Apr/2009:12:53:33 +0900] "GET /wordpress/ HTTP/1.1" 200 0 "http://www.elder-alliance.org/wordpress/?p=493" "Mozilla/5.0 (Windows; U; Windows NT 5.1; ja; rv:1.9.0.8) Gecko/2009032609 Firefox/3.0.8 (.NET CLR 3.5.30729)"
116.65.47.143 - - [09/Apr/2009:12:54:13 +0900] "GET /wordpress/?p=496&preview=true HTTP/1.1" 200 0 "http://www.elder-alliance.org/wordpress/wp-admin/post.php?action=edit&post=496" "Mozilla/5.0 (Windows; U; Windows NT 5.1; ja; rv:1.9.0.8) Gecko/2009032609 Firefox/3.0.8 (.NET CLR 3.5.30729)"
116.65.47.143 - - [09/Apr/2009:12:55:05 +0900] "GET /wordpress/?p=496&preview=true HTTP/1.1" 200 0 "http://www.elder-alliance.org/wordpress/wp-admin/post.php?action=edit&post=496&message=7" "Mozilla/5.0 (Windows; U; Windows NT 5.1; ja; rv:1.9.0.8) Gecko/2009032609 Firefox/3.0.8 (.NET CLR 3.5.30729)"
116.65.47.143 - - [09/Apr/2009:12:58:12 +0900] "GET /wordpress/ HTTP/1.1" 200 0 "http://www.elder-alliance.org/wordpress/?p=125" "Mozilla/5.0 (Windows; U; Windows NT 5.1; ja; rv:1.9.0.8) Gecko/2009032609 Firefox/3.0.8 (.NET CLR 3.5.30729)"
116.65.47.143 - - [09/Apr/2009:13:03:05 +0900] "GET /wordpress/?p=128 HTTP/1.1" 200 0 "http://www.elder-alliance.org/wordpress/" "Mozilla/5.0 (Windows; U; Windows NT 5.1; ja; rv:1.9.0.8) Gecko/2009032609 Firefox/3.0.8 (.NET CLR 3.5.30729)"
116.65.47.143 - - [09/Apr/2009:13:04:42 +0900] "GET /wordpress/ HTTP/1.1" 200 0 "http://www.elder-alliance.org/wordpress/?p=493" "Mozilla/5.0 (Windows; U; Windows NT 5.1; ja; rv:1.9.0.8) Gecko/2009032609 Firefox/3.0.8 (.NET CLR 3.5.30729)"
116.65.47.143 - - [09/Apr/2009:13:04:53 +0900] "GET /wordpress/?p=496&preview=true HTTP/1.1" 200 0 "http://www.elder-alliance.org/wordpress/wp-admin/post.php?action=edit&post=496&message=7" "Mozilla/5.0 (Windows; U; Windows NT 5.1; ja; rv:1.9.0.8) Gecko/2009032609 Firefox/3.0.8 (.NET CLR 3.5.30729)"
116.65.47.143 - - [09/Apr/2009:13:16:15 +0900] "GET /wordpress/?p=496&preview=true HTTP/1.1" 200 0 "http://www.elder-alliance.org/wordpress/wp-admin/post.php?action=edit&post=496" "Mozilla/5.0 (Windows; U; Windows NT 5.1; ja; rv:1.9.0.8) Gecko/2009032609 Firefox/3.0.8 (.NET CLR 3.5.30729)"
116.65.47.143 - - [09/Apr/2009:13:21:47 +0900] "GET /wordpress/?p=496&preview=true HTTP/1.1" 200 0 "http://www.elder-alliance.org/wordpress/wp-admin/post.php?action=edit&post=496&message=7" "Mozilla/5.0 (Windows; U; Windows NT 5.1; ja; rv:1.9.0.8) Gecko/2009032609 Firefox/3.0.8 (.NET CLR 3.5.30729)"
116.65.47.143 - - [09/Apr/2009:13:24:25 +0900] "GET /wordpress/?p=493&cpage=1 HTTP/1.1" 200 0 "http://www.elder-alliance.org/wordpress/" "Mozilla/5.0 (Windows; U; Windows NT 5.1; ja; rv:1.9.0.8) Gecko/2009032609 Firefox/3.0.8 (.NET CLR 3.5.30729)"
116.65.47.143 - - [09/Apr/2009:13:26:26 +0900] "GET /wordpress/?p=496&preview=true HTTP/1.1" 200 0 "http://www.elder-alliance.org/wordpress/wp-admin/post.php?action=edit&post=496&message=7" "Mozilla/5.0 (Windows; U; Windows NT 5.1; ja; rv:1.9.0.8) Gecko/2009032609 Firefox/3.0.8 (.NET CLR 3.5.30729)"
116.65.47.143 - - [09/Apr/2009:13:27:47 +0900] "GET /wordpress/?p=496&preview=true HTTP/1.1" 200 0 "http://www.elder-alliance.org/wordpress/wp-admin/post.php?action=edit&post=496&message=7" "Mozilla/5.0 (Windows; U; Windows NT 5.1; ja; rv:1.9.0.8) Gecko/2009032609 Firefox/3.0.8 (.NET CLR 3.5.30729)"
66.249.70.90 - - [09/Apr/2009:13:28:48 +0900] "GET /wordpress/?p=303 HTTP/1.1" 200 0 "" "Mozilla/5.0 (compatible; Googlebot/2.1; +http://www.google.com/bot.html)"
116.65.47.143 - - [09/Apr/2009:13:31:56 +0900] "GET /wordpress/?p=496&preview=true HTTP/1.1" 200 0 "http://www.elder-alliance.org/wordpress/wp-admin/post.php?action=edit&post=496&message=7" "Mozilla/5.0 (Windows; U; Windows NT 5.1; ja; rv:1.9.0.8) Gecko/2009032609 Firefox/3.0.8 (.NET CLR 3.5.30729)"
116.65.47.143 - - [09/Apr/2009:13:32:18 +0900] "GET /wordpress/?p=496&preview=true HTTP/1.1" 200 0 "http://www.elder-alliance.org/wordpress/wp-admin/post.php?action=edit&post=496&message=7" "Mozilla/5.0 (Windows; U; Windows NT 5.1; ja; rv:1.9.0.8) Gecko/2009032609 Firefox/3.0.8 (.NET CLR 3.5.30729)"
116.65.47.143 - - [09/Apr/2009:13:33:49 +0900] "GET /wordpress/?p=496&preview=true HTTP/1.1" 200 0 "http://www.elder-alliance.org/wordpress/wp-admin/post.php?action=edit&post=496&message=7" "Mozilla/5.0 (Windows; U; Windows NT 5.1; ja; rv:1.9.0.8) Gecko/2009032609 Firefox/3.0.8 (.NET CLR 3.5.30729)"
116.65.47.143 - - [09/Apr/2009:13:34:26 +0900] "GET /wordpress/?p=496&preview=true HTTP/1.1" 200 0 "http://www.elder-alliance.org/wordpress/wp-admin/post.php?action=edit&post=496&message=7" "Mozilla/5.0 (Windows; U; Windows NT 5.1; ja; rv:1.9.0.8) Gecko/2009032609 Firefox/3.0.8 (.NET CLR 3.5.30729)"
116.65.47.143 - - [09/Apr/2009:13:34:40 +0900] "GET /wordpress/?p=496&preview=true HTTP/1.1" 200 0 "http://www.elder-alliance.org/wordpress/wp-admin/post.php?action=edit&post=496&message=7" "Mozilla/5.0 (Windows; U; Windows NT 5.1; ja; rv:1.9.0.8) Gecko/2009032609 Firefox/3.0.8 (.NET CLR 3.5.30729)"
116.65.47.143 - - [09/Apr/2009:13:35:39 +0900] "GET /wordpress/?p=496&preview=true HTTP/1.1" 200 0 "http://www.elder-alliance.org/wordpress/wp-admin/post.php?action=edit&post=496&message=7" "Mozilla/5.0 (Windows; U; Windows NT 5.1; ja; rv:1.9.0.8) Gecko/2009032609 Firefox/3.0.8 (.NET CLR 3.5.30729)"
116.65.47.143 - - [09/Apr/2009:13:38:28 +0900] "GET /wordpress/?p=496&preview=true HTTP/1.1" 200 0 "http://www.elder-alliance.org/wordpress/wp-admin/post.php?action=edit&post=496&message=7" "Mozilla/5.0 (Windows; U; Windows NT 5.1; ja; rv:1.9.0.8) Gecko/2009032609 Firefox/3.0.8 (.NET CLR 3.5.30729)"
210.188.220.161 - - [09/Apr/2009:13:39:15 +0900] "GET /wordpress/wp-cron.php?check=1e91024afe55c29758a38699a2480175 HTTP/1.0" 200 0 "" ""
210.188.220.161 - - [09/Apr/2009:13:39:15 +0900] "GET /wordpress/?p=493 HTTP/1.0" 200 0 "" ""
210.188.220.161 - - [09/Apr/2009:13:39:16 +0900] "POST /wordpress/xmlrpc.php HTTP/1.0" 200 0 "" "The Incutio XML-RPC PHP Library -- WordPress/2.7.1"
210.188.220.161 - - [09/Apr/2009:13:39:17 +0900] "GET /wordpress/?p=496 HTTP/1.0" 200 0 "" ""
210.188.220.161 - - [09/Apr/2009:13:39:18 +0900] "GET /wordpress/?p=493&cpage=1 HTTP/1.0" 200 0 "" ""
210.188.220.161 - - [09/Apr/2009:13:39:18 +0900] "POST /wordpress/xmlrpc.php HTTP/1.0" 200 0 "" "The Incutio XML-RPC PHP Library -- WordPress/2.7.1"
210.188.220.161 - - [09/Apr/2009:13:39:19 +0900] "GET /wordpress/?p=125&cpage=1 HTTP/1.0" 200 0 "" ""
210.188.220.161 - - [09/Apr/2009:13:39:19 +0900] "POST /wordpress/xmlrpc.php HTTP/1.0" 200 0 "" "The Incutio XML-RPC PHP Library -- WordPress/2.7.1"
210.188.220.161 - - [09/Apr/2009:13:39:21 +0900] "GET /wordpress/?p=496 HTTP/1.0" 200 0 "" ""
210.188.220.161 - - [09/Apr/2009:13:39:21 +0900] "GET /wordpress/?p=128 HTTP/1.0" 200 0 "" ""
210.188.220.161 - - [09/Apr/2009:13:39:22 +0900] "POST /wordpress/xmlrpc.php HTTP/1.0" 200 0 "" "The Incutio XML-RPC PHP Library -- WordPress/2.7.1"
210.188.220.161 - - [09/Apr/2009:13:39:23 +0900] "GET /wordpress/?p=496 HTTP/1.0" 200 0 "" ""
124.41.72.8 - - [09/Apr/2009:13:39:28 +0900] "GET /wordpress/?p=496 HTTP/1.0" 200 0 "" "WordPress/2.7.1"
210.188.220.161 - - [09/Apr/2009:13:39:28 +0900] "GET /wordpress/?p=493 HTTP/1.0" 200 0 "" ""
210.188.220.161 - - [09/Apr/2009:13:39:29 +0900] "GET /wordpress/?p=493&cpage=1 HTTP/1.0" 200 0 "" ""
210.188.220.161 - - [09/Apr/2009:13:39:29 +0900] "GET /wordpress/?p=125&cpage=1 HTTP/1.0" 200 0 "" ""
210.188.220.161 - - [09/Apr/2009:13:39:30 +0900] "GET /wordpress/?p=128 HTTP/1.0" 200 0 "" ""
116.65.47.143 - - [09/Apr/2009:13:39:39 +0900] "GET /wordpress/?p=128 HTTP/1.1" 200 0 "http://www.elder-alliance.org/wordpress/?p=493&cpage=1" "Mozilla/5.0 (Windows; U; Windows NT 5.1; ja; rv:1.9.0.8) Gecko/2009032609 Firefox/3.0.8 (.NET CLR 3.5.30729)"
116.65.47.143 - - [09/Apr/2009:13:39:55 +0900] "GET /wordpress/?p=496 HTTP/1.1" 200 0 "http://www.elder-alliance.org/wordpress/wp-admin/post.php?action=edit&post=496&message=6" "Mozilla/5.0 (Windows; U; Windows NT 5.1; ja; rv:1.9.0.8) Gecko/2009032609 Firefox/3.0.8 (.NET CLR 3.5.30729)"
219.112.245.23 - - [09/Apr/2009:13:41:16 +0900] "GET /wordpress/?feed=rss2 HTTP/1.1" 200 0 "" "mixi-crawler/2.00 (http://mixi.jp/)"
66.249.70.90 - - [09/Apr/2009:13:41:26 +0900] "GET /wordpress/?feed=atom HTTP/1.1" 200 0 "" "Mozilla/5.0 (compatible; Googlebot/2.1; +http://www.google.com/bot.html)"
66.249.70.90 - - [09/Apr/2009:13:41:27 +0900] "GET /wordpress/ HTTP/1.1" 200 0 "" "Mozilla/5.0 (compatible; Googlebot/2.1; +http://www.google.com/bot.html)"
116.65.47.143 - - [09/Apr/2009:13:41:57 +0900] "GET /wordpress/?p=128 HTTP/1.1" 200 0 "http://www.elder-alliance.org/wordpress/?p=493&cpage=1" "Mozilla/5.0 (Windows; U; Windows NT 5.1; ja; rv:1.9.0.8) Gecko/2009032609 Firefox/3.0.8 (.NET CLR 3.5.30729)"
210.188.220.161 - - [09/Apr/2009:13:42:30 +0900] "GET /wordpress/wp-cron.php?check=1e91024afe55c29758a38699a2480175 HTTP/1.0" 200 0 "" ""
210.188.220.161 - - [09/Apr/2009:13:42:30 +0900] "GET /wordpress/?p=128 HTTP/1.0" 200 0 "" ""
210.188.220.161 - - [09/Apr/2009:13:42:31 +0900] "POST /wordpress/xmlrpc.php HTTP/1.0" 200 0 "" "The Incutio XML-RPC PHP Library -- WordPress/2.7.1"
210.188.220.161 - - [09/Apr/2009:13:42:32 +0900] "GET /wordpress/?p=496 HTTP/1.0" 200 0 "" ""
210.188.220.161 - - [09/Apr/2009:13:42:33 +0900] "GET /wordpress/?p=125&cpage=1 HTTP/1.0" 200 0 "" ""
210.188.220.161 - - [09/Apr/2009:13:42:33 +0900] "POST /wordpress/xmlrpc.php HTTP/1.0" 200 0 "" "The Incutio XML-RPC PHP Library -- WordPress/2.7.1"
210.188.220.161 - - [09/Apr/2009:13:42:35 +0900] "GET /wordpress/?p=496 HTTP/1.0" 200 0 "" ""
210.188.220.161 - - [09/Apr/2009:13:42:36 +0900] "GET /wordpress/?p=128 HTTP/1.0" 200 0 "" ""
210.188.220.161 - - [09/Apr/2009:13:42:36 +0900] "POST /wordpress/xmlrpc.php HTTP/1.0" 200 0 "" "The Incutio XML-RPC PHP Library -- WordPress/2.7.1"
210.188.220.161 - - [09/Apr/2009:13:42:37 +0900] "GET /wordpress/?p=496 HTTP/1.0" 200 0 "" ""
124.41.72.8 - - [09/Apr/2009:13:42:42 +0900] "GET /wordpress/?p=496 HTTP/1.0" 200 0 "" "WordPress/2.7.1"
210.188.220.161 - - [09/Apr/2009:13:42:43 +0900] "GET /wordpress/?p=493 HTTP/1.0" 200 0 "" ""
210.188.220.161 - - [09/Apr/2009:13:42:43 +0900] "GET /wordpress/?p=128 HTTP/1.0" 200 0 "" ""
210.188.220.161 - - [09/Apr/2009:13:42:44 +0900] "GET /wordpress/?p=493&cpage=1 HTTP/1.0" 200 0 "" ""
210.188.220.161 - - [09/Apr/2009:13:42:45 +0900] "GET /wordpress/?p=125&cpage=1 HTTP/1.0" 200 0 "" ""
210.188.220.161 - - [09/Apr/2009:13:42:45 +0900] "GET /wordpress/?p=128 HTTP/1.0" 200 0 "" ""
210.188.220.161 - - [09/Apr/2009:13:44:01 +0900] "GET /wordpress/wp-cron.php?check=1e91024afe55c29758a38699a2480175 HTTP/1.0" 200 0 "" ""
210.188.220.161 - - [09/Apr/2009:13:44:01 +0900] "GET /wordpress/?p=128 HTTP/1.0" 200 0 "" ""
210.188.220.161 - - [09/Apr/2009:13:44:02 +0900] "POST /wordpress/xmlrpc.php HTTP/1.0" 200 0 "" "The Incutio XML-RPC PHP Library -- WordPress/2.7.1"
210.188.220.161 - - [09/Apr/2009:13:44:03 +0900] "GET /wordpress/?p=496 HTTP/1.0" 200 0 "" ""
210.188.220.161 - - [09/Apr/2009:13:44:04 +0900] "GET /wordpress/?p=125&cpage=1 HTTP/1.0" 200 0 "" ""
210.188.220.161 - - [09/Apr/2009:13:44:04 +0900] "POST /wordpress/xmlrpc.php HTTP/1.0" 200 0 "" "The Incutio XML-RPC PHP Library -- WordPress/2.7.1"
210.188.220.161 - - [09/Apr/2009:13:44:05 +0900] "GET /wordpress/?p=496 HTTP/1.0" 200 0 "" ""
210.188.220.161 - - [09/Apr/2009:13:44:06 +0900] "GET /wordpress/?p=128 HTTP/1.0" 200 0 "" ""
210.188.220.161 - - [09/Apr/2009:13:44:06 +0900] "POST /wordpress/xmlrpc.php HTTP/1.0" 200 0 "" "The Incutio XML-RPC PHP Library -- WordPress/2.7.1"
210.188.220.161 - - [09/Apr/2009:13:44:08 +0900] "GET /wordpress/?p=496 HTTP/1.0" 200 0 "" ""
124.41.72.8 - - [09/Apr/2009:13:44:12 +0900] "GET /wordpress/?p=496 HTTP/1.0" 200 0 "" "WordPress/2.7.1"
210.188.220.161 - - [09/Apr/2009:13:44:13 +0900] "GET /wordpress/?p=493 HTTP/1.0" 200 0 "" ""
210.188.220.161 - - [09/Apr/2009:13:44:13 +0900] "GET /wordpress/?p=128 HTTP/1.0" 200 0 "" ""
210.188.220.161 - - [09/Apr/2009:13:44:14 +0900] "GET /wordpress/?p=493&cpage=1 HTTP/1.0" 200 0 "" ""
210.188.220.161 - - [09/Apr/2009:13:44:14 +0900] "GET /wordpress/?p=125&cpage=1 HTTP/1.0" 200 0 "" ""
210.188.220.161 - - [09/Apr/2009:13:44:15 +0900] "GET /wordpress/?p=128 HTTP/1.0" 200 0 "" ""
116.65.47.143 - - [09/Apr/2009:13:44:22 +0900] "GET /wordpress/?p=496 HTTP/1.1" 200 0 "http://www.elder-alliance.org/wordpress/wp-admin/post.php?action=edit&post=496&message=6" "Mozilla/5.0 (Windows; U; Windows NT 5.1; ja; rv:1.9.0.8) Gecko/2009032609 Firefox/3.0.8 (.NET CLR 3.5.30729)"
116.65.47.143 - - [09/Apr/2009:13:44:34 +0900] "GET /wordpress/ HTTP/1.1" 200 0 "http://www.elder-alliance.org/wordpress/wp-admin/post.php?action=edit&post=496&message=7" "Mozilla/5.0 (Windows; U; Windows NT 5.1; ja; rv:1.9.0.8) Gecko/2009032609 Firefox/3.0.8 (.NET CLR 3.5.30729)"
116.65.47.143 - - [09/Apr/2009:13:45:37 +0900] "GET /wordpress/?p=496 HTTP/1.1" 200 0 "http://www.elder-alliance.org/wordpress/" "Mozilla/5.0 (Windows; U; Windows NT 5.1; ja; rv:1.9.0.8) Gecko/2009032609 Firefox/3.0.8 (.NET CLR 3.5.30729)"
206.113.193.50 - - [09/Apr/2009:13:50:20 +0900] "GET /wordpress/?feed=rss2 HTTP/1.1" 200 0 "" "BlogPulseLive (support@blogpulse.com)"
67.202.60.246 - - [09/Apr/2009:13:50:27 +0900] "GET /wordpress/ HTTP/1.1" 200 0 "" "Jakarta Commons-HttpClient/3.0"
38.117.108.131 - - [09/Apr/2009:13:50:31 +0900] "GET /wordpress/ HTTP/1.1" 200 0 "" "Java/1.6.0_11"
38.117.108.131 - - [09/Apr/2009:13:50:33 +0900] "GET /wordpress/ HTTP/1.1" 200 0 "" "HTMLParser/1.6"
38.117.108.131 - - [09/Apr/2009:13:50:34 +0900] "GET /wordpress/?feed=rss2 HTTP/1.1" 200 0 "" "Rome Client (http://tinyurl.com/64t5n) Ver: 0.9"
210.188.220.161 - - [09/Apr/2009:13:53:07 +0900] "GET /wordpress/wp-cron.php?check=1e91024afe55c29758a38699a2480175 HTTP/1.0" 200 0 "" ""
210.188.220.161 - - [09/Apr/2009:13:53:08 +0900] "GET /wordpress/?p=128 HTTP/1.0" 200 0 "" ""
210.188.220.161 - - [09/Apr/2009:13:53:08 +0900] "POST /wordpress/xmlrpc.php HTTP/1.0" 200 0 "" "The Incutio XML-RPC PHP Library -- WordPress/2.7.1"
210.188.220.161 - - [09/Apr/2009:13:53:10 +0900] "GET /wordpress/?p=496 HTTP/1.0" 200 0 "" ""
210.188.220.161 - - [09/Apr/2009:13:53:11 +0900] "GET /wordpress/?p=125&cpage=1 HTTP/1.0" 200 0 "" ""
210.188.220.161 - - [09/Apr/2009:13:53:11 +0900] "POST /wordpress/xmlrpc.php HTTP/1.0" 200 0 "" "The Incutio XML-RPC PHP Library -- WordPress/2.7.1"
210.188.220.161 - - [09/Apr/2009:13:53:13 +0900] "GET /wordpress/?p=496 HTTP/1.0" 200 0 "" ""
210.188.220.161 - - [09/Apr/2009:13:53:13 +0900] "GET /wordpress/?p=128 HTTP/1.0" 200 0 "" ""
210.188.220.161 - - [09/Apr/2009:13:53:16 +0900] "POST /wordpress/xmlrpc.php HTTP/1.0" 200 0 "" "The Incutio XML-RPC PHP Library -- WordPress/2.7.1"
210.188.220.161 - - [09/Apr/2009:13:53:17 +0900] "GET /wordpress/?p=496 HTTP/1.0" 200 0 "" ""
124.41.72.8 - - [09/Apr/2009:13:53:21 +0900] "GET /wordpress/?p=496 HTTP/1.0" 200 0 "" "WordPress/2.7.1"
210.188.220.161 - - [09/Apr/2009:13:53:23 +0900] "GET /wordpress/?p=493 HTTP/1.0" 200 0 "" ""
210.188.220.161 - - [09/Apr/2009:13:53:24 +0900] "GET /wordpress/?p=128 HTTP/1.0" 200 0 "" ""
210.188.220.161 - - [09/Apr/2009:13:53:25 +0900] "GET /wordpress/?p=493&cpage=1 HTTP/1.0" 200 0 "" ""
210.188.220.161 - - [09/Apr/2009:13:53:26 +0900] "GET /wordpress/?p=125&cpage=1 HTTP/1.0" 200 0 "" ""
210.188.220.161 - - [09/Apr/2009:13:53:27 +0900] "GET /wordpress/?p=128 HTTP/1.0" 200 0 "" ""
116.65.47.143 - - [09/Apr/2009:13:53:41 +0900] "GET /wordpress/?p=496 HTTP/1.1" 200 0 "http://www.elder-alliance.org/wordpress/" "Mozilla/5.0 (Windows; U; Windows NT 5.1; ja; rv:1.9.0.8) Gecko/2009032609 Firefox/3.0.8 (.NET CLR 3.5.30729)"
66.249.70.90 - - [09/Apr/2009:13:55:27 +0900] "GET /wordpress/?feed=atom HTTP/1.1" 200 0 "" "Mozilla/5.0 (compatible; Googlebot/2.1; +http://www.google.com/bot.html)"
66.249.70.90 - - [09/Apr/2009:13:55:29 +0900] "GET /wordpress/ HTTP/1.1" 200 0 "" "Mozilla/5.0 (compatible; Googlebot/2.1; +http://www.google.com/bot.html)"
116.65.47.143 - - [09/Apr/2009:13:56:33 +0900] "GET /wordpress/ HTTP/1.1" 200 0 "http://www.elder-alliance.org/wordpress/?p=496" "Mozilla/5.0 (Windows; U; Windows NT 5.1; ja; rv:1.9.0.8) Gecko/2009032609 Firefox/3.0.8 (.NET CLR 3.5.30729)"
61.116.221.168 - - [09/Apr/2009:14:02:40 +0900] "GET /wordpress/?p=318 HTTP/1.1" 200 0 "http://mixi.jp/view_diary.pl?url=http%3A%2F%2Fwww.elder-alliance.org%2Fwordpress%2F%3Fp%3D318&owner_id=1219747" "Mozilla/4.0 (compatible; MSIE 7.0; Windows NT 5.1; .NET CLR 1.1.4322; .NET CLR 2.0.50727)"
116.65.47.143 - - [09/Apr/2009:14:12:13 +0900] "GET /wordpress/?p=128 HTTP/1.1" 200 0 "http://www.elder-alliance.org/wordpress/" "Mozilla/5.0 (Windows; U; Windows NT 5.1; ja; rv:1.9.0.8) Gecko/2009032609 Firefox/3.0.8 (.NET CLR 3.5.30729)"
116.65.47.143 - - [09/Apr/2009:14:13:37 +0900] "GET /wordpress/?p=316 HTTP/1.1" 200 0 "http://www.elder-alliance.org/wordpress/" "Mozilla/5.0 (Windows; U; Windows NT 5.1; ja; rv:1.9.0.8) Gecko/2009032609 Firefox/3.0.8 (.NET CLR 3.5.30729)"
116.65.47.143 - - [09/Apr/2009:14:13:52 +0900] "GET /wordpress/ HTTP/1.1" 200 0 "" "Mozilla/5.0 (Windows; U; Windows NT 5.1; ja; rv:1.9.0.8) Gecko/2009032609 Firefox/3.0.8 (.NET CLR 3.5.30729)"
116.65.47.143 - - [09/Apr/2009:14:19:41 +0900] "GET /wordpress/?p=493 HTTP/1.1" 200 0 "http://www.elder-alliance.org/wordpress/" "Mozilla/5.0 (Windows; U; Windows NT 5.1; ja; rv:1.9.0.8) Gecko/2009032609 Firefox/3.0.8 (.NET CLR 3.5.30729)"
210.188.220.161 - - [09/Apr/2009:14:20:59 +0900] "GET /wordpress/wp-cron.php?check=1e91024afe55c29758a38699a2480175 HTTP/1.0" 200 0 "" ""
66.249.70.90 - - [09/Apr/2009:14:21:30 +0900] "GET /wordpress/?feed=atom HTTP/1.1" 200 0 "" "Mozilla/5.0 (compatible; Googlebot/2.1; +http://www.google.com/bot.html)"
66.249.70.90 - - [09/Apr/2009:14:21:32 +0900] "GET /wordpress/ HTTP/1.1" 200 0 "" "Mozilla/5.0 (compatible; Googlebot/2.1; +http://www.google.com/bot.html)"
210.188.220.161 - - [09/Apr/2009:14:21:41 +0900] "GET /wordpress/wp-cron.php?check=1e91024afe55c29758a38699a2480175 HTTP/1.0" 200 0 "" ""
210.188.220.161 - - [09/Apr/2009:14:23:14 +0900] "GET /wordpress/wp-cron.php?check=1e91024afe55c29758a38699a2480175 HTTP/1.0" 200 0 "" ""
210.188.220.161 - - [09/Apr/2009:14:23:55 +0900] "GET /wordpress/wp-cron.php?check=1e91024afe55c29758a38699a2480175 HTTP/1.0" 200 0 "" ""
210.188.220.161 - - [09/Apr/2009:14:24:46 +0900] "GET /wordpress/wp-cron.php?check=1e91024afe55c29758a38699a2480175 HTTP/1.0" 200 0 "" ""
210.188.220.161 - - [09/Apr/2009:14:25:46 +0900] "GET /wordpress/wp-cron.php?check=1e91024afe55c29758a38699a2480175 HTTP/1.0" 200 0 "" ""
210.188.220.161 - - [09/Apr/2009:14:27:43 +0900] "GET /wordpress/wp-cron.php?check=1e91024afe55c29758a38699a2480175 HTTP/1.0" 200 0 "" ""
206.113.193.50 - - [09/Apr/2009:14:27:59 +0900] "GET /wordpress/?feed=rss2 HTTP/1.1" 200 0 "" "BlogPulseLive (support@blogpulse.com)"
210.188.220.161 - - [09/Apr/2009:14:28:36 +0900] "GET /wordpress/wp-cron.php?check=1e91024afe55c29758a38699a2480175 HTTP/1.0" 200 0 "" ""
116.65.47.143 - - [09/Apr/2009:14:28:44 +0900] "GET /wordpress/?p=136&preview=true&preview_id=136&preview_nonce=749e44abb0 HTTP/1.1" 200 0 "http://www.elder-alliance.org/wordpress/wp-admin/post.php?action=edit&post=136&_wp_original_http_referer=http%3A%2F%2Fwww.elder-alliance.org%2Fwordpress%2Fwp-admin%2Fedit.php%3Fs%26mode%3Dlist%26action%3D-1%26m%3D200701%26cat%3D0%26action2%3D-1&message=1" "Mozilla/5.0 (Windows; U; Windows NT 5.1; ja; rv:1.9.0.8) Gecko/2009032609 Firefox/3.0.8 (.NET CLR 3.5.30729)"
116.65.47.143 - - [09/Apr/2009:14:29:09 +0900] "GET /wordpress/?p=135 HTTP/1.1" 200 0 "http://www.elder-alliance.org/wordpress/?p=136&preview=true&preview_id=136&preview_nonce=749e44abb0" "Mozilla/5.0 (Windows; U; Windows NT 5.1; ja; rv:1.9.0.8) Gecko/2009032609 Firefox/3.0.8 (.NET CLR 3.5.30729)"
210.188.220.161 - - [09/Apr/2009:14:30:04 +0900] "GET /wordpress/wp-cron.php?check=1e91024afe55c29758a38699a2480175 HTTP/1.0" 200 0 "" ""
210.188.220.161 - - [09/Apr/2009:14:31:22 +0900] "GET /wordpress/wp-cron.php?check=1e91024afe55c29758a38699a2480175 HTTP/1.0" 200 0 "" ""
116.65.47.143 - - [09/Apr/2009:14:31:33 +0900] "GET /wordpress/?p=138 HTTP/1.1" 200 0 "http://www.elder-alliance.org/wordpress/wp-admin/edit.php?s&mode=list&action=-1&m=200701&cat=0&action2=-1" "Mozilla/5.0 (Windows; U; Windows NT 5.1; ja; rv:1.9.0.8) Gecko/2009032609 Firefox/3.0.8 (.NET CLR 3.5.30729)"
38.117.108.131 - - [09/Apr/2009:14:32:43 +0900] "GET /wordpress/ HTTP/1.1" 200 0 "" "Java/1.6.0_11"
38.117.108.131 - - [09/Apr/2009:14:32:45 +0900] "GET /wordpress/ HTTP/1.1" 200 0 "" "HTMLParser/1.6"
38.117.108.131 - - [09/Apr/2009:14:32:47 +0900] "GET /wordpress/?feed=rss2 HTTP/1.1" 200 0 "" "Rome Client (http://tinyurl.com/64t5n) Ver: 0.9"
210.188.220.161 - - [09/Apr/2009:14:32:54 +0900] "GET /wordpress/wp-cron.php?check=1e91024afe55c29758a38699a2480175 HTTP/1.0" 200 0 "" ""
210.188.220.161 - - [09/Apr/2009:14:33:17 +0900] "GET /wordpress/wp-cron.php?check=1e91024afe55c29758a38699a2480175 HTTP/1.0" 200 0 "" ""
210.188.220.161 - - [09/Apr/2009:14:34:03 +0900] "GET /wordpress/wp-cron.php?check=1e91024afe55c29758a38699a2480175 HTTP/1.0" 200 0 "" ""
210.188.220.161 - - [09/Apr/2009:14:34:48 +0900] "GET /wordpress/wp-cron.php?check=1e91024afe55c29758a38699a2480175 HTTP/1.0" 200 0 "" ""
116.65.47.143 - - [09/Apr/2009:14:35:08 +0900] "GET /wordpress/?p=142&preview=true&preview_id=142&preview_nonce=3eb6a4f229 HTTP/1.1" 200 0 "http://www.elder-alliance.org/wordpress/wp-admin/post.php?action=edit&post=142&_wp_original_http_referer=http%3A%2F%2Fwww.elder-alliance.org%2Fwordpress%2Fwp-admin%2Fedit.php%3Fs%26mode%3Dlist%26action%3D-1%26m%3D200701%26cat%3D0%26action2%3D-1&message=1" "Mozilla/5.0 (Windows; U; Windows NT 5.1; ja; rv:1.9.0.8) Gecko/2009032609 Firefox/3.0.8 (.NET CLR 3.5.30729)"
116.65.47.143 - - [09/Apr/2009:15:05:21 +0900] "GET /wordpress/ HTTP/1.1" 200 0 "http://www.elder-alliance.org/wordpress/wp-admin/post.php?action=edit&post=143" "Mozilla/5.0 (Windows; U; Windows NT 5.1; ja; rv:1.9.0.8) Gecko/2009032609 Firefox/3.0.8 (.NET CLR 3.5.30729)"
116.65.47.143 - - [09/Apr/2009:15:05:30 +0900] "GET /wordpress/?m=200612 HTTP/1.1" 200 0 "http://www.elder-alliance.org/wordpress/" "Mozilla/5.0 (Windows; U; Windows NT 5.1; ja; rv:1.9.0.8) Gecko/2009032609 Firefox/3.0.8 (.NET CLR 3.5.30729)"
210.188.220.161 - - [09/Apr/2009:15:06:05 +0900] "GET /wordpress/wp-cron.php?check=1e91024afe55c29758a38699a2480175 HTTP/1.0" 200 0 "" ""
210.188.220.161 - - [09/Apr/2009:15:06:14 +0900] "GET /wordpress/wp-cron.php?check=1e91024afe55c29758a38699a2480175 HTTP/1.0" 200 0 "" ""
69.36.158.7 - - [09/Apr/2009:15:06:20 +0900] "GET /wordpress/?feed=rss2 HTTP/1.0" 200 0 "" "Moreoverbot/5.00 (+http://www.moreover.com; webmaster@moreover.com)"
210.188.220.161 - - [09/Apr/2009:15:06:24 +0900] "GET /wordpress/wp-cron.php?check=1e91024afe55c29758a38699a2480175 HTTP/1.0" 200 0 "" ""
116.65.47.143 - - [09/Apr/2009:15:06:31 +0900] "GET /wordpress/?p=143&preview=true&preview_id=143&preview_nonce=442639a698 HTTP/1.1" 200 0 "http://www.elder-alliance.org/wordpress/wp-admin/post.php?action=edit&post=143&_wp_original_http_referer=http%3A%2F%2Fwww.elder-alliance.org%2Fwordpress%2Fwp-admin%2Fedit.php%3Fs%26mode%3Dlist%26action%3D-1%26m%3D200701%26cat%3D0%26action2%3D-1&message=1" "Mozilla/5.0 (Windows; U; Windows NT 5.1; ja; rv:1.9.0.8) Gecko/2009032609 Firefox/3.0.8 (.NET CLR 3.5.30729)"
66.249.70.90 - - [09/Apr/2009:15:06:36 +0900] "GET /wordpress/?feed=atom HTTP/1.1" 200 0 "" "Mozilla/5.0 (compatible; Googlebot/2.1; +http://www.google.com/bot.html)"
66.249.70.90 - - [09/Apr/2009:15:06:37 +0900] "GET /wordpress/ HTTP/1.1" 200 0 "" "Mozilla/5.0 (compatible; Googlebot/2.1; +http://www.google.com/bot.html)"
210.188.220.161 - - [09/Apr/2009:15:07:28 +0900] "GET /wordpress/wp-cron.php?check=1e91024afe55c29758a38699a2480175 HTTP/1.0" 200 0 "" ""
116.65.47.143 - - [09/Apr/2009:15:07:46 +0900] "GET /wordpress/?p=144 HTTP/1.1" 200 0 "http://www.elder-alliance.org/wordpress/wp-admin/edit.php?s&mode=list&action=-1&m=200702&cat=0&action2=-1" "Mozilla/5.0 (Windows; U; Windows NT 5.1; ja; rv:1.9.0.8) Gecko/2009032609 Firefox/3.0.8 (.NET CLR 3.5.30729)"
210.188.220.161 - - [09/Apr/2009:15:08:20 +0900] "GET /wordpress/wp-cron.php?check=1e91024afe55c29758a38699a2480175 HTTP/1.0" 200 0 "" ""
210.188.220.161 - - [09/Apr/2009:15:09:46 +0900] "GET /wordpress/wp-cron.php?check=1e91024afe55c29758a38699a2480175 HTTP/1.0" 200 0 "" ""
116.65.47.143 - - [09/Apr/2009:15:09:51 +0900] "GET /wordpress/?p=146&preview=true&preview_id=146&preview_nonce=96699e808a HTTP/1.1" 200 0 "http://www.elder-alliance.org/wordpress/wp-admin/post.php?action=edit&post=146&_wp_original_http_referer=http%3A%2F%2Fwww.elder-alliance.org%2Fwordpress%2Fwp-admin%2Fedit.php%3Fs%26mode%3Dlist%26action%3D-1%26m%3D200702%26cat%3D0%26action2%3D-1&message=1" "Mozilla/5.0 (Windows; U; Windows NT 5.1; ja; rv:1.9.0.8) Gecko/2009032609 Firefox/3.0.8 (.NET CLR 3.5.30729)"
116.65.47.143 - - [09/Apr/2009:15:10:11 +0900] "GET /wordpress/ HTTP/1.1" 200 0 "http://www.elder-alliance.org/wordpress/wp-admin/post.php?action=edit&post=146" "Mozilla/5.0 (Windows; U; Windows NT 5.1; ja; rv:1.9.0.8) Gecko/2009032609 Firefox/3.0.8 (.NET CLR 3.5.30729)"
116.65.47.143 - - [09/Apr/2009:15:10:45 +0900] "GET /wordpress/?attachment_id=393 HTTP/1.1" 200 0 "http://www.elder-alliance.org/wordpress/wp-admin/upload.php" "Mozilla/5.0 (Windows; U; Windows NT 5.1; ja; rv:1.9.0.8) Gecko/2009032609 Firefox/3.0.8 (.NET CLR 3.5.30729)"
210.188.220.161 - - [09/Apr/2009:15:11:24 +0900] "GET /wordpress/wp-cron.php?check=1e91024afe55c29758a38699a2480175 HTTP/1.0" 200 0 "" ""
116.65.47.143 - - [09/Apr/2009:15:11:27 +0900] "GET /wordpress/?p=146&preview=true&preview_id=146&preview_nonce=96699e808a HTTP/1.1" 200 0 "http://www.elder-alliance.org/wordpress/wp-admin/post.php?action=edit&post=146&_wp_original_http_referer=http%3A%2F%2Fwww.elder-alliance.org%2Fwordpress%2Fwp-admin%2Fedit.php%3Fs%26mode%3Dlist%26action%3D-1%26m%3D200702%26cat%3D0%26action2%3D-1&message=1" "Mozilla/5.0 (Windows; U; Windows NT 5.1; ja; rv:1.9.0.8) Gecko/2009032609 Firefox/3.0.8 (.NET CLR 3.5.30729)"
116.65.47.143 - - [09/Apr/2009:15:11:33 +0900] "GET /wordpress/?p=146&preview=true&preview_id=146&preview_nonce=96699e808a HTTP/1.1" 200 0 "http://www.elder-alliance.org/wordpress/wp-admin/post.php?action=edit&post=146&_wp_original_http_referer=http%3A%2F%2Fwww.elder-alliance.org%2Fwordpress%2Fwp-admin%2Fedit.php%3Fs%26mode%3Dlist%26action%3D-1%26m%3D200702%26cat%3D0%26action2%3D-1&message=1" "Mozilla/5.0 (Windows; U; Windows NT 5.1; ja; rv:1.9.0.8) Gecko/2009032609 Firefox/3.0.8 (.NET CLR 3.5.30729)"
116.65.47.143 - - [09/Apr/2009:15:11:54 +0900] "GET /wordpress/?p=146&preview=true&preview_id=146&preview_nonce=96699e808a HTTP/1.1" 200 0 "http://www.elder-alliance.org/wordpress/wp-admin/post.php?action=edit&post=146&_wp_original_http_referer=http%3A%2F%2Fwww.elder-alliance.org%2Fwordpress%2Fwp-admin%2Fedit.php%3Fs%26mode%3Dlist%26action%3D-1%26m%3D200702%26cat%3D0%26action2%3D-1&message=1" "Mozilla/5.0 (Windows; U; Windows NT 5.1; ja; rv:1.9.0.8) Gecko/2009032609 Firefox/3.0.8 (.NET CLR 3.5.30729)"
210.188.220.161 - - [09/Apr/2009:15:12:19 +0900] "GET /wordpress/wp-cron.php?check=1e91024afe55c29758a38699a2480175 HTTP/1.0" 200 0 "" ""
210.188.220.161 - - [09/Apr/2009:15:12:59 +0900] "GET /wordpress/wp-cron.php?check=1e91024afe55c29758a38699a2480175 HTTP/1.0" 200 0 "" ""
66.249.70.90 - - [09/Apr/2009:15:13:10 +0900] "GET /wordpress/?feed=atom HTTP/1.1" 200 0 "" "Mozilla/5.0 (compatible; Googlebot/2.1; +http://www.google.com/bot.html)"
66.249.70.90 - - [09/Apr/2009:15:13:13 +0900] "GET /wordpress/ HTTP/1.1" 200 0 "" "Mozilla/5.0 (compatible; Googlebot/2.1; +http://www.google.com/bot.html)"
206.113.193.50 - - [09/Apr/2009:15:13:20 +0900] "GET /wordpress/?feed=rss2 HTTP/1.1" 200 0 "" "BlogPulseLive (support@blogpulse.com)"
210.188.220.161 - - [09/Apr/2009:15:13:41 +0900] "GET /wordpress/wp-cron.php?check=1e91024afe55c29758a38699a2480175 HTTP/1.0" 200 0 "" ""
210.188.220.161 - - [09/Apr/2009:15:14:17 +0900] "GET /wordpress/wp-cron.php?check=1e91024afe55c29758a38699a2480175 HTTP/1.0" 200 0 "" ""
210.188.220.161 - - [09/Apr/2009:15:14:36 +0900] "GET /wordpress/wp-cron.php?check=1e91024afe55c29758a38699a2480175 HTTP/1.0" 200 0 "" ""
210.188.220.161 - - [09/Apr/2009:15:15:03 +0900] "GET /wordpress/wp-cron.php?check=1e91024afe55c29758a38699a2480175 HTTP/1.0" 200 0 "" ""
210.188.220.161 - - [09/Apr/2009:15:16:06 +0900] "GET /wordpress/wp-cron.php?check=1e91024afe55c29758a38699a2480175 HTTP/1.0" 200 0 "" ""
210.188.220.161 - - [09/Apr/2009:15:16:44 +0900] "GET /wordpress/wp-cron.php?check=1e91024afe55c29758a38699a2480175 HTTP/1.0" 200 0 "" ""
38.117.108.131 - - [09/Apr/2009:15:17:58 +0900] "GET /wordpress/ HTTP/1.1" 200 0 "" "Java/1.6.0_11"
210.188.220.161 - - [09/Apr/2009:15:18:00 +0900] "GET /wordpress/wp-cron.php?check=1e91024afe55c29758a38699a2480175 HTTP/1.0" 200 0 "" ""
38.117.108.131 - - [09/Apr/2009:15:18:01 +0900] "GET /wordpress/ HTTP/1.1" 200 0 "" "HTMLParser/1.6"
38.117.108.131 - - [09/Apr/2009:15:18:03 +0900] "GET /wordpress/?feed=rss2 HTTP/1.1" 200 0 "" "Rome Client (http://tinyurl.com/64t5n) Ver: 0.9"
210.188.220.161 - - [09/Apr/2009:15:18:06 +0900] "GET /wordpress/wp-cron.php?check=1e91024afe55c29758a38699a2480175 HTTP/1.0" 200 0 "" ""
210.188.220.161 - - [09/Apr/2009:15:18:12 +0900] "GET /wordpress/wp-cron.php?check=1e91024afe55c29758a38699a2480175 HTTP/1.0" 200 0 "" ""
116.65.47.143 - - [09/Apr/2009:15:18:17 +0900] "GET /wordpress/?p=155&preview=true&preview_id=155&preview_nonce=229888f29f HTTP/1.1" 200 0 "http://www.elder-alliance.org/wordpress/wp-admin/post.php?action=edit&post=155&_wp_original_http_referer=http%3A%2F%2Fwww.elder-alliance.org%2Fwordpress%2Fwp-admin%2Fedit.php%3Fs%26mode%3Dlist%26action%3D-1%26m%3D200703%26cat%3D0%26action2%3D-1&message=1" "Mozilla/5.0 (Windows; U; Windows NT 5.1; ja; rv:1.9.0.8) Gecko/2009032609 Firefox/3.0.8 (.NET CLR 3.5.30729)"
210.188.220.161 - - [09/Apr/2009:15:18:25 +0900] "GET /wordpress/wp-cron.php?check=1e91024afe55c29758a38699a2480175 HTTP/1.0" 200 0 "" ""
116.65.47.143 - - [09/Apr/2009:15:18:32 +0900] "GET /wordpress/?p=155&preview=true&preview_id=155&preview_nonce=229888f29f HTTP/1.1" 200 0 "http://www.elder-alliance.org/wordpress/wp-admin/post.php?action=edit&post=155&_wp_original_http_referer=http%3A%2F%2Fwww.elder-alliance.org%2Fwordpress%2Fwp-admin%2Fedit.php%3Fs%26mode%3Dlist%26action%3D-1%26m%3D200703%26cat%3D0%26action2%3D-1&message=1" "Mozilla/5.0 (Windows; U; Windows NT 5.1; ja; rv:1.9.0.8) Gecko/2009032609 Firefox/3.0.8 (.NET CLR 3.5.30729)"
210.188.220.161 - - [09/Apr/2009:15:19:32 +0900] "GET /wordpress/wp-cron.php?check=1e91024afe55c29758a38699a2480175 HTTP/1.0" 200 0 "" ""
210.188.220.161 - - [09/Apr/2009:15:20:05 +0900] "GET /wordpress/wp-cron.php?check=1e91024afe55c29758a38699a2480175 HTTP/1.0" 200 0 "" ""
116.65.47.143 - - [09/Apr/2009:15:20:14 +0900] "GET /wordpress/?p=157&preview=true&preview_id=157&preview_nonce=6727a503df HTTP/1.1" 200 0 "http://www.elder-alliance.org/wordpress/wp-admin/post.php?action=edit&post=157&_wp_original_http_referer=http%3A%2F%2Fwww.elder-alliance.org%2Fwordpress%2Fwp-admin%2Fedit.php%3Fs%26mode%3Dlist%26action%3D-1%26m%3D200703%26cat%3D0%26action2%3D-1&message=1" "Mozilla/5.0 (Windows; U; Windows NT 5.1; ja; rv:1.9.0.8) Gecko/2009032609 Firefox/3.0.8 (.NET CLR 3.5.30729)"
210.188.220.161 - - [09/Apr/2009:15:21:46 +0900] "GET /wordpress/wp-cron.php?check=1e91024afe55c29758a38699a2480175 HTTP/1.0" 200 0 "" ""
210.188.220.161 - - [09/Apr/2009:15:23:45 +0900] "GET /wordpress/wp-cron.php?check=1e91024afe55c29758a38699a2480175 HTTP/1.0" 200 0 "" ""
210.188.220.161 - - [09/Apr/2009:15:24:32 +0900] "GET /wordpress/wp-cron.php?check=1e91024afe55c29758a38699a2480175 HTTP/1.0" 200 0 "" ""
116.65.47.143 - - [09/Apr/2009:15:25:02 +0900] "GET /wordpress/?tag=%ef%bc%92%e3%81%a1%e3%82%83%e3%82%93%e3%81%ad%e3%82%8b HTTP/1.1" 200 0 "http://www.elder-alliance.org/wordpress/" "Mozilla/5.0 (Windows; U; Windows NT 5.1; ja; rv:1.9.0.8) Gecko/2009032609 Firefox/3.0.8 (.NET CLR 3.5.30729)"
116.65.47.143 - - [09/Apr/2009:15:25:02 +0900] "GET /wordpress/?tag=2%e3%81%a1%e3%82%83%e3%82%93%e3%81%ad%e3%82%8b HTTP/1.1" 200 0 "http://www.elder-alliance.org/wordpress/" "Mozilla/5.0 (Windows; U; Windows NT 5.1; ja; rv:1.9.0.8) Gecko/2009032609 Firefox/3.0.8 (.NET CLR 3.5.30729)"
210.188.220.161 - - [09/Apr/2009:15:26:08 +0900] "GET /wordpress/wp-cron.php?check=1e91024afe55c29758a38699a2480175 HTTP/1.0" 200 0 "" ""
210.188.220.161 - - [09/Apr/2009:15:27:34 +0900] "GET /wordpress/wp-cron.php?check=1e91024afe55c29758a38699a2480175 HTTP/1.0" 200 0 "" ""
210.188.220.161 - - [09/Apr/2009:15:28:45 +0900] "GET /wordpress/wp-cron.php?check=1e91024afe55c29758a38699a2480175 HTTP/1.0" 200 0 "" ""
210.188.220.161 - - [09/Apr/2009:15:29:26 +0900] "GET /wordpress/wp-cron.php?check=1e91024afe55c29758a38699a2480175 HTTP/1.0" 200 0 "" ""
210.188.220.161 - - [09/Apr/2009:15:30:28 +0900] "GET /wordpress/wp-cron.php?check=1e91024afe55c29758a38699a2480175 HTTP/1.0" 200 0 "" ""
116.65.47.143 - - [09/Apr/2009:15:30:42 +0900] "GET /wordpress/?p=318 HTTP/1.1" 200 0 "http://mixi.jp/show_profile.pl?id=1219747" "Mozilla/5.0 (Windows; U; Windows NT 5.1; ja; rv:1.9.0.8) Gecko/2009032609 Firefox/3.0.8 (.NET CLR 3.5.30729)"
116.65.47.143 - - [09/Apr/2009:15:36:20 +0900] "GET /wordpress/?tag=%ef%bc%92%e3%81%a1%e3%82%83%e3%82%93%e3%81%ad%e3%82%8b HTTP/1.1" 200 0 "http://www.elder-alliance.org/wordpress/" "Mozilla/5.0 (Windows; U; Windows NT 5.1; ja; rv:1.9.0.8) Gecko/2009032609 Firefox/3.0.8 (.NET CLR 3.5.30729)"
116.65.47.143 - - [09/Apr/2009:15:36:35 +0900] "GET /wordpress/?p=39 HTTP/1.1" 200 0 "http://www.elder-alliance.org/wordpress/?tag=2%e3%81%a1%e3%82%83%e3%82%93%e3%81%ad%e3%82%8b" "Mozilla/5.0 (Windows; U; Windows NT 5.1; ja; rv:1.9.0.8) Gecko/2009032609 Firefox/3.0.8 (.NET CLR 3.5.30729)"
210.188.220.161 - - [09/Apr/2009:15:37:25 +0900] "GET /wordpress/wp-cron.php?check=1e91024afe55c29758a38699a2480175 HTTP/1.0" 200 0 "" ""
116.65.47.143 - - [09/Apr/2009:15:38:05 +0900] "GET /wordpress/?p=496 HTTP/1.1" 200 0 "http://www.elder-alliance.org/wordpress/?tag=2%e3%81%a1%e3%82%83%e3%82%93%e3%81%ad%e3%82%8b" "Mozilla/5.0 (Windows; U; Windows NT 5.1; ja; rv:1.9.0.8) Gecko/2009032609 Firefox/3.0.8 (.NET CLR 3.5.30729)"
210.188.220.161 - - [09/Apr/2009:15:39:08 +0900] "GET /wordpress/wp-cron.php?check=1e91024afe55c29758a38699a2480175 HTTP/1.0" 200 0 "" ""
66.249.70.90 - - [09/Apr/2009:15:39:30 +0900] "GET /wordpress/?feed=atom HTTP/1.1" 200 0 "" "Mozilla/5.0 (compatible; Googlebot/2.1; +http://www.google.com/bot.html)"
66.249.70.90 - - [09/Apr/2009:15:39:32 +0900] "GET /wordpress/ HTTP/1.1" 200 0 "" "Mozilla/5.0 (compatible; Googlebot/2.1; +http://www.google.com/bot.html)"
210.188.220.161 - - [09/Apr/2009:15:39:45 +0900] "GET /wordpress/wp-cron.php?check=1e91024afe55c29758a38699a2480175 HTTP/1.0" 200 0 "" ""
210.188.220.161 - - [09/Apr/2009:15:40:25 +0900] "GET /wordpress/wp-cron.php?check=1e91024afe55c29758a38699a2480175 HTTP/1.0" 200 0 "" ""
210.188.220.161 - - [09/Apr/2009:15:41:10 +0900] "GET /wordpress/wp-cron.php?check=1e91024afe55c29758a38699a2480175 HTTP/1.0" 200 0 "" ""
210.188.220.161 - - [09/Apr/2009:15:42:06 +0900] "GET /wordpress/wp-cron.php?check=1e91024afe55c29758a38699a2480175 HTTP/1.0" 200 0 "" ""
219.112.245.23 - - [09/Apr/2009:15:42:40 +0900] "GET /wordpress/?feed=rss2 HTTP/1.1" 200 0 "" "mixi-crawler/2.00 (http://mixi.jp/)"
210.188.220.161 - - [09/Apr/2009:15:43:04 +0900] "GET /wordpress/wp-cron.php?check=1e91024afe55c29758a38699a2480175 HTTP/1.0" 200 0 "" ""
116.65.47.143 - - [09/Apr/2009:15:43:09 +0900] "GET /wordpress/?p=171&preview=true&preview_id=171&preview_nonce=15cdf563a3 HTTP/1.1" 200 0 "http://www.elder-alliance.org/wordpress/wp-admin/post.php?action=edit&post=171&_wp_original_http_referer=http%3A%2F%2Fwww.elder-alliance.org%2Fwordpress%2Fwp-admin%2Fedit.php%3Fs%26mode%3Dlist%26action%3D-1%26m%3D200706%26cat%3D0%26action2%3D-1&message=1" "Mozilla/5.0 (Windows; U; Windows NT 5.1; ja; rv:1.9.0.8) Gecko/2009032609 Firefox/3.0.8 (.NET CLR 3.5.30729)"
219.125.60.97 - - [09/Apr/2009:15:43:25 +0900] "GET /wordpress/ HTTP/1.1" 200 0 "" "Mozilla/4.0 (compatible; MSIE 6.0; Windows NT 5.1; SV1)"
210.188.220.161 - - [09/Apr/2009:15:43:42 +0900] "GET /wordpress/wp-cron.php?check=1e91024afe55c29758a38699a2480175 HTTP/1.0" 200 0 "" ""
210.188.220.161 - - [09/Apr/2009:15:44:11 +0900] "GET /wordpress/wp-cron.php?check=1e91024afe55c29758a38699a2480175 HTTP/1.0" 200 0 "" ""
210.188.220.161 - - [09/Apr/2009:15:44:27 +0900] "GET /wordpress/wp-cron.php?check=1e91024afe55c29758a38699a2480175 HTTP/1.0" 200 0 "" ""
210.188.220.161 - - [09/Apr/2009:15:44:53 +0900] "GET /wordpress/wp-cron.php?check=1e91024afe55c29758a38699a2480175 HTTP/1.0" 200 0 "" ""
210.188.220.161 - - [09/Apr/2009:15:45:49 +0900] "GET /wordpress/wp-cron.php?check=1e91024afe55c29758a38699a2480175 HTTP/1.0" 200 0 "" ""
210.188.220.161 - - [09/Apr/2009:15:46:07 +0900] "GET /wordpress/wp-cron.php?check=1e91024afe55c29758a38699a2480175 HTTP/1.0" 200 0 "" ""
206.113.193.50 - - [09/Apr/2009:15:46:30 +0900] "GET /wordpress/?feed=rss2 HTTP/1.1" 200 0 "" "BlogPulseLive (support@blogpulse.com)"
210.188.220.161 - - [09/Apr/2009:15:46:47 +0900] "GET /wordpress/wp-cron.php?check=1e91024afe55c29758a38699a2480175 HTTP/1.0" 200 0 "" ""
210.188.220.161 - - [09/Apr/2009:15:47:29 +0900] "GET /wordpress/wp-cron.php?check=1e91024afe55c29758a38699a2480175 HTTP/1.0" 200 0 "" ""
116.65.47.143 - - [09/Apr/2009:15:47:38 +0900] "GET /wordpress/?p=177&preview=true&preview_id=177&preview_nonce=ecf90f17fe HTTP/1.1" 200 0 "http://www.elder-alliance.org/wordpress/wp-admin/post.php?action=edit&post=177&_wp_original_http_referer=http%3A%2F%2Fwww.elder-alliance.org%2Fwordpress%2Fwp-admin%2Fedit.php%3Fs%26mode%3Dlist%26action%3D-1%26m%3D200706%26cat%3D0%26action2%3D-1&message=1" "Mozilla/5.0 (Windows; U; Windows NT 5.1; ja; rv:1.9.0.8) Gecko/2009032609 Firefox/3.0.8 (.NET CLR 3.5.30729)"
210.188.220.161 - - [09/Apr/2009:15:48:57 +0900] "GET /wordpress/wp-cron.php?check=1e91024afe55c29758a38699a2480175 HTTP/1.0" 200 0 "" ""
116.65.47.143 - - [09/Apr/2009:15:49:17 +0900] "GET /wordpress/?tag=%e3%82%b3%e3%83%b3%e3%83%94%e3%83%a5%e3%83%bc%e3%82%bf HTTP/1.1" 200 0 "http://www.elder-alliance.org/wordpress/?p=177&preview=true&preview_id=177&preview_nonce=ecf90f17fe" "Mozilla/5.0 (Windows; U; Windows NT 5.1; ja; rv:1.9.0.8) Gecko/2009032609 Firefox/3.0.8 (.NET CLR 3.5.30729)"
116.65.47.143 - - [09/Apr/2009:15:49:55 +0900] "GET /wordpress/?p=170 HTTP/1.1" 200 0 "http://www.elder-alliance.org/wordpress/?tag=%e3%82%b3%e3%83%b3%e3%83%94%e3%83%a5%e3%83%bc%e3%82%bf" "Mozilla/5.0 (Windows; U; Windows NT 5.1; ja; rv:1.9.0.8) Gecko/2009032609 Firefox/3.0.8 (.NET CLR 3.5.30729)"
116.65.47.143 - - [09/Apr/2009:15:51:43 +0900] "GET /wordpress/?p=160 HTTP/1.1" 200 0 "http://www.elder-alliance.org/wordpress/?tag=%e3%82%b3%e3%83%b3%e3%83%94%e3%83%a5%e3%83%bc%e3%82%bf" "Mozilla/5.0 (Windows; U; Windows NT 5.1; ja; rv:1.9.0.8) Gecko/2009032609 Firefox/3.0.8 (.NET CLR 3.5.30729)"
210.188.220.161 - - [09/Apr/2009:15:52:04 +0900] "GET /wordpress/wp-cron.php?check=1e91024afe55c29758a38699a2480175 HTTP/1.0" 200 0 "" ""
210.188.220.161 - - [09/Apr/2009:15:52:04 +0900] "GET /wordpress/wp-cron.php?check=1e91024afe55c29758a38699a2480175 HTTP/1.0" 200 0 "" ""
210.188.220.161 - - [09/Apr/2009:15:52:05 +0900] "GET /wordpress/?p=160 HTTP/1.0" 200 0 "" ""
210.188.220.161 - - [09/Apr/2009:15:52:05 +0900] "GET /wordpress/?p=160 HTTP/1.0" 200 0 "" ""
210.188.220.161 - - [09/Apr/2009:15:52:05 +0900] "POST /wordpress/xmlrpc.php HTTP/1.0" 200 0 "" "The Incutio XML-RPC PHP Library -- WordPress/2.7.1"
210.188.220.161 - - [09/Apr/2009:15:52:07 +0900] "GET /wordpress/?p=178 HTTP/1.0" 200 0 "" ""
116.65.47.143 - - [09/Apr/2009:15:52:22 +0900] "GET /wordpress/?p=178 HTTP/1.1" 200 0 "http://www.elder-alliance.org/wordpress/wp-admin/edit.php?s&mode=list&action=-1&m=200706&cat=0&action2=-1" "Mozilla/5.0 (Windows; U; Windows NT 5.1; ja; rv:1.9.0.8) Gecko/2009032609 Firefox/3.0.8 (.NET CLR 3.5.30729)"
210.188.220.161 - - [09/Apr/2009:15:52:40 +0900] "GET /wordpress/wp-cron.php?check=1e91024afe55c29758a38699a2480175 HTTP/1.0" 200 0 "" ""
210.188.220.161 - - [09/Apr/2009:15:53:29 +0900] "GET /wordpress/wp-cron.php?check=1e91024afe55c29758a38699a2480175 HTTP/1.0" 200 0 "" ""
38.117.108.131 - - [09/Apr/2009:15:53:56 +0900] "GET /wordpress/ HTTP/1.1" 200 0 "" "Java/1.6.0_11"
38.117.108.131 - - [09/Apr/2009:15:53:58 +0900] "GET /wordpress/ HTTP/1.1" 200 0 "" "HTMLParser/1.6"
38.117.108.131 - - [09/Apr/2009:15:54:00 +0900] "GET /wordpress/?feed=rss2 HTTP/1.1" 200 0 "" "Rome Client (http://tinyurl.com/64t5n) Ver: 0.9"
210.188.220.161 - - [09/Apr/2009:15:54:16 +0900] "GET /wordpress/wp-cron.php?check=1e91024afe55c29758a38699a2480175 HTTP/1.0" 200 0 "" ""
210.188.220.161 - - [09/Apr/2009:15:55:35 +0900] "GET /wordpress/wp-cron.php?check=1e91024afe55c29758a38699a2480175 HTTP/1.0" 200 0 "" ""
210.188.220.161 - - [09/Apr/2009:15:55:59 +0900] "GET /wordpress/wp-cron.php?check=1e91024afe55c29758a38699a2480175 HTTP/1.0" 200 0 "" ""
210.188.220.161 - - [09/Apr/2009:15:56:51 +0900] "GET /wordpress/wp-cron.php?check=1e91024afe55c29758a38699a2480175 HTTP/1.0" 200 0 "" ""
210.188.220.161 - - [09/Apr/2009:15:57:58 +0900] "GET /wordpress/wp-cron.php?check=1e91024afe55c29758a38699a2480175 HTTP/1.0" 200 0 "" ""
210.188.220.161 - - [09/Apr/2009:15:58:25 +0900] "GET /wordpress/wp-cron.php?check=1e91024afe55c29758a38699a2480175 HTTP/1.0" 200 0 "" ""
210.188.220.161 - - [09/Apr/2009:15:58:55 +0900] "GET /wordpress/wp-cron.php?check=1e91024afe55c29758a38699a2480175 HTTP/1.0" 200 0 "" ""
