210.188.220.161 - - [09/Apr/2009:16:00:00 +0900] "GET /wordpress/wp-cron.php?check=1e91024afe55c29758a38699a2480175 HTTP/1.0" 200 0 "" ""
210.188.220.161 - - [09/Apr/2009:16:01:17 +0900] "GET /wordpress/wp-cron.php?check=1e91024afe55c29758a38699a2480175 HTTP/1.0" 200 0 "" ""
210.188.220.161 - - [09/Apr/2009:16:01:35 +0900] "GET /wordpress/wp-cron.php?check=1e91024afe55c29758a38699a2480175 HTTP/1.0" 200 0 "" ""
210.188.220.161 - - [09/Apr/2009:16:02:19 +0900] "GET /wordpress/wp-cron.php?check=1e91024afe55c29758a38699a2480175 HTTP/1.0" 200 0 "" ""
210.188.220.161 - - [09/Apr/2009:16:03:36 +0900] "GET /wordpress/wp-cron.php?check=1e91024afe55c29758a38699a2480175 HTTP/1.0" 200 0 "" ""
210.188.220.161 - - [09/Apr/2009:16:04:00 +0900] "GET /wordpress/wp-cron.php?check=1e91024afe55c29758a38699a2480175 HTTP/1.0" 200 0 "" ""
210.188.220.161 - - [09/Apr/2009:16:04:54 +0900] "GET /wordpress/wp-cron.php?check=1e91024afe55c29758a38699a2480175 HTTP/1.0" 200 0 "" ""
210.188.220.161 - - [09/Apr/2009:16:05:30 +0900] "GET /wordpress/wp-cron.php?check=1e91024afe55c29758a38699a2480175 HTTP/1.0" 200 0 "" ""
210.188.220.161 - - [09/Apr/2009:16:06:20 +0900] "GET /wordpress/wp-cron.php?check=1e91024afe55c29758a38699a2480175 HTTP/1.0" 200 0 "" ""
210.188.220.161 - - [09/Apr/2009:16:09:58 +0900] "GET /wordpress/wp-cron.php?check=1e91024afe55c29758a38699a2480175 HTTP/1.0" 200 0 "" ""
210.188.220.161 - - [09/Apr/2009:16:10:40 +0900] "GET /wordpress/wp-cron.php?check=1e91024afe55c29758a38699a2480175 HTTP/1.0" 200 0 "" ""
210.188.220.161 - - [09/Apr/2009:16:11:06 +0900] "GET /wordpress/wp-cron.php?check=1e91024afe55c29758a38699a2480175 HTTP/1.0" 200 0 "" ""
116.65.47.143 - - [09/Apr/2009:16:11:35 +0900] "GET /wordpress/?attachment_id=397 HTTP/1.1" 200 0 "http://www.elder-alliance.org/wordpress/wp-admin/upload.php" "Mozilla/5.0 (Windows; U; Windows NT 5.1; ja; rv:1.9.0.8) Gecko/2009032609 Firefox/3.0.8 (.NET CLR 3.5.30729)"
66.249.70.90 - - [09/Apr/2009:16:11:40 +0900] "GET /wordpress/?feed=atom HTTP/1.1" 200 0 "" "Mozilla/5.0 (compatible; Googlebot/2.1; +http://www.google.com/bot.html)"
66.249.70.90 - - [09/Apr/2009:16:11:41 +0900] "GET /wordpress/ HTTP/1.1" 200 0 "" "Mozilla/5.0 (compatible; Googlebot/2.1; +http://www.google.com/bot.html)"
210.188.220.161 - - [09/Apr/2009:16:12:34 +0900] "GET /wordpress/wp-cron.php?check=1e91024afe55c29758a38699a2480175 HTTP/1.0" 200 0 "" ""
210.188.220.161 - - [09/Apr/2009:16:13:05 +0900] "GET /wordpress/wp-cron.php?check=1e91024afe55c29758a38699a2480175 HTTP/1.0" 200 0 "" ""
210.188.220.161 - - [09/Apr/2009:16:13:47 +0900] "GET /wordpress/wp-cron.php?check=1e91024afe55c29758a38699a2480175 HTTP/1.0" 200 0 "" ""
210.188.220.161 - - [09/Apr/2009:16:14:27 +0900] "GET /wordpress/wp-cron.php?check=1e91024afe55c29758a38699a2480175 HTTP/1.0" 200 0 "" ""
210.188.220.161 - - [09/Apr/2009:16:15:16 +0900] "GET /wordpress/wp-cron.php?check=1e91024afe55c29758a38699a2480175 HTTP/1.0" 200 0 "" ""
69.36.158.7 - - [09/Apr/2009:16:15:27 +0900] "GET /wordpress/?feed=rss2 HTTP/1.0" 200 0 "" "Moreoverbot/5.00 (+http://www.moreover.com; webmaster@moreover.com)"
210.188.220.161 - - [09/Apr/2009:16:15:52 +0900] "GET /wordpress/wp-cron.php?check=1e91024afe55c29758a38699a2480175 HTTP/1.0" 200 0 "" ""
210.188.220.161 - - [09/Apr/2009:16:16:21 +0900] "GET /wordpress/wp-cron.php?check=1e91024afe55c29758a38699a2480175 HTTP/1.0" 200 0 "" ""
116.65.47.143 - - [09/Apr/2009:16:16:32 +0900] "GET /wordpress/?p=204&preview=true&preview_id=204&preview_nonce=8d9660e9e4 HTTP/1.1" 200 0 "http://www.elder-alliance.org/wordpress/wp-admin/post.php?action=edit&post=204&_wp_original_http_referer=http%3A%2F%2Fwww.elder-alliance.org%2Fwordpress%2Fwp-admin%2Fedit.php%3Fs%26mode%3Dlist%26action%3D-1%26m%3D200712%26cat%3D0%26action2%3D-1&message=1" "Mozilla/5.0 (Windows; U; Windows NT 5.1; ja; rv:1.9.0.8) Gecko/2009032609 Firefox/3.0.8 (.NET CLR 3.5.30729)"
116.65.47.143 - - [09/Apr/2009:16:17:02 +0900] "GET /wordpress/ HTTP/1.1" 200 0 "http://www.elder-alliance.org/wordpress/?p=204&preview=true&preview_id=204&preview_nonce=8d9660e9e4" "Mozilla/5.0 (Windows; U; Windows NT 5.1; ja; rv:1.9.0.8) Gecko/2009032609 Firefox/3.0.8 (.NET CLR 3.5.30729)"
210.188.220.161 - - [09/Apr/2009:16:17:32 +0900] "GET /wordpress/wp-cron.php?check=1e91024afe55c29758a38699a2480175 HTTP/1.0" 200 0 "" ""
210.188.220.161 - - [09/Apr/2009:16:18:08 +0900] "GET /wordpress/wp-cron.php?check=1e91024afe55c29758a38699a2480175 HTTP/1.0" 200 0 "" ""
210.188.220.161 - - [09/Apr/2009:16:18:53 +0900] "GET /wordpress/wp-cron.php?check=1e91024afe55c29758a38699a2480175 HTTP/1.0" 200 0 "" ""
210.188.220.161 - - [09/Apr/2009:16:19:29 +0900] "GET /wordpress/wp-cron.php?check=1e91024afe55c29758a38699a2480175 HTTP/1.0" 200 0 "" ""
116.65.47.143 - - [09/Apr/2009:16:20:58 +0900] "GET /wordpress/?attachment_id=398 HTTP/1.1" 200 0 "http://www.elder-alliance.org/wordpress/wp-admin/upload.php" "Mozilla/5.0 (Windows; U; Windows NT 5.1; ja; rv:1.9.0.8) Gecko/2009032609 Firefox/3.0.8 (.NET CLR 3.5.30729)"
210.188.220.161 - - [09/Apr/2009:16:21:21 +0900] "GET /wordpress/wp-cron.php?check=1e91024afe55c29758a38699a2480175 HTTP/1.0" 200 0 "" ""
206.113.193.50 - - [09/Apr/2009:16:22:48 +0900] "GET /wordpress/?feed=rss2 HTTP/1.1" 200 0 "" "BlogPulseLive (support@blogpulse.com)"
210.188.220.161 - - [09/Apr/2009:16:22:51 +0900] "GET /wordpress/wp-cron.php?check=1e91024afe55c29758a38699a2480175 HTTP/1.0" 200 0 "" ""
210.188.220.161 - - [09/Apr/2009:16:23:35 +0900] "GET /wordpress/wp-cron.php?check=1e91024afe55c29758a38699a2480175 HTTP/1.0" 200 0 "" ""
116.65.47.143 - - [09/Apr/2009:16:23:48 +0900] "GET /wordpress/?p=211 HTTP/1.1" 200 0 "http://www.elder-alliance.org/wordpress/wp-admin/edit.php?s&mode=list&action=-1&m=200803&cat=0&action2=-1" "Mozilla/5.0 (Windows; U; Windows NT 5.1; ja; rv:1.9.0.8) Gecko/2009032609 Firefox/3.0.8 (.NET CLR 3.5.30729)"
210.188.220.161 - - [09/Apr/2009:16:24:07 +0900] "GET /wordpress/wp-cron.php?check=1e91024afe55c29758a38699a2480175 HTTP/1.0" 200 0 "" ""
38.117.108.131 - - [09/Apr/2009:16:25:34 +0900] "GET /wordpress/ HTTP/1.1" 200 0 "" "Java/1.6.0_11"
38.117.108.131 - - [09/Apr/2009:16:25:36 +0900] "GET /wordpress/ HTTP/1.1" 200 0 "" "HTMLParser/1.6"
38.117.108.131 - - [09/Apr/2009:16:25:37 +0900] "GET /wordpress/?feed=rss2 HTTP/1.1" 200 0 "" "Rome Client (http://tinyurl.com/64t5n) Ver: 0.9"
210.188.220.161 - - [09/Apr/2009:16:30:34 +0900] "GET /wordpress/wp-cron.php?check=1e91024afe55c29758a38699a2480175 HTTP/1.0" 200 0 "" ""
116.65.47.143 - - [09/Apr/2009:16:30:59 +0900] "GET /wordpress/?p=214&preview=true&preview_id=214&preview_nonce=5d9442e890 HTTP/1.1" 200 0 "http://www.elder-alliance.org/wordpress/wp-admin/post.php?action=edit&post=214" "Mozilla/5.0 (Windows; U; Windows NT 5.1; ja; rv:1.9.0.8) Gecko/2009032609 Firefox/3.0.8 (.NET CLR 3.5.30729)"
210.188.220.161 - - [09/Apr/2009:16:34:32 +0900] "GET /wordpress/wp-cron.php?check=1e91024afe55c29758a38699a2480175 HTTP/1.0" 200 0 "" ""
210.188.220.161 - - [09/Apr/2009:16:35:45 +0900] "GET /wordpress/wp-cron.php?check=1e91024afe55c29758a38699a2480175 HTTP/1.0" 200 0 "" ""
116.65.47.143 - - [09/Apr/2009:16:36:10 +0900] "GET /wordpress/?p=216&preview=true&preview_id=216&preview_nonce=2764733040 HTTP/1.1" 200 0 "http://www.elder-alliance.org/wordpress/wp-admin/post.php?action=edit&post=216" "Mozilla/5.0 (Windows; U; Windows NT 5.1; ja; rv:1.9.0.8) Gecko/2009032609 Firefox/3.0.8 (.NET CLR 3.5.30729)"
210.188.220.161 - - [09/Apr/2009:16:41:08 +0900] "GET /wordpress/wp-cron.php?check=1e91024afe55c29758a38699a2480175 HTTP/1.0" 200 0 "" ""
81.170.208.83 - - [09/Apr/2009:16:41:09 +0900] "GET /wordpress/ HTTP/1.1" 200 0 "" "Mozilla/5.0 (compatible; Twingly Recon; twingly.com)"
81.170.208.83 - - [09/Apr/2009:16:41:12 +0900] "GET /wordpress/?feed=rss2 HTTP/1.1" 200 0 "" "Mozilla/5.0 (compatible; Twingly Recon; twingly.com)"
210.188.220.161 - - [09/Apr/2009:16:42:02 +0900] "GET /wordpress/wp-cron.php?check=1e91024afe55c29758a38699a2480175 HTTP/1.0" 200 0 "" ""
210.188.220.161 - - [09/Apr/2009:16:42:47 +0900] "GET /wordpress/wp-cron.php?check=1e91024afe55c29758a38699a2480175 HTTP/1.0" 200 0 "" ""
210.188.220.161 - - [09/Apr/2009:16:44:01 +0900] "GET /wordpress/wp-cron.php?check=1e91024afe55c29758a38699a2480175 HTTP/1.0" 200 0 "" ""
116.65.47.143 - - [09/Apr/2009:16:44:07 +0900] "GET /wordpress/?p=219&preview=true&preview_id=219&preview_nonce=0a8c52ffdd HTTP/1.1" 200 0 "http://www.elder-alliance.org/wordpress/wp-admin/post.php?action=edit&post=219&_wp_original_http_referer=http%3A%2F%2Fwww.elder-alliance.org%2Fwordpress%2Fwp-admin%2Fedit.php%3Fs%26mode%3Dlist%26action%3D-1%26m%3D200805%26cat%3D0%26action2%3D-1&message=1" "Mozilla/5.0 (Windows; U; Windows NT 5.1; ja; rv:1.9.0.8) Gecko/2009032609 Firefox/3.0.8 (.NET CLR 3.5.30729)"
210.188.220.161 - - [09/Apr/2009:16:48:50 +0900] "GET /wordpress/wp-cron.php?check=1e91024afe55c29758a38699a2480175 HTTP/1.0" 200 0 "" ""
69.36.158.7 - - [09/Apr/2009:16:48:55 +0900] "GET /wordpress/?feed=rss2 HTTP/1.0" 200 0 "" "Moreoverbot/5.00 (+http://www.moreover.com; webmaster@moreover.com)"
116.65.47.143 - - [09/Apr/2009:16:49:00 +0900] "GET /wordpress/?p=220&preview=true&preview_id=220&preview_nonce=f1fd337e1b HTTP/1.1" 200 0 "http://www.elder-alliance.org/wordpress/wp-admin/post.php?action=edit&post=220&_wp_original_http_referer=http%3A%2F%2Fwww.elder-alliance.org%2Fwordpress%2Fwp-admin%2Fedit.php%3Fs%26mode%3Dlist%26action%3D-1%26m%3D200805%26cat%3D0%26action2%3D-1&message=1" "Mozilla/5.0 (Windows; U; Windows NT 5.1; ja; rv:1.9.0.8) Gecko/2009032609 Firefox/3.0.8 (.NET CLR 3.5.30729)"
66.249.70.90 - - [09/Apr/2009:16:49:21 +0900] "GET /wordpress/?feed=atom HTTP/1.1" 200 0 "" "Mozilla/5.0 (compatible; Googlebot/2.1; +http://www.google.com/bot.html)"
66.249.70.90 - - [09/Apr/2009:16:49:23 +0900] "GET /wordpress/ HTTP/1.1" 200 0 "" "Mozilla/5.0 (compatible; Googlebot/2.1; +http://www.google.com/bot.html)"
116.65.47.143 - - [09/Apr/2009:16:49:41 +0900] "GET /wordpress/?tag=%e6%97%a5%e8%a8%98 HTTP/1.1" 200 0 "http://www.elder-alliance.org/wordpress/?p=220&preview=true&preview_id=220&preview_nonce=f1fd337e1b" "Mozilla/5.0 (Windows; U; Windows NT 5.1; ja; rv:1.9.0.8) Gecko/2009032609 Firefox/3.0.8 (.NET CLR 3.5.30729)"
116.65.47.143 - - [09/Apr/2009:16:49:58 +0900] "GET /wordpress/?m=200706 HTTP/1.1" 200 0 "http://www.elder-alliance.org/wordpress/?tag=%e6%97%a5%e8%a8%98" "Mozilla/5.0 (Windows; U; Windows NT 5.1; ja; rv:1.9.0.8) Gecko/2009032609 Firefox/3.0.8 (.NET CLR 3.5.30729)"
116.65.47.143 - - [09/Apr/2009:16:50:05 +0900] "GET /wordpress/?p=179 HTTP/1.1" 200 0 "http://www.elder-alliance.org/wordpress/?m=200706" "Mozilla/5.0 (Windows; U; Windows NT 5.1; ja; rv:1.9.0.8) Gecko/2009032609 Firefox/3.0.8 (.NET CLR 3.5.30729)"
38.117.108.131 - - [09/Apr/2009:16:51:52 +0900] "GET /wordpress/ HTTP/1.1" 200 0 "" "Java/1.6.0_11"
38.117.108.131 - - [09/Apr/2009:16:51:54 +0900] "GET /wordpress/ HTTP/1.1" 200 0 "" "HTMLParser/1.6"
38.117.108.131 - - [09/Apr/2009:16:51:56 +0900] "GET /wordpress/?feed=rss2 HTTP/1.1" 200 0 "" "Rome Client (http://tinyurl.com/64t5n) Ver: 0.9"
210.188.220.161 - - [09/Apr/2009:16:53:57 +0900] "GET /wordpress/wp-cron.php?check=1e91024afe55c29758a38699a2480175 HTTP/1.0" 200 0 "" ""
210.188.220.161 - - [09/Apr/2009:16:53:58 +0900] "GET /wordpress/?p=179 HTTP/1.0" 200 0 "" ""
210.188.220.161 - - [09/Apr/2009:16:53:58 +0900] "POST /wordpress/xmlrpc.php HTTP/1.0" 200 0 "" "The Incutio XML-RPC PHP Library -- WordPress/2.7.1"
210.188.220.161 - - [09/Apr/2009:16:54:00 +0900] "GET /wordpress/?p=220 HTTP/1.0" 200 0 "" ""
210.188.220.161 - - [09/Apr/2009:16:54:01 +0900] "GET /wordpress/?p=179 HTTP/1.0" 200 0 "" ""
67.202.60.246 - - [09/Apr/2009:16:55:12 +0900] "GET /wordpress/ HTTP/1.1" 200 0 "" "Jakarta Commons-HttpClient/3.0"
210.188.220.161 - - [09/Apr/2009:16:55:26 +0900] "GET /wordpress/wp-cron.php?check=1e91024afe55c29758a38699a2480175 HTTP/1.0" 200 0 "" ""
210.188.220.161 - - [09/Apr/2009:16:56:11 +0900] "GET /wordpress/wp-cron.php?check=1e91024afe55c29758a38699a2480175 HTTP/1.0" 200 0 "" ""
206.113.193.50 - - [09/Apr/2009:16:56:23 +0900] "GET /wordpress/?feed=rss2 HTTP/1.1" 200 0 "" "BlogPulseLive (support@blogpulse.com)"
210.188.220.161 - - [09/Apr/2009:16:56:38 +0900] "GET /wordpress/wp-cron.php?check=1e91024afe55c29758a38699a2480175 HTTP/1.0" 200 0 "" ""
210.188.220.161 - - [09/Apr/2009:16:57:23 +0900] "GET /wordpress/wp-cron.php?check=1e91024afe55c29758a38699a2480175 HTTP/1.0" 200 0 "" ""
64.21.98.206 - - [09/Apr/2009:16:57:29 +0900] "GET /wordpress/ HTTP/1.1" 200 0 "" ""
116.65.47.143 - - [09/Apr/2009:16:57:33 +0900] "GET /wordpress/?p=224 HTTP/1.1" 200 0 "http://www.elder-alliance.org/wordpress/wp-admin/edit.php?s&mode=list&action=-1&m=200806&cat=0&action2=-1" "Mozilla/5.0 (Windows; U; Windows NT 5.1; ja; rv:1.9.0.8) Gecko/2009032609 Firefox/3.0.8 (.NET CLR 3.5.30729)"
210.188.220.161 - - [09/Apr/2009:16:58:05 +0900] "GET /wordpress/wp-cron.php?check=1e91024afe55c29758a38699a2480175 HTTP/1.0" 200 0 "" ""
210.188.220.161 - - [09/Apr/2009:17:00:06 +0900] "GET /wordpress/wp-cron.php?check=1e91024afe55c29758a38699a2480175 HTTP/1.0" 200 0 "" ""
119.63.193.35 - - [09/Apr/2009:17:00:17 +0900] "GET /wordpress/?feed=rss2&p=1 HTTP/1.1" 200 0 "" "Baiduspider+(+http://www.baidu.jp/spider/)"
210.188.220.161 - - [09/Apr/2009:17:00:49 +0900] "GET /wordpress/wp-cron.php?check=1e91024afe55c29758a38699a2480175 HTTP/1.0" 200 0 "" ""
210.188.220.161 - - [09/Apr/2009:17:01:56 +0900] "GET /wordpress/wp-cron.php?check=1e91024afe55c29758a38699a2480175 HTTP/1.0" 200 0 "" ""
210.188.220.161 - - [09/Apr/2009:17:03:08 +0900] "GET /wordpress/wp-cron.php?check=1e91024afe55c29758a38699a2480175 HTTP/1.0" 200 0 "" ""
210.188.220.161 - - [09/Apr/2009:17:04:27 +0900] "GET /wordpress/wp-cron.php?check=1e91024afe55c29758a38699a2480175 HTTP/1.0" 200 0 "" ""
116.65.47.143 - - [09/Apr/2009:17:04:59 +0900] "GET /wordpress/?p=220 HTTP/1.1" 200 0 "http://www.elder-alliance.org/wordpress/wp-admin/edit.php?s&mode=list&action=-1&m=200805&cat=0&action2=-1" "Mozilla/5.0 (Windows; U; Windows NT 5.1; ja; rv:1.9.0.8) Gecko/2009032609 Firefox/3.0.8 (.NET CLR 3.5.30729)"
210.188.220.161 - - [09/Apr/2009:17:05:14 +0900] "GET /wordpress/wp-cron.php?check=1e91024afe55c29758a38699a2480175 HTTP/1.0" 200 0 "" ""
210.188.220.161 - - [09/Apr/2009:17:05:14 +0900] "GET /wordpress/?p=220 HTTP/1.0" 200 0 "" ""
210.188.220.161 - - [09/Apr/2009:17:05:15 +0900] "POST /wordpress/xmlrpc.php HTTP/1.0" 200 0 "" "The Incutio XML-RPC PHP Library -- WordPress/2.7.1"
210.188.220.161 - - [09/Apr/2009:17:05:16 +0900] "GET /wordpress/?p=230 HTTP/1.0" 200 0 "" ""
210.188.220.161 - - [09/Apr/2009:17:05:17 +0900] "GET /wordpress/?p=220 HTTP/1.0" 200 0 "" ""
116.65.47.143 - - [09/Apr/2009:17:05:31 +0900] "GET /wordpress/ HTTP/1.1" 200 0 "http://www.elder-alliance.org/wordpress/wp-admin/edit.php?s=blog.elder-alliance.org&mode=list&action=-1&m=200805&cat=0&action2=-1" "Mozilla/5.0 (Windows; U; Windows NT 5.1; ja; rv:1.9.0.8) Gecko/2009032609 Firefox/3.0.8 (.NET CLR 3.5.30729)"
116.65.47.143 - - [09/Apr/2009:17:05:47 +0900] "GET /wordpress/?s=blog.elder-alliance.org HTTP/1.1" 200 0 "http://www.elder-alliance.org/wordpress/" "Mozilla/5.0 (Windows; U; Windows NT 5.1; ja; rv:1.9.0.8) Gecko/2009032609 Firefox/3.0.8 (.NET CLR 3.5.30729)"
116.65.47.143 - - [09/Apr/2009:17:05:57 +0900] "GET /wordpress/?p=136 HTTP/1.1" 200 0 "http://www.elder-alliance.org/wordpress/?s=blog.elder-alliance.org" "Mozilla/5.0 (Windows; U; Windows NT 5.1; ja; rv:1.9.0.8) Gecko/2009032609 Firefox/3.0.8 (.NET CLR 3.5.30729)"
116.65.47.143 - - [09/Apr/2009:17:05:58 +0900] "GET /wordpress/?p=17 HTTP/1.1" 200 0 "http://www.elder-alliance.org/wordpress/?s=blog.elder-alliance.org" "Mozilla/5.0 (Windows; U; Windows NT 5.1; ja; rv:1.9.0.8) Gecko/2009032609 Firefox/3.0.8 (.NET CLR 3.5.30729)"
116.65.47.143 - - [09/Apr/2009:17:05:59 +0900] "GET /wordpress/?p=205 HTTP/1.1" 200 0 "http://www.elder-alliance.org/wordpress/?s=blog.elder-alliance.org" "Mozilla/5.0 (Windows; U; Windows NT 5.1; ja; rv:1.9.0.8) Gecko/2009032609 Firefox/3.0.8 (.NET CLR 3.5.30729)"
116.65.47.143 - - [09/Apr/2009:17:06:02 +0900] "GET /wordpress/?p=265 HTTP/1.1" 200 0 "http://www.elder-alliance.org/wordpress/?s=blog.elder-alliance.org" "Mozilla/5.0 (Windows; U; Windows NT 5.1; ja; rv:1.9.0.8) Gecko/2009032609 Firefox/3.0.8 (.NET CLR 3.5.30729)"
116.65.47.143 - - [09/Apr/2009:17:08:02 +0900] "GET /wordpress/?p=15&preview=true&preview_id=15&preview_nonce=a1bd4ebdd4 HTTP/1.1" 200 0 "http://www.elder-alliance.org/wordpress/wp-admin/post.php?action=edit&post=15" "Mozilla/5.0 (Windows; U; Windows NT 5.1; ja; rv:1.9.0.8) Gecko/2009032609 Firefox/3.0.8 (.NET CLR 3.5.30729)"
210.188.220.161 - - [09/Apr/2009:17:08:21 +0900] "GET /wordpress/wp-cron.php?check=1e91024afe55c29758a38699a2480175 HTTP/1.0" 200 0 "" ""
210.188.220.161 - - [09/Apr/2009:17:08:21 +0900] "GET /wordpress/?p=15 HTTP/1.0" 200 0 "" ""
210.188.220.161 - - [09/Apr/2009:17:08:22 +0900] "POST /wordpress/xmlrpc.php HTTP/1.0" 200 0 "" "The Incutio XML-RPC PHP Library -- WordPress/2.7.1"
210.188.220.161 - - [09/Apr/2009:17:08:23 +0900] "GET /wordpress/?p=17 HTTP/1.0" 200 0 "" ""
210.188.220.161 - - [09/Apr/2009:17:08:24 +0900] "GET /wordpress/?p=15 HTTP/1.0" 200 0 "" ""
116.65.47.143 - - [09/Apr/2009:17:08:32 +0900] "GET /wordpress/?p=17&preview=true&preview_id=17&preview_nonce=8a5ef6cd3a HTTP/1.1" 200 0 "http://www.elder-alliance.org/wordpress/wp-admin/post.php?action=edit&post=17&_wp_original_http_referer=http%3A%2F%2Fwww.elder-alliance.org%2Fwordpress%2Fwp-admin%2Fedit.php%3Fs%26mode%3Dlist%26action%3D-1%26m%3D200606%26cat%3D0%26action2%3D-1%26paged%3D2&message=1" "Mozilla/5.0 (Windows; U; Windows NT 5.1; ja; rv:1.9.0.8) Gecko/2009032609 Firefox/3.0.8 (.NET CLR 3.5.30729)"
116.65.47.143 - - [09/Apr/2009:17:08:36 +0900] "GET /wordpress/?p=15 HTTP/1.1" 200 0 "http://www.elder-alliance.org/wordpress/?p=17&preview=true&preview_id=17&preview_nonce=8a5ef6cd3a" "Mozilla/5.0 (Windows; U; Windows NT 5.1; ja; rv:1.9.0.8) Gecko/2009032609 Firefox/3.0.8 (.NET CLR 3.5.30729)"
116.65.47.143 - - [09/Apr/2009:17:09:03 +0900] "GET /wordpress/?p=135 HTTP/1.1" 200 0 "http://www.elder-alliance.org/wordpress/?p=136" "Mozilla/5.0 (Windows; U; Windows NT 5.1; ja; rv:1.9.0.8) Gecko/2009032609 Firefox/3.0.8 (.NET CLR 3.5.30729)"
210.188.220.161 - - [09/Apr/2009:17:09:42 +0900] "GET /wordpress/wp-cron.php?check=1e91024afe55c29758a38699a2480175 HTTP/1.0" 200 0 "" ""
210.188.220.161 - - [09/Apr/2009:17:09:43 +0900] "GET /wordpress/?p=135 HTTP/1.0" 200 0 "" ""
210.188.220.161 - - [09/Apr/2009:17:09:43 +0900] "POST /wordpress/xmlrpc.php HTTP/1.0" 200 0 "" "The Incutio XML-RPC PHP Library -- WordPress/2.7.1"
210.188.220.161 - - [09/Apr/2009:17:09:45 +0900] "GET /wordpress/?p=136 HTTP/1.0" 200 0 "" ""
210.188.220.161 - - [09/Apr/2009:17:09:45 +0900] "GET /wordpress/?p=135 HTTP/1.0" 200 0 "" ""
116.65.47.143 - - [09/Apr/2009:17:11:39 +0900] "GET /wordpress/?p=211 HTTP/1.1" 200 0 "http://www.elder-alliance.org/wordpress/wp-admin/edit.php?s&mode=list&action=-1&m=200803&cat=0&action2=-1" "Mozilla/5.0 (Windows; U; Windows NT 5.1; ja; rv:1.9.0.8) Gecko/2009032609 Firefox/3.0.8 (.NET CLR 3.5.30729)"
210.188.220.161 - - [09/Apr/2009:17:12:43 +0900] "GET /wordpress/wp-cron.php?check=1e91024afe55c29758a38699a2480175 HTTP/1.0" 200 0 "" ""
210.188.220.161 - - [09/Apr/2009:17:12:45 +0900] "GET /wordpress/?p=211 HTTP/1.0" 200 0 "" ""
210.188.220.161 - - [09/Apr/2009:17:12:46 +0900] "POST /wordpress/xmlrpc.php HTTP/1.0" 200 0 "" "The Incutio XML-RPC PHP Library -- WordPress/2.7.1"
210.188.220.161 - - [09/Apr/2009:17:12:47 +0900] "GET /wordpress/?p=205 HTTP/1.0" 200 0 "" ""
210.188.220.161 - - [09/Apr/2009:17:12:49 +0900] "GET /wordpress/?p=211 HTTP/1.0" 200 0 "" ""
116.65.47.143 - - [09/Apr/2009:17:13:19 +0900] "GET /wordpress/?s=blog.elder-alliance.org HTTP/1.1" 200 0 "http://www.elder-alliance.org/wordpress/?s=blog.elder-alliance.org" "Mozilla/5.0 (Windows; U; Windows NT 5.1; ja; rv:1.9.0.8) Gecko/2009032609 Firefox/3.0.8 (.NET CLR 3.5.30729)"
210.188.220.161 - - [09/Apr/2009:17:14:04 +0900] "GET /wordpress/wp-cron.php?check=1e91024afe55c29758a38699a2480175 HTTP/1.0" 200 0 "" ""
210.188.220.161 - - [09/Apr/2009:17:15:02 +0900] "GET /wordpress/wp-cron.php?check=1e91024afe55c29758a38699a2480175 HTTP/1.0" 200 0 "" ""
66.249.70.90 - - [09/Apr/2009:17:15:14 +0900] "GET /wordpress/?feed=atom HTTP/1.1" 200 0 "" "Mozilla/5.0 (compatible; Googlebot/2.1; +http://www.google.com/bot.html)"
66.249.70.90 - - [09/Apr/2009:17:15:32 +0900] "GET /wordpress/ HTTP/1.1" 200 0 "" "Mozilla/5.0 (compatible; Googlebot/2.1; +http://www.google.com/bot.html)"
210.188.220.161 - - [09/Apr/2009:17:16:41 +0900] "GET /wordpress/wp-cron.php?check=1e91024afe55c29758a38699a2480175 HTTP/1.0" 200 0 "" ""
210.188.220.161 - - [09/Apr/2009:17:16:58 +0900] "GET /wordpress/wp-cron.php?check=1e91024afe55c29758a38699a2480175 HTTP/1.0" 200 0 "" ""
210.188.220.161 - - [09/Apr/2009:17:18:10 +0900] "GET /wordpress/wp-cron.php?check=1e91024afe55c29758a38699a2480175 HTTP/1.0" 200 0 "" ""
66.249.70.90 - - [09/Apr/2009:17:19:27 +0900] "GET /wordpress/?feed=atom HTTP/1.1" 200 0 "" "Mozilla/5.0 (compatible; Googlebot/2.1; +http://www.google.com/bot.html)"
66.249.70.90 - - [09/Apr/2009:17:19:28 +0900] "GET /wordpress/ HTTP/1.1" 200 0 "" "Mozilla/5.0 (compatible; Googlebot/2.1; +http://www.google.com/bot.html)"
116.65.47.143 - - [09/Apr/2009:17:19:32 +0900] "GET /wordpress/?attachment_id=396 HTTP/1.1" 200 0 "http://www.elder-alliance.org/wordpress/wp-admin/upload.php" "Mozilla/5.0 (Windows; U; Windows NT 5.1; ja; rv:1.9.0.8) Gecko/2009032609 Firefox/3.0.8 (.NET CLR 3.5.30729)"
210.188.220.161 - - [09/Apr/2009:17:20:10 +0900] "GET /wordpress/wp-cron.php?check=1e91024afe55c29758a38699a2480175 HTTP/1.0" 200 0 "" ""
116.65.47.143 - - [09/Apr/2009:17:20:22 +0900] "GET /wordpress/?p=235 HTTP/1.1" 200 0 "http://www.elder-alliance.org/wordpress/wp-admin/edit.php?s&mode=list&action=-1&m=200810&cat=0&action2=-1" "Mozilla/5.0 (Windows; U; Windows NT 5.1; ja; rv:1.9.0.8) Gecko/2009032609 Firefox/3.0.8 (.NET CLR 3.5.30729)"
210.188.220.161 - - [09/Apr/2009:17:21:59 +0900] "GET /wordpress/wp-cron.php?check=1e91024afe55c29758a38699a2480175 HTTP/1.0" 200 0 "" ""
116.65.47.143 - - [09/Apr/2009:17:22:19 +0900] "GET /wordpress/?p=292 HTTP/1.1" 200 0 "http://www.elder-alliance.org/wordpress/?s=blog.elder-alliance.org" "Mozilla/5.0 (Windows; U; Windows NT 5.1; ja; rv:1.9.0.8) Gecko/2009032609 Firefox/3.0.8 (.NET CLR 3.5.30729)"
116.65.47.143 - - [09/Apr/2009:17:22:20 +0900] "GET /wordpress/?p=294 HTTP/1.1" 200 0 "http://www.elder-alliance.org/wordpress/?s=blog.elder-alliance.org" "Mozilla/5.0 (Windows; U; Windows NT 5.1; ja; rv:1.9.0.8) Gecko/2009032609 Firefox/3.0.8 (.NET CLR 3.5.30729)"
116.65.47.143 - - [09/Apr/2009:17:22:22 +0900] "GET /wordpress/?p=304 HTTP/1.1" 200 0 "http://www.elder-alliance.org/wordpress/?s=blog.elder-alliance.org" "Mozilla/5.0 (Windows; U; Windows NT 5.1; ja; rv:1.9.0.8) Gecko/2009032609 Firefox/3.0.8 (.NET CLR 3.5.30729)"
116.65.47.143 - - [09/Apr/2009:17:22:24 +0900] "GET /wordpress/?p=493 HTTP/1.1" 200 0 "http://www.elder-alliance.org/wordpress/?s=blog.elder-alliance.org" "Mozilla/5.0 (Windows; U; Windows NT 5.1; ja; rv:1.9.0.8) Gecko/2009032609 Firefox/3.0.8 (.NET CLR 3.5.30729)"
203.141.92.14 - - [09/Apr/2009:17:22:50 +0900] "GET /wordpress/?p=496 HTTP/1.1" 200 0 "http://mixi.jp/view_diary.pl?url=http%3A%2F%2Fwww.elder-alliance.org%2Fwordpress%2F%3Fp%3D496&owner_id=1219747&survey.ref=toolbar" "Mozilla/5.0 (Windows; U; Windows NT 5.1; ja; rv:1.9.0.8) Gecko/2009032609 Firefox/3.0.8 (.NET CLR 3.5.30729)"
210.188.220.161 - - [09/Apr/2009:17:23:10 +0900] "GET /wordpress/wp-cron.php?check=1e91024afe55c29758a38699a2480175 HTTP/1.0" 200 0 "" ""
210.188.220.161 - - [09/Apr/2009:17:26:45 +0900] "GET /wordpress/wp-cron.php?check=1e91024afe55c29758a38699a2480175 HTTP/1.0" 200 0 "" ""
210.188.220.161 - - [09/Apr/2009:17:27:10 +0900] "GET /wordpress/wp-cron.php?check=1e91024afe55c29758a38699a2480175 HTTP/1.0" 200 0 "" ""
210.188.220.161 - - [09/Apr/2009:17:27:27 +0900] "GET /wordpress/wp-cron.php?check=1e91024afe55c29758a38699a2480175 HTTP/1.0" 200 0 "" ""
210.188.220.161 - - [09/Apr/2009:17:27:46 +0900] "GET /wordpress/wp-cron.php?check=1e91024afe55c29758a38699a2480175 HTTP/1.0" 200 0 "" ""
210.188.220.161 - - [09/Apr/2009:17:28:26 +0900] "GET /wordpress/wp-cron.php?check=1e91024afe55c29758a38699a2480175 HTTP/1.0" 200 0 "" ""
69.36.158.7 - - [09/Apr/2009:17:29:21 +0900] "GET /wordpress/?feed=rss2 HTTP/1.0" 200 0 "" "Moreoverbot/5.00 (+http://www.moreover.com; webmaster@moreover.com)"
210.188.220.161 - - [09/Apr/2009:17:29:27 +0900] "GET /wordpress/wp-cron.php?check=1e91024afe55c29758a38699a2480175 HTTP/1.0" 200 0 "" ""
210.188.220.161 - - [09/Apr/2009:17:29:47 +0900] "GET /wordpress/wp-cron.php?check=1e91024afe55c29758a38699a2480175 HTTP/1.0" 200 0 "" ""
210.188.220.161 - - [09/Apr/2009:17:30:07 +0900] "GET /wordpress/wp-cron.php?check=1e91024afe55c29758a38699a2480175 HTTP/1.0" 200 0 "" ""
210.188.220.161 - - [09/Apr/2009:17:30:55 +0900] "GET /wordpress/wp-cron.php?check=1e91024afe55c29758a38699a2480175 HTTP/1.0" 200 0 "" ""
210.188.220.161 - - [09/Apr/2009:17:31:15 +0900] "GET /wordpress/wp-cron.php?check=1e91024afe55c29758a38699a2480175 HTTP/1.0" 200 0 "" ""
210.188.220.161 - - [09/Apr/2009:17:32:04 +0900] "GET /wordpress/wp-cron.php?check=1e91024afe55c29758a38699a2480175 HTTP/1.0" 200 0 "" ""
210.188.220.161 - - [09/Apr/2009:17:32:30 +0900] "GET /wordpress/wp-cron.php?check=1e91024afe55c29758a38699a2480175 HTTP/1.0" 200 0 "" ""
210.188.220.161 - - [09/Apr/2009:17:32:51 +0900] "GET /wordpress/wp-cron.php?check=1e91024afe55c29758a38699a2480175 HTTP/1.0" 200 0 "" ""
210.188.220.161 - - [09/Apr/2009:17:33:22 +0900] "GET /wordpress/wp-cron.php?check=1e91024afe55c29758a38699a2480175 HTTP/1.0" 200 0 "" ""
210.188.220.161 - - [09/Apr/2009:17:33:37 +0900] "GET /wordpress/wp-cron.php?check=1e91024afe55c29758a38699a2480175 HTTP/1.0" 200 0 "" ""
210.188.220.161 - - [09/Apr/2009:17:34:06 +0900] "GET /wordpress/wp-cron.php?check=1e91024afe55c29758a38699a2480175 HTTP/1.0" 200 0 "" ""
203.140.78.67 - - [09/Apr/2009:17:34:32 +0900] "GET /wordpress/?p=496 HTTP/1.0" 200 0 "http://mixi.jp/view_diary.pl?url=http%3A%2F%2Fwww.elder-alliance.org%2Fwordpress%2F%3Fp%3D496&owner_id=1219747" "Mozilla/5.0 (Windows; U; Windows NT 5.1; ja; rv:1.9.0.8) Gecko/2009032609 Firefox/3.0.8"
210.188.220.161 - - [09/Apr/2009:17:36:29 +0900] "GET /wordpress/wp-cron.php?check=1e91024afe55c29758a38699a2480175 HTTP/1.0" 200 0 "" ""
206.113.193.50 - - [09/Apr/2009:17:37:04 +0900] "GET /wordpress/?feed=rss2 HTTP/1.1" 200 0 "" "BlogPulseLive (support@blogpulse.com)"
116.65.47.143 - - [09/Apr/2009:17:37:11 +0900] "GET /wordpress/?p=264&preview=true&preview_id=264&preview_nonce=be350ba306 HTTP/1.1" 200 0 "http://www.elder-alliance.org/wordpress/wp-admin/post.php?action=edit&post=264" "Mozilla/5.0 (Windows; U; Windows NT 5.1; ja; rv:1.9.0.8) Gecko/2009032609 Firefox/3.0.8 (.NET CLR 3.5.30729)"
210.188.220.161 - - [09/Apr/2009:17:39:08 +0900] "GET /wordpress/wp-cron.php?check=1e91024afe55c29758a38699a2480175 HTTP/1.0" 200 0 "" ""
210.188.220.161 - - [09/Apr/2009:17:39:09 +0900] "GET /wordpress/?p=205 HTTP/1.0" 200 0 "" ""
210.188.220.161 - - [09/Apr/2009:17:39:09 +0900] "POST /wordpress/xmlrpc.php HTTP/1.0" 200 0 "" "The Incutio XML-RPC PHP Library -- WordPress/2.7.1"
210.188.220.161 - - [09/Apr/2009:17:39:11 +0900] "GET /wordpress/?p=265 HTTP/1.0" 200 0 "" ""
210.188.220.161 - - [09/Apr/2009:17:39:12 +0900] "GET /wordpress/?p=211 HTTP/1.0" 200 0 "" ""
210.188.220.161 - - [09/Apr/2009:17:39:12 +0900] "POST /wordpress/xmlrpc.php HTTP/1.0" 200 0 "" "The Incutio XML-RPC PHP Library -- WordPress/2.7.1"
210.188.220.161 - - [09/Apr/2009:17:39:14 +0900] "GET /wordpress/?p=265 HTTP/1.0" 200 0 "" ""
210.188.220.161 - - [09/Apr/2009:17:39:16 +0900] "GET /wordpress/?p=264 HTTP/1.0" 200 0 "" ""
210.188.220.161 - - [09/Apr/2009:17:39:16 +0900] "POST /wordpress/xmlrpc.php HTTP/1.0" 200 0 "" "The Incutio XML-RPC PHP Library -- WordPress/2.7.1"
210.188.220.161 - - [09/Apr/2009:17:39:17 +0900] "GET /wordpress/?p=265 HTTP/1.0" 200 0 "" ""
210.188.220.161 - - [09/Apr/2009:17:39:18 +0900] "GET /wordpress/?p=205 HTTP/1.0" 200 0 "" ""
210.188.220.161 - - [09/Apr/2009:17:39:19 +0900] "GET /wordpress/?p=211 HTTP/1.0" 200 0 "" ""
210.188.220.161 - - [09/Apr/2009:17:39:20 +0900] "GET /wordpress/?p=264 HTTP/1.0" 200 0 "" ""
116.65.47.143 - - [09/Apr/2009:17:39:28 +0900] "GET /wordpress/?p=265&preview=true&preview_id=265&preview_nonce=ff8b9c5aea HTTP/1.1" 200 0 "http://www.elder-alliance.org/wordpress/wp-admin/post.php?action=edit&post=265&_wp_original_http_referer=http%3A%2F%2Fwww.elder-alliance.org%2Fwordpress%2Fwp-admin%2Fedit.php%3Fs%26mode%3Dlist%26action%3D-1%26m%3D200812%26cat%3D0%26action2%3D-1&message=1" "Mozilla/5.0 (Windows; U; Windows NT 5.1; ja; rv:1.9.0.8) Gecko/2009032609 Firefox/3.0.8 (.NET CLR 3.5.30729)"
116.65.47.143 - - [09/Apr/2009:17:39:32 +0900] "GET /wordpress/?tag=%e8%ab%96%e8%aa%ac HTTP/1.1" 200 0 "http://www.elder-alliance.org/wordpress/?p=265&preview=true&preview_id=265&preview_nonce=ff8b9c5aea" "Mozilla/5.0 (Windows; U; Windows NT 5.1; ja; rv:1.9.0.8) Gecko/2009032609 Firefox/3.0.8 (.NET CLR 3.5.30729)"
116.65.47.143 - - [09/Apr/2009:17:39:39 +0900] "GET /wordpress/?p=216 HTTP/1.1" 200 0 "http://www.elder-alliance.org/wordpress/?tag=%e8%ab%96%e8%aa%ac" "Mozilla/5.0 (Windows; U; Windows NT 5.1; ja; rv:1.9.0.8) Gecko/2009032609 Firefox/3.0.8 (.NET CLR 3.5.30729)"
116.65.47.143 - - [09/Apr/2009:17:40:11 +0900] "GET /wordpress/?p=214 HTTP/1.1" 200 0 "http://www.elder-alliance.org/wordpress/?tag=%e8%ab%96%e8%aa%ac" "Mozilla/5.0 (Windows; U; Windows NT 5.1; ja; rv:1.9.0.8) Gecko/2009032609 Firefox/3.0.8 (.NET CLR 3.5.30729)"
116.65.47.143 - - [09/Apr/2009:17:40:41 +0900] "GET /wordpress/?p=211 HTTP/1.1" 200 0 "http://www.elder-alliance.org/wordpress/?tag=%e8%ab%96%e8%aa%ac" "Mozilla/5.0 (Windows; U; Windows NT 5.1; ja; rv:1.9.0.8) Gecko/2009032609 Firefox/3.0.8 (.NET CLR 3.5.30729)"
116.65.47.143 - - [09/Apr/2009:17:40:55 +0900] "GET /wordpress/?p=196 HTTP/1.1" 200 0 "http://www.elder-alliance.org/wordpress/?tag=%e8%ab%96%e8%aa%ac" "Mozilla/5.0 (Windows; U; Windows NT 5.1; ja; rv:1.9.0.8) Gecko/2009032609 Firefox/3.0.8 (.NET CLR 3.5.30729)"
38.117.108.131 - - [09/Apr/2009:17:41:50 +0900] "GET /wordpress/ HTTP/1.1" 200 0 "" "Java/1.6.0_11"
38.117.108.131 - - [09/Apr/2009:17:41:52 +0900] "GET /wordpress/ HTTP/1.1" 200 0 "" "HTMLParser/1.6"
38.117.108.131 - - [09/Apr/2009:17:41:53 +0900] "GET /wordpress/?feed=rss2 HTTP/1.1" 200 0 "" "Rome Client (http://tinyurl.com/64t5n) Ver: 0.9"
210.188.220.161 - - [09/Apr/2009:17:41:57 +0900] "GET /wordpress/wp-cron.php?check=1e91024afe55c29758a38699a2480175 HTTP/1.0" 200 0 "" ""
210.188.220.161 - - [09/Apr/2009:17:41:57 +0900] "GET /wordpress/?p=196 HTTP/1.0" 200 0 "" ""
210.188.220.161 - - [09/Apr/2009:17:41:58 +0900] "POST /wordpress/xmlrpc.php HTTP/1.0" 200 0 "" "The Incutio XML-RPC PHP Library -- WordPress/2.7.1"
210.188.220.161 - - [09/Apr/2009:17:41:59 +0900] "GET /wordpress/?p=265 HTTP/1.0" 200 0 "" ""
210.188.220.161 - - [09/Apr/2009:17:42:00 +0900] "GET /wordpress/?p=211 HTTP/1.0" 200 0 "" ""
210.188.220.161 - - [09/Apr/2009:17:42:01 +0900] "POST /wordpress/xmlrpc.php HTTP/1.0" 200 0 "" "The Incutio XML-RPC PHP Library -- WordPress/2.7.1"
210.188.220.161 - - [09/Apr/2009:17:42:02 +0900] "GET /wordpress/?p=265 HTTP/1.0" 200 0 "" ""
210.188.220.161 - - [09/Apr/2009:17:42:03 +0900] "GET /wordpress/?p=214 HTTP/1.0" 200 0 "" ""
210.188.220.161 - - [09/Apr/2009:17:42:03 +0900] "POST /wordpress/xmlrpc.php HTTP/1.0" 200 0 "" "The Incutio XML-RPC PHP Library -- WordPress/2.7.1"
210.188.220.161 - - [09/Apr/2009:17:42:05 +0900] "GET /wordpress/?p=265 HTTP/1.0" 200 0 "" ""
210.188.220.161 - - [09/Apr/2009:17:42:05 +0900] "GET /wordpress/?p=216 HTTP/1.0" 200 0 "" ""
210.188.220.161 - - [09/Apr/2009:17:42:06 +0900] "POST /wordpress/xmlrpc.php HTTP/1.0" 200 0 "" "The Incutio XML-RPC PHP Library -- WordPress/2.7.1"
210.188.220.161 - - [09/Apr/2009:17:42:07 +0900] "GET /wordpress/?p=265 HTTP/1.0" 200 0 "" ""
210.188.220.161 - - [09/Apr/2009:17:42:08 +0900] "GET /wordpress/?p=264 HTTP/1.0" 200 0 "" ""
210.188.220.161 - - [09/Apr/2009:17:42:08 +0900] "POST /wordpress/xmlrpc.php HTTP/1.0" 200 0 "" "The Incutio XML-RPC PHP Library -- WordPress/2.7.1"
210.188.220.161 - - [09/Apr/2009:17:42:10 +0900] "GET /wordpress/?p=265 HTTP/1.0" 200 0 "" ""
210.188.220.161 - - [09/Apr/2009:17:42:11 +0900] "GET /wordpress/?p=196 HTTP/1.0" 200 0 "" ""
210.188.220.161 - - [09/Apr/2009:17:42:12 +0900] "GET /wordpress/?p=205 HTTP/1.0" 200 0 "" ""
210.188.220.161 - - [09/Apr/2009:17:42:12 +0900] "GET /wordpress/?p=211 HTTP/1.0" 200 0 "" ""
210.188.220.161 - - [09/Apr/2009:17:42:13 +0900] "GET /wordpress/?p=214 HTTP/1.0" 200 0 "" ""
210.188.220.161 - - [09/Apr/2009:17:42:13 +0900] "GET /wordpress/?p=216 HTTP/1.0" 200 0 "" ""
210.188.220.161 - - [09/Apr/2009:17:42:14 +0900] "GET /wordpress/?p=264 HTTP/1.0" 200 0 "" ""
210.188.220.161 - - [09/Apr/2009:17:43:05 +0900] "GET /wordpress/wp-cron.php?check=1e91024afe55c29758a38699a2480175 HTTP/1.0" 200 0 "" ""
210.188.220.161 - - [09/Apr/2009:17:43:55 +0900] "GET /wordpress/wp-cron.php?check=1e91024afe55c29758a38699a2480175 HTTP/1.0" 200 0 "" ""
219.112.245.23 - - [09/Apr/2009:17:44:45 +0900] "GET /wordpress/?feed=rss2 HTTP/1.1" 200 0 "" "mixi-crawler/2.00 (http://mixi.jp/)"
210.188.220.161 - - [09/Apr/2009:17:44:46 +0900] "GET /wordpress/wp-cron.php?check=1e91024afe55c29758a38699a2480175 HTTP/1.0" 200 0 "" ""
210.188.220.161 - - [09/Apr/2009:17:45:06 +0900] "GET /wordpress/wp-cron.php?check=1e91024afe55c29758a38699a2480175 HTTP/1.0" 200 0 "" ""
210.188.220.161 - - [09/Apr/2009:17:45:38 +0900] "GET /wordpress/wp-cron.php?check=1e91024afe55c29758a38699a2480175 HTTP/1.0" 200 0 "" ""
210.188.220.161 - - [09/Apr/2009:17:46:10 +0900] "GET /wordpress/wp-cron.php?check=1e91024afe55c29758a38699a2480175 HTTP/1.0" 200 0 "" ""
116.65.47.143 - - [09/Apr/2009:17:46:54 +0900] "GET /wordpress/?s=blog.elder-alliance.org HTTP/1.1" 200 0 "http://www.elder-alliance.org/wordpress/?s=blog.elder-alliance.org" "Mozilla/5.0 (Windows; U; Windows NT 5.1; ja; rv:1.9.0.8) Gecko/2009032609 Firefox/3.0.8 (.NET CLR 3.5.30729)"
210.188.220.161 - - [09/Apr/2009:17:48:06 +0900] "GET /wordpress/wp-cron.php?check=1e91024afe55c29758a38699a2480175 HTTP/1.0" 200 0 "" ""
210.188.220.161 - - [09/Apr/2009:17:48:52 +0900] "GET /wordpress/wp-cron.php?check=1e91024afe55c29758a38699a2480175 HTTP/1.0" 200 0 "" ""
219.112.246.155 - - [09/Apr/2009:17:53:11 +0900] "GET /wordpress/?p=360 HTTP/1.0" 200 0 "" "mixi-mobile-converter/1.0 (http://mixi.jp/)"
116.65.47.143 - - [09/Apr/2009:18:17:01 +0900] "GET /wordpress/?s=blog.elder-alliance.org HTTP/1.1" 200 0 "http://www.elder-alliance.org/wordpress/?s=blog.elder-alliance.org" "Mozilla/5.0 (Windows; U; Windows NT 5.1; ja; rv:1.9.0.8) Gecko/2009032609 Firefox/3.0.8 (.NET CLR 3.5.30729)"
210.188.220.161 - - [09/Apr/2009:18:17:32 +0900] "GET /wordpress/wp-cron.php?check=1e91024afe55c29758a38699a2480175 HTTP/1.0" 200 0 "" ""
116.65.47.143 - - [09/Apr/2009:18:18:30 +0900] "GET /wordpress/?tag=%e8%ab%96%e8%aa%ac HTTP/1.1" 200 0 "http://www.elder-alliance.org/wordpress/?s=blog.elder-alliance.org" "Mozilla/5.0 (Windows; U; Windows NT 5.1; ja; rv:1.9.0.8) Gecko/2009032609 Firefox/3.0.8 (.NET CLR 3.5.30729)"
66.249.70.90 - - [09/Apr/2009:18:18:56 +0900] "GET /wordpress/?feed=atom HTTP/1.1" 200 0 "" "Mozilla/5.0 (compatible; Googlebot/2.1; +http://www.google.com/bot.html)"
66.249.70.90 - - [09/Apr/2009:18:18:57 +0900] "GET /wordpress/ HTTP/1.1" 200 0 "" "Mozilla/5.0 (compatible; Googlebot/2.1; +http://www.google.com/bot.html)"
69.36.158.7 - - [09/Apr/2009:18:19:20 +0900] "GET /wordpress/?feed=rss2 HTTP/1.0" 200 0 "" "Moreoverbot/5.00 (+http://www.moreover.com; webmaster@moreover.com)"
210.188.220.161 - - [09/Apr/2009:18:20:05 +0900] "GET /wordpress/wp-cron.php?check=1e91024afe55c29758a38699a2480175 HTTP/1.0" 200 0 "" ""
116.65.47.143 - - [09/Apr/2009:18:20:15 +0900] "GET /wordpress/?p=264&preview=true&preview_id=264&preview_nonce=be350ba306 HTTP/1.1" 200 0 "http://www.elder-alliance.org/wordpress/wp-admin/post.php?action=edit&post=264&_wp_original_http_referer=http%3A%2F%2Fwww.elder-alliance.org%2Fwordpress%2Fwp-admin%2Frevision.php%3Frevision%3D692&message=1" "Mozilla/5.0 (Windows; U; Windows NT 5.1; ja; rv:1.9.0.8) Gecko/2009032609 Firefox/3.0.8 (.NET CLR 3.5.30729)"
210.188.220.161 - - [09/Apr/2009:18:23:35 +0900] "GET /wordpress/wp-cron.php?check=1e91024afe55c29758a38699a2480175 HTTP/1.0" 200 0 "" ""
38.117.108.131 - - [09/Apr/2009:18:23:49 +0900] "GET /wordpress/ HTTP/1.1" 200 0 "" "Java/1.6.0_11"
38.117.108.131 - - [09/Apr/2009:18:23:51 +0900] "GET /wordpress/ HTTP/1.1" 200 0 "" "HTMLParser/1.6"
38.117.108.131 - - [09/Apr/2009:18:23:53 +0900] "GET /wordpress/?feed=rss2 HTTP/1.1" 200 0 "" "Rome Client (http://tinyurl.com/64t5n) Ver: 0.9"
66.249.70.90 - - [09/Apr/2009:18:25:17 +0900] "GET /wordpress/?feed=atom HTTP/1.1" 200 0 "" "Mozilla/5.0 (compatible; Googlebot/2.1; +http://www.google.com/bot.html)"
66.249.70.90 - - [09/Apr/2009:18:25:18 +0900] "GET /wordpress/ HTTP/1.1" 200 0 "" "Mozilla/5.0 (compatible; Googlebot/2.1; +http://www.google.com/bot.html)"
67.202.60.246 - - [09/Apr/2009:18:25:35 +0900] "GET /wordpress/ HTTP/1.1" 200 0 "" "Jakarta Commons-HttpClient/3.0"
210.188.220.161 - - [09/Apr/2009:18:25:37 +0900] "GET /wordpress/wp-cron.php?check=1e91024afe55c29758a38699a2480175 HTTP/1.0" 200 0 "" ""
210.188.220.161 - - [09/Apr/2009:18:27:24 +0900] "GET /wordpress/wp-cron.php?check=1e91024afe55c29758a38699a2480175 HTTP/1.0" 200 0 "" ""
210.188.220.161 - - [09/Apr/2009:18:28:17 +0900] "GET /wordpress/wp-cron.php?check=1e91024afe55c29758a38699a2480175 HTTP/1.0" 200 0 "" ""
210.188.220.161 - - [09/Apr/2009:18:28:55 +0900] "GET /wordpress/wp-cron.php?check=1e91024afe55c29758a38699a2480175 HTTP/1.0" 200 0 "" ""
210.188.220.161 - - [09/Apr/2009:18:29:36 +0900] "GET /wordpress/wp-cron.php?check=1e91024afe55c29758a38699a2480175 HTTP/1.0" 200 0 "" ""
210.188.220.161 - - [09/Apr/2009:18:31:18 +0900] "GET /wordpress/wp-cron.php?check=1e91024afe55c29758a38699a2480175 HTTP/1.0" 200 0 "" ""
206.113.193.50 - - [09/Apr/2009:18:31:29 +0900] "GET /wordpress/?feed=rss2 HTTP/1.1" 200 0 "" "BlogPulseLive (support@blogpulse.com)"
210.188.220.161 - - [09/Apr/2009:18:31:48 +0900] "GET /wordpress/wp-cron.php?check=1e91024afe55c29758a38699a2480175 HTTP/1.0" 200 0 "" ""
210.188.220.161 - - [09/Apr/2009:18:32:13 +0900] "GET /wordpress/wp-cron.php?check=1e91024afe55c29758a38699a2480175 HTTP/1.0" 200 0 "" ""
206.113.193.50 - - [09/Apr/2009:18:32:21 +0900] "GET /wordpress/?feed=rss2 HTTP/1.1" 200 0 "" "BlogPulseLive (support@blogpulse.com)"
210.188.220.161 - - [09/Apr/2009:18:32:32 +0900] "GET /wordpress/wp-cron.php?check=1e91024afe55c29758a38699a2480175 HTTP/1.0" 200 0 "" ""
210.188.220.161 - - [09/Apr/2009:18:32:58 +0900] "GET /wordpress/wp-cron.php?check=1e91024afe55c29758a38699a2480175 HTTP/1.0" 200 0 "" ""
116.65.47.143 - - [09/Apr/2009:18:33:11 +0900] "GET /wordpress/?p=274&preview=true&preview_id=274&preview_nonce=e43c0e6775 HTTP/1.1" 200 0 "http://www.elder-alliance.org/wordpress/wp-admin/post.php?action=edit&post=274&_wp_original_http_referer=http%3A%2F%2Fwww.elder-alliance.org%2Fwordpress%2Fwp-admin%2Fedit.php%3Fs%26mode%3Dlist%26action%3D-1%26m%3D200901%26cat%3D0%26action2%3D-1&message=1" "Mozilla/5.0 (Windows; U; Windows NT 5.1; ja; rv:1.9.0.8) Gecko/2009032609 Firefox/3.0.8 (.NET CLR 3.5.30729)"
210.188.220.161 - - [09/Apr/2009:18:34:20 +0900] "GET /wordpress/wp-cron.php?check=1e91024afe55c29758a38699a2480175 HTTP/1.0" 200 0 "" ""
38.117.108.131 - - [09/Apr/2009:18:34:44 +0900] "GET /wordpress/ HTTP/1.1" 200 0 "" "Java/1.6.0_11"
38.117.108.131 - - [09/Apr/2009:18:34:46 +0900] "GET /wordpress/ HTTP/1.1" 200 0 "" "HTMLParser/1.6"
38.117.108.131 - - [09/Apr/2009:18:34:48 +0900] "GET /wordpress/?feed=rss2 HTTP/1.1" 200 0 "" "Rome Client (http://tinyurl.com/64t5n) Ver: 0.9"
210.188.220.161 - - [09/Apr/2009:18:34:56 +0900] "GET /wordpress/wp-cron.php?check=1e91024afe55c29758a38699a2480175 HTTP/1.0" 200 0 "" ""
116.65.47.143 - - [09/Apr/2009:18:35:00 +0900] "GET /wordpress/?p=276 HTTP/1.1" 200 0 "http://www.elder-alliance.org/wordpress/wp-admin/post.php?action=edit&post=276&_wp_original_http_referer=http%3A%2F%2Fwww.elder-alliance.org%2Fwordpress%2Fwp-admin%2Fedit.php%3Fs%26mode%3Dlist%26action%3D-1%26m%3D200902%26cat%3D0%26action2%3D-1&message=1" "Mozilla/5.0 (Windows; U; Windows NT 5.1; ja; rv:1.9.0.8) Gecko/2009032609 Firefox/3.0.8 (.NET CLR 3.5.30729)"
210.188.220.161 - - [09/Apr/2009:18:35:48 +0900] "GET /wordpress/wp-cron.php?check=1e91024afe55c29758a38699a2480175 HTTP/1.0" 200 0 "" ""
210.188.220.161 - - [09/Apr/2009:18:36:19 +0900] "GET /wordpress/wp-cron.php?check=1e91024afe55c29758a38699a2480175 HTTP/1.0" 200 0 "" ""
210.188.220.161 - - [09/Apr/2009:18:36:55 +0900] "GET /wordpress/wp-cron.php?check=1e91024afe55c29758a38699a2480175 HTTP/1.0" 200 0 "" ""
116.65.47.143 - - [09/Apr/2009:18:37:01 +0900] "GET /wordpress/?p=279 HTTP/1.1" 200 0 "http://www.elder-alliance.org/wordpress/wp-admin/post.php?action=edit&post=279&_wp_original_http_referer=http%3A%2F%2Fwww.elder-alliance.org%2Fwordpress%2Fwp-admin%2Fedit.php%3Fs%26mode%3Dlist%26action%3D-1%26m%3D200902%26cat%3D0%26action2%3D-1&message=1" "Mozilla/5.0 (Windows; U; Windows NT 5.1; ja; rv:1.9.0.8) Gecko/2009032609 Firefox/3.0.8 (.NET CLR 3.5.30729)"
210.188.220.161 - - [09/Apr/2009:18:39:05 +0900] "GET /wordpress/wp-cron.php?check=1e91024afe55c29758a38699a2480175 HTTP/1.0" 200 0 "" ""
210.188.220.161 - - [09/Apr/2009:18:39:43 +0900] "GET /wordpress/wp-cron.php?check=1e91024afe55c29758a38699a2480175 HTTP/1.0" 200 0 "" ""
210.188.220.161 - - [09/Apr/2009:18:40:14 +0900] "GET /wordpress/wp-cron.php?check=1e91024afe55c29758a38699a2480175 HTTP/1.0" 200 0 "" ""
210.188.220.161 - - [09/Apr/2009:18:40:44 +0900] "GET /wordpress/wp-cron.php?check=1e91024afe55c29758a38699a2480175 HTTP/1.0" 200 0 "" ""
116.65.47.143 - - [09/Apr/2009:18:40:51 +0900] "GET /wordpress/?p=283 HTTP/1.1" 200 0 "http://www.elder-alliance.org/wordpress/wp-admin/post.php?action=edit&post=283&_wp_original_http_referer=http%3A%2F%2Fwww.elder-alliance.org%2Fwordpress%2Fwp-admin%2Fedit.php%3Fs%26mode%3Dlist%26action%3D-1%26m%3D200902%26cat%3D0%26action2%3D-1&message=1" "Mozilla/5.0 (Windows; U; Windows NT 5.1; ja; rv:1.9.0.8) Gecko/2009032609 Firefox/3.0.8 (.NET CLR 3.5.30729)"
210.188.220.161 - - [09/Apr/2009:18:41:13 +0900] "GET /wordpress/wp-cron.php?check=1e91024afe55c29758a38699a2480175 HTTP/1.0" 200 0 "" ""
210.188.220.161 - - [09/Apr/2009:18:41:33 +0900] "GET /wordpress/wp-cron.php?check=1e91024afe55c29758a38699a2480175 HTTP/1.0" 200 0 "" ""
210.188.220.161 - - [09/Apr/2009:18:42:08 +0900] "GET /wordpress/wp-cron.php?check=1e91024afe55c29758a38699a2480175 HTTP/1.0" 200 0 "" ""
210.188.220.161 - - [09/Apr/2009:18:42:59 +0900] "GET /wordpress/wp-cron.php?check=1e91024afe55c29758a38699a2480175 HTTP/1.0" 200 0 "" ""
116.65.47.143 - - [09/Apr/2009:18:43:05 +0900] "GET /wordpress/?p=286 HTTP/1.1" 200 0 "http://www.elder-alliance.org/wordpress/wp-admin/post.php?action=edit&post=286&_wp_original_http_referer=http%3A%2F%2Fwww.elder-alliance.org%2Fwordpress%2Fwp-admin%2Fedit.php%3Fs%26mode%3Dlist%26action%3D-1%26m%3D200903%26cat%3D0%26action2%3D-1%26paged%3D2&message=1" "Mozilla/5.0 (Windows; U; Windows NT 5.1; ja; rv:1.9.0.8) Gecko/2009032609 Firefox/3.0.8 (.NET CLR 3.5.30729)"
210.188.220.161 - - [09/Apr/2009:18:44:28 +0900] "GET /wordpress/wp-cron.php?check=1e91024afe55c29758a38699a2480175 HTTP/1.0" 200 0 "" ""
210.188.220.161 - - [09/Apr/2009:18:45:43 +0900] "GET /wordpress/wp-cron.php?check=1e91024afe55c29758a38699a2480175 HTTP/1.0" 200 0 "" ""
210.188.220.161 - - [09/Apr/2009:18:46:20 +0900] "GET /wordpress/wp-cron.php?check=1e91024afe55c29758a38699a2480175 HTTP/1.0" 200 0 "" ""
210.188.220.161 - - [09/Apr/2009:18:46:51 +0900] "GET /wordpress/wp-cron.php?check=1e91024afe55c29758a38699a2480175 HTTP/1.0" 200 0 "" ""
210.188.220.161 - - [09/Apr/2009:18:47:15 +0900] "GET /wordpress/wp-cron.php?check=1e91024afe55c29758a38699a2480175 HTTP/1.0" 200 0 "" ""
116.65.47.143 - - [09/Apr/2009:18:47:49 +0900] "GET /wordpress/ HTTP/1.1" 200 0 "http://www.elder-alliance.org/wordpress/?p=292" "Mozilla/5.0 (Windows; U; Windows NT 5.1; ja; rv:1.9.0.8) Gecko/2009032609 Firefox/3.0.8 (.NET CLR 3.5.30729)"
116.65.47.143 - - [09/Apr/2009:18:48:01 +0900] "GET /wordpress/?m=200709 HTTP/1.1" 200 0 "http://www.elder-alliance.org/wordpress/" "Mozilla/5.0 (Windows; U; Windows NT 5.1; ja; rv:1.9.0.8) Gecko/2009032609 Firefox/3.0.8 (.NET CLR 3.5.30729)"
116.65.47.143 - - [09/Apr/2009:18:48:05 +0900] "GET /wordpress/?p=195 HTTP/1.1" 200 0 "http://www.elder-alliance.org/wordpress/?m=200709" "Mozilla/5.0 (Windows; U; Windows NT 5.1; ja; rv:1.9.0.8) Gecko/2009032609 Firefox/3.0.8 (.NET CLR 3.5.30729)"
210.188.220.161 - - [09/Apr/2009:18:48:27 +0900] "GET /wordpress/wp-cron.php?check=1e91024afe55c29758a38699a2480175 HTTP/1.0" 200 0 "" ""
210.188.220.161 - - [09/Apr/2009:18:48:27 +0900] "GET /wordpress/?p=195 HTTP/1.0" 200 0 "" ""
210.188.220.161 - - [09/Apr/2009:18:48:27 +0900] "POST /wordpress/xmlrpc.php HTTP/1.0" 200 0 "" "The Incutio XML-RPC PHP Library -- WordPress/2.7.1"
210.188.220.161 - - [09/Apr/2009:18:48:29 +0900] "GET /wordpress/?p=292 HTTP/1.0" 200 0 "" ""
210.188.220.161 - - [09/Apr/2009:18:48:30 +0900] "GET /wordpress/?p=195 HTTP/1.0" 200 0 "" ""
116.65.47.143 - - [09/Apr/2009:18:49:07 +0900] "GET /wordpress/?p=293 HTTP/1.1" 200 0 "http://www.elder-alliance.org/wordpress/wp-admin/post.php?action=edit&post=293" "Mozilla/5.0 (Windows; U; Windows NT 5.1; ja; rv:1.9.0.8) Gecko/2009032609 Firefox/3.0.8 (.NET CLR 3.5.30729)"
116.65.47.143 - - [09/Apr/2009:18:49:24 +0900] "GET /wordpress/?m=200903 HTTP/1.1" 200 0 "http://www.elder-alliance.org/wordpress/?s=blog.elder-alliance.org" "Mozilla/5.0 (Windows; U; Windows NT 5.1; ja; rv:1.9.0.8) Gecko/2009032609 Firefox/3.0.8 (.NET CLR 3.5.30729)"
116.65.47.143 - - [09/Apr/2009:18:49:34 +0900] "GET /wordpress/?m=200903&paged=2 HTTP/1.1" 200 0 "http://www.elder-alliance.org/wordpress/?m=200903" "Mozilla/5.0 (Windows; U; Windows NT 5.1; ja; rv:1.9.0.8) Gecko/2009032609 Firefox/3.0.8 (.NET CLR 3.5.30729)"
116.65.47.143 - - [09/Apr/2009:18:49:42 +0900] "GET /wordpress/?p=287 HTTP/1.1" 200 0 "http://www.elder-alliance.org/wordpress/?m=200903&paged=2" "Mozilla/5.0 (Windows; U; Windows NT 5.1; ja; rv:1.9.0.8) Gecko/2009032609 Firefox/3.0.8 (.NET CLR 3.5.30729)"
210.188.220.161 - - [09/Apr/2009:18:49:53 +0900] "GET /wordpress/wp-cron.php?check=1e91024afe55c29758a38699a2480175 HTTP/1.0" 200 0 "" ""
210.188.220.161 - - [09/Apr/2009:18:50:27 +0900] "GET /wordpress/wp-cron.php?check=1e91024afe55c29758a38699a2480175 HTTP/1.0" 200 0 "" ""
210.188.220.161 - - [09/Apr/2009:18:50:28 +0900] "GET /wordpress/?p=287 HTTP/1.0" 200 0 "" ""
210.188.220.161 - - [09/Apr/2009:18:50:28 +0900] "POST /wordpress/xmlrpc.php HTTP/1.0" 200 0 "" "The Incutio XML-RPC PHP Library -- WordPress/2.7.1"
210.188.220.161 - - [09/Apr/2009:18:50:30 +0900] "GET /wordpress/?p=294 HTTP/1.0" 200 0 "" ""
210.188.220.161 - - [09/Apr/2009:18:50:31 +0900] "GET /wordpress/?p=287 HTTP/1.0" 200 0 "" ""
119.63.193.35 - - [09/Apr/2009:18:51:54 +0900] "GET /wordpress/?feed=atom HTTP/1.1" 200 0 "" "Baiduspider+(+http://www.baidu.jp/spider/)"
210.188.220.161 - - [09/Apr/2009:18:55:06 +0900] "GET /wordpress/wp-cron.php?check=1e91024afe55c29758a38699a2480175 HTTP/1.0" 200 0 "" ""
66.249.70.90 - - [09/Apr/2009:18:55:28 +0900] "GET /wordpress/?feed=atom HTTP/1.1" 200 0 "" "Mozilla/5.0 (compatible; Googlebot/2.1; +http://www.google.com/bot.html)"
66.249.70.90 - - [09/Apr/2009:18:55:40 +0900] "GET /wordpress/ HTTP/1.1" 200 0 "" "Mozilla/5.0 (compatible; Googlebot/2.1; +http://www.google.com/bot.html)"
116.65.47.143 - - [09/Apr/2009:18:56:26 +0900] "GET /wordpress/?p=294 HTTP/1.1" 200 0 "http://www.elder-alliance.org/wordpress/?s=blog.elder-alliance.org" "Mozilla/5.0 (Windows; U; Windows NT 5.1; ja; rv:1.9.0.8) Gecko/2009032609 Firefox/3.0.8 (.NET CLR 3.5.30729)"
116.65.47.143 - - [09/Apr/2009:18:56:30 +0900] "GET /wordpress/?p=287 HTTP/1.1" 200 0 "http://www.elder-alliance.org/wordpress/?p=294" "Mozilla/5.0 (Windows; U; Windows NT 5.1; ja; rv:1.9.0.8) Gecko/2009032609 Firefox/3.0.8 (.NET CLR 3.5.30729)"
210.188.220.161 - - [09/Apr/2009:18:59:08 +0900] "GET /wordpress/wp-cron.php?check=1e91024afe55c29758a38699a2480175 HTTP/1.0" 200 0 "" ""
210.188.220.161 - - [09/Apr/2009:18:59:51 +0900] "GET /wordpress/wp-cron.php?check=1e91024afe55c29758a38699a2480175 HTTP/1.0" 200 0 "" ""
210.188.220.161 - - [09/Apr/2009:19:00:32 +0900] "GET /wordpress/wp-cron.php?check=1e91024afe55c29758a38699a2480175 HTTP/1.0" 200 0 "" ""
210.188.220.161 - - [09/Apr/2009:19:00:52 +0900] "GET /wordpress/wp-cron.php?check=1e91024afe55c29758a38699a2480175 HTTP/1.0" 200 0 "" ""
116.65.47.143 - - [09/Apr/2009:19:01:07 +0900] "GET /wordpress/?p=287 HTTP/1.1" 200 0 "http://www.elder-alliance.org/wordpress/?p=294" "Mozilla/5.0 (Windows; U; Windows NT 5.1; ja; rv:1.9.0.8) Gecko/2009032609 Firefox/3.0.8 (.NET CLR 3.5.30729)"
116.65.47.143 - - [09/Apr/2009:19:01:36 +0900] "GET /wordpress/?p=299 HTTP/1.1" 200 0 "http://www.elder-alliance.org/wordpress/wp-admin/post.php?action=edit&post=299" "Mozilla/5.0 (Windows; U; Windows NT 5.1; ja; rv:1.9.0.8) Gecko/2009032609 Firefox/3.0.8 (.NET CLR 3.5.30729)"
210.188.220.161 - - [09/Apr/2009:19:01:39 +0900] "GET /wordpress/wp-cron.php?check=1e91024afe55c29758a38699a2480175 HTTP/1.0" 200 0 "" ""
210.188.220.161 - - [09/Apr/2009:19:02:10 +0900] "GET /wordpress/wp-cron.php?check=1e91024afe55c29758a38699a2480175 HTTP/1.0" 200 0 "" ""
210.188.220.161 - - [09/Apr/2009:19:02:11 +0900] "GET /wordpress/?p=299 HTTP/1.0" 200 0 "" ""
210.188.220.161 - - [09/Apr/2009:19:02:11 +0900] "POST /wordpress/xmlrpc.php HTTP/1.0" 200 0 "" "The Incutio XML-RPC PHP Library -- WordPress/2.7.1"
